Archive member included to satisfy reference by file (symbol)

c:/nxp/s32ds_power_v2.1/s32ds/build_tools/powerpc-eabivle-4_9/bin/../lib/gcc/powerpc-eabivle/4.9.4/e200z2\libgcc.a(eabivle.o)
                              ./src/main_Z2_2.o (__eabi)

Discarded input sections

 .text          0x00000000        0x0 c:/nxp/s32ds_power_v2.1/s32ds/build_tools/powerpc-eabivle-4_9/bin/../lib/gcc/powerpc-eabivle/4.9.4/e200z2/ecrti.o
 .data          0x00000000        0x0 c:/nxp/s32ds_power_v2.1/s32ds/build_tools/powerpc-eabivle-4_9/bin/../lib/gcc/powerpc-eabivle/4.9.4/e200z2/ecrti.o
 .bss           0x00000000        0x0 c:/nxp/s32ds_power_v2.1/s32ds/build_tools/powerpc-eabivle-4_9/bin/../lib/gcc/powerpc-eabivle/4.9.4/e200z2/ecrti.o
 .fixup         0x00000000        0x0 c:/nxp/s32ds_power_v2.1/s32ds/build_tools/powerpc-eabivle-4_9/bin/../lib/gcc/powerpc-eabivle/4.9.4/e200z2/ecrti.o
 .sbss          0x00000000        0x0 c:/nxp/s32ds_power_v2.1/s32ds/build_tools/powerpc-eabivle-4_9/bin/../lib/gcc/powerpc-eabivle/4.9.4/e200z2/ecrti.o
 .sbss2         0x00000000        0x0 c:/nxp/s32ds_power_v2.1/s32ds/build_tools/powerpc-eabivle-4_9/bin/../lib/gcc/powerpc-eabivle/4.9.4/e200z2/ecrti.o
 .gcc_except_table
                0x00000000        0x0 c:/nxp/s32ds_power_v2.1/s32ds/build_tools/powerpc-eabivle-4_9/bin/../lib/gcc/powerpc-eabivle/4.9.4/e200z2/ecrti.o
 .data          0x00000000        0x4 c:/nxp/s32ds_power_v2.1/s32ds/build_tools/powerpc-eabivle-4_9/bin/../lib/gcc/powerpc-eabivle/4.9.4/e200z2/crtbegin.o
 .text          0x00000000        0x0 ./Project_Settings/Startup_Code/startup.o
 .data          0x00000000        0x0 ./Project_Settings/Startup_Code/startup.o
 .bss           0x00000000        0x0 ./Project_Settings/Startup_Code/startup.o
 .group         0x00000000        0x8 ./src/MPC57xx__Interrupt_Init.o
 .group         0x00000000        0x8 ./src/MPC57xx__Interrupt_Init.o
 .group         0x00000000        0x8 ./src/MPC57xx__Interrupt_Init.o
 .group         0x00000000        0x8 ./src/MPC57xx__Interrupt_Init.o
 .group         0x00000000        0x8 ./src/MPC57xx__Interrupt_Init.o
 .group         0x00000000        0x8 ./src/MPC57xx__Interrupt_Init.o
 .group         0x00000000        0x8 ./src/MPC57xx__Interrupt_Init.o
 .group         0x00000000        0x8 ./src/MPC57xx__Interrupt_Init.o
 .group         0x00000000        0x8 ./src/MPC57xx__Interrupt_Init.o
 .group         0x00000000        0x8 ./src/MPC57xx__Interrupt_Init.o
 .group         0x00000000        0x8 ./src/MPC57xx__Interrupt_Init.o
 .group         0x00000000        0x8 ./src/MPC57xx__Interrupt_Init.o
 .group         0x00000000        0x8 ./src/MPC57xx__Interrupt_Init.o
 .group         0x00000000        0x8 ./src/MPC57xx__Interrupt_Init.o
 .text          0x00000000        0x0 ./src/MPC57xx__Interrupt_Init.o
 .data          0x00000000        0x0 ./src/MPC57xx__Interrupt_Init.o
 .bss           0x00000000        0x0 ./src/MPC57xx__Interrupt_Init.o
 .group         0x00000000        0x8 ./src/Vector.o
 .group         0x00000000        0x8 ./src/Vector.o
 .group         0x00000000        0x8 ./src/Vector.o
 .group         0x00000000        0x8 ./src/Vector.o
 .group         0x00000000        0x8 ./src/Vector.o
 .text          0x00000000        0x0 ./src/Vector.o
 .data          0x00000000        0x0 ./src/Vector.o
 .bss           0x00000000        0x0 ./src/Vector.o
 .debug_macro   0x00000000      0x55c ./src/Vector.o
 .debug_macro   0x00000000       0x52 ./src/Vector.o
 .debug_macro   0x00000000       0xa0 ./src/Vector.o
 .debug_macro   0x00000000       0x16 ./src/Vector.o
 .debug_macro   0x00000000       0x2e ./src/Vector.o
 .group         0x00000000        0x8 ./src/intc_SW_mode_isr_vectors_MPC5748G.o
 .group         0x00000000        0x8 ./src/intc_SW_mode_isr_vectors_MPC5748G.o
 .group         0x00000000        0x8 ./src/intc_SW_mode_isr_vectors_MPC5748G.o
 .group         0x00000000        0x8 ./src/intc_SW_mode_isr_vectors_MPC5748G.o
 .group         0x00000000        0x8 ./src/intc_SW_mode_isr_vectors_MPC5748G.o
 .group         0x00000000        0x8 ./src/intc_SW_mode_isr_vectors_MPC5748G.o
 .group         0x00000000        0x8 ./src/intc_SW_mode_isr_vectors_MPC5748G.o
 .group         0x00000000        0x8 ./src/intc_SW_mode_isr_vectors_MPC5748G.o
 .group         0x00000000        0x8 ./src/intc_SW_mode_isr_vectors_MPC5748G.o
 .group         0x00000000        0x8 ./src/intc_SW_mode_isr_vectors_MPC5748G.o
 .group         0x00000000        0x8 ./src/intc_SW_mode_isr_vectors_MPC5748G.o
 .group         0x00000000        0x8 ./src/intc_SW_mode_isr_vectors_MPC5748G.o
 .text          0x00000000        0x0 ./src/intc_SW_mode_isr_vectors_MPC5748G.o
 .data          0x00000000        0x0 ./src/intc_SW_mode_isr_vectors_MPC5748G.o
 .bss           0x00000000        0x0 ./src/intc_SW_mode_isr_vectors_MPC5748G.o
 .debug_macro   0x00000000      0x55c ./src/intc_SW_mode_isr_vectors_MPC5748G.o
 .debug_macro   0x00000000       0x52 ./src/intc_SW_mode_isr_vectors_MPC5748G.o
 .debug_macro   0x00000000       0xa0 ./src/intc_SW_mode_isr_vectors_MPC5748G.o
 .debug_macro   0x00000000       0x16 ./src/intc_SW_mode_isr_vectors_MPC5748G.o
 .debug_macro   0x00000000       0x5e ./src/intc_SW_mode_isr_vectors_MPC5748G.o
 .debug_macro   0x00000000      0x1aa ./src/intc_SW_mode_isr_vectors_MPC5748G.o
 .debug_macro   0x00000000      0x13a ./src/intc_SW_mode_isr_vectors_MPC5748G.o
 .debug_macro   0x00000000       0x9d ./src/intc_SW_mode_isr_vectors_MPC5748G.o
 .debug_macro   0x00000000       0x10 ./src/intc_SW_mode_isr_vectors_MPC5748G.o
 .debug_macro   0x00000000      0x15b ./src/intc_SW_mode_isr_vectors_MPC5748G.o
 .debug_macro   0x00000000       0x28 ./src/intc_SW_mode_isr_vectors_MPC5748G.o
 .debug_macro   0x00000000       0x58 ./src/intc_SW_mode_isr_vectors_MPC5748G.o
 .data          0x00000000        0x0 ./src/intc_sw_handlers.o
 .bss           0x00000000        0x0 ./src/intc_sw_handlers.o
 .group         0x00000000        0x8 ./src/main_Z2_2.o
 .group         0x00000000        0x8 ./src/main_Z2_2.o
 .group         0x00000000        0x8 ./src/main_Z2_2.o
 .group         0x00000000        0x8 ./src/main_Z2_2.o
 .group         0x00000000        0x8 ./src/main_Z2_2.o
 .group         0x00000000        0x8 ./src/main_Z2_2.o
 .group         0x00000000        0x8 ./src/main_Z2_2.o
 .group         0x00000000        0x8 ./src/main_Z2_2.o
 .group         0x00000000        0x8 ./src/main_Z2_2.o
 .group         0x00000000        0x8 ./src/main_Z2_2.o
 .group         0x00000000        0x8 ./src/main_Z2_2.o
 .group         0x00000000        0x8 ./src/main_Z2_2.o
 .group         0x00000000        0x8 ./src/main_Z2_2.o
 .text          0x00000000        0x0 ./src/main_Z2_2.o
 .data          0x00000000        0x0 ./src/main_Z2_2.o
 .bss           0x00000000        0x0 ./src/main_Z2_2.o
 .debug_macro   0x00000000      0x55c ./src/main_Z2_2.o
 .debug_macro   0x00000000       0x52 ./src/main_Z2_2.o
 .debug_macro   0x00000000       0xa0 ./src/main_Z2_2.o
 .debug_macro   0x00000000       0x16 ./src/main_Z2_2.o
 .debug_macro   0x00000000       0x5e ./src/main_Z2_2.o
 .debug_macro   0x00000000      0x1aa ./src/main_Z2_2.o
 .debug_macro   0x00000000      0x13a ./src/main_Z2_2.o
 .debug_macro   0x00000000       0x9d ./src/main_Z2_2.o
 .debug_macro   0x00000000       0x10 ./src/main_Z2_2.o
 .debug_macro   0x00000000      0x15b ./src/main_Z2_2.o
 .debug_macro   0x00000000       0x28 ./src/main_Z2_2.o
 .debug_macro   0x00000000       0x58 ./src/main_Z2_2.o
 .debug_macro   0x00000000    0x1812c ./src/main_Z2_2.o
 .bss           0x00000000        0x0 c:/nxp/s32ds_power_v2.1/s32ds/build_tools/powerpc-eabivle-4_9/bin/../lib/gcc/powerpc-eabivle/4.9.4/e200z2\libgcc.a(eabivle.o)
 .data          0x00000000        0x0 c:/nxp/s32ds_power_v2.1/s32ds/build_tools/powerpc-eabivle-4_9/bin/../lib/gcc/powerpc-eabivle/4.9.4/e200z2/crtend.o
 .bss           0x00000000        0x0 c:/nxp/s32ds_power_v2.1/s32ds/build_tools/powerpc-eabivle-4_9/bin/../lib/gcc/powerpc-eabivle/4.9.4/e200z2/crtend.o
 .jcr           0x00000000        0x4 c:/nxp/s32ds_power_v2.1/s32ds/build_tools/powerpc-eabivle-4_9/bin/../lib/gcc/powerpc-eabivle/4.9.4/e200z2/crtend.o
 .text          0x00000000        0x0 c:/nxp/s32ds_power_v2.1/s32ds/build_tools/powerpc-eabivle-4_9/bin/../lib/gcc/powerpc-eabivle/4.9.4/e200z2/ecrtn.o
 .data          0x00000000        0x0 c:/nxp/s32ds_power_v2.1/s32ds/build_tools/powerpc-eabivle-4_9/bin/../lib/gcc/powerpc-eabivle/4.9.4/e200z2/ecrtn.o
 .bss           0x00000000        0x0 c:/nxp/s32ds_power_v2.1/s32ds/build_tools/powerpc-eabivle-4_9/bin/../lib/gcc/powerpc-eabivle/4.9.4/e200z2/ecrtn.o
 .fixup         0x00000000        0x0 c:/nxp/s32ds_power_v2.1/s32ds/build_tools/powerpc-eabivle-4_9/bin/../lib/gcc/powerpc-eabivle/4.9.4/e200z2/ecrtn.o
 .sdata         0x00000000        0x0 c:/nxp/s32ds_power_v2.1/s32ds/build_tools/powerpc-eabivle-4_9/bin/../lib/gcc/powerpc-eabivle/4.9.4/e200z2/ecrtn.o
 .sdata2        0x00000000        0x0 c:/nxp/s32ds_power_v2.1/s32ds/build_tools/powerpc-eabivle-4_9/bin/../lib/gcc/powerpc-eabivle/4.9.4/e200z2/ecrtn.o
 .gcc_except_table
                0x00000000        0x0 c:/nxp/s32ds_power_v2.1/s32ds/build_tools/powerpc-eabivle-4_9/bin/../lib/gcc/powerpc-eabivle/4.9.4/e200z2/ecrtn.o

Memory Configuration

Name             Origin             Length             Attributes
flash_rchw       0x00fa0000         0x00000004
cpu0_reset_vec   0x00fa0010         0x00000004
cpu1_reset_vec   0x00fa0014         0x00000004
cpu2_reset_vec   0x00fa0004         0x00000004
m_text           0x013a0000         0x001d0000
m_data           0x40080000         0x00040000
*default*        0x00000000         0xffffffff

Linker script and memory map

LOAD c:/nxp/s32ds_power_v2.1/s32ds/build_tools/powerpc-eabivle-4_9/bin/../lib/gcc/powerpc-eabivle/4.9.4/e200z2/ecrti.o
LOAD c:/nxp/s32ds_power_v2.1/s32ds/build_tools/powerpc-eabivle-4_9/bin/../lib/gcc/powerpc-eabivle/4.9.4/e200z2/crtbegin.o
LOAD ./Project_Settings/Startup_Code/startup.o
LOAD ./src/MPC57xx__Interrupt_Init.o
LOAD ./src/Vector.o
LOAD ./src/intc_SW_mode_isr_vectors_MPC5748G.o
LOAD ./src/intc_sw_handlers.o
LOAD ./src/main_Z2_2.o
START GROUP
LOAD C:/NXP/S32DS_Power_v2.1/S32DS/build_tools/e200_ewl2/lib/e200z2\libc99.a
LOAD C:/NXP/S32DS_Power_v2.1/S32DS/build_tools/e200_ewl2/lib/e200z2\libm.a
LOAD c:/nxp/s32ds_power_v2.1/s32ds/build_tools/powerpc-eabivle-4_9/bin/../lib/gcc/powerpc-eabivle/4.9.4/e200z2\libgcc.a
LOAD C:/NXP/S32DS_Power_v2.1/S32DS/build_tools/e200_ewl2/lib/e200z2\librt.a
END GROUP
LOAD c:/nxp/s32ds_power_v2.1/s32ds/build_tools/powerpc-eabivle-4_9/bin/../lib/gcc/powerpc-eabivle/4.9.4/e200z2/crtend.o
LOAD c:/nxp/s32ds_power_v2.1/s32ds/build_tools/powerpc-eabivle-4_9/bin/../lib/gcc/powerpc-eabivle/4.9.4/e200z2/ecrtn.o
                0x00000000                __HEAP_SIZE = 0x0
                0x00001000                __STACK_SIZE = 0x1000
                0x00040000                SRAM_SIZE = 0x40000
                0x40080000                SRAM_BASE_ADDR = 0x40080000

.rchw
 *(.rchw)

.cpu0_reset_vector
 *(.cpu0_reset_vector)

.cpu1_reset_vector
 *(.cpu1_reset_vector)

.cpu2_reset_vector
 *(.cpu2_reset_vector)

.startup        0x013a0000      0x1ee
                0x013a0000                __start = .
 *(.startup)
 .startup       0x013a0000      0x1ee ./Project_Settings/Startup_Code/startup.o
                0x013a0000                _start
                0x013a01ea                _fini

.core_exceptions_table
                0x013a1000       0xf4
                0x013a1000                __IVPR_VALUE = .
 *(.core_exceptions_table)
 .core_exceptions_table
                0x013a1000       0xf4 ./src/Vector.o
                0x013a1000                VTABLE
                0x013a1000                IVOR0_Vector
                0x013a1010                IVOR1_Vector
                0x013a1020                IVOR2_Vector
                0x013a1030                IVOR3_Vector
                0x013a1040                IVOR4_Vector
                0x013a1050                IVOR5_Vector
                0x013a1060                IVOR6_Vector
                0x013a1070                IVOR7_Vector
                0x013a1080                IVOR8_Vector
                0x013a1090                IVOR9_Vector
                0x013a10a0                IVOR10_Vector
                0x013a10b0                IVOR11_Vector
                0x013a10c0                IVOR12_Vector
                0x013a10d0                IVOR13_Vector
                0x013a10e0                IVOR14_Vector
                0x013a10f0                IVOR15_Vector

.intc_vector_table
                0x013a2000      0xbc8
 *(.intc_vector_table)
 .intc_vector_table
                0x013a2000      0xbc8 ./src/intc_SW_mode_isr_vectors_MPC5748G.o
                0x013a2000                IntcIsrVectorTable

.text           0x013a2bd0      0x430
 *(.text.startup)
 *(.text)
 .text          0x013a2bd0      0x16c c:/nxp/s32ds_power_v2.1/s32ds/build_tools/powerpc-eabivle-4_9/bin/../lib/gcc/powerpc-eabivle/4.9.4/e200z2/crtbegin.o
 *fill*         0x013a2d3c        0x4 
 .text          0x013a2d40       0x48 ./src/intc_sw_handlers.o
                0x013a2d40                IVOR4_Handler
 .text          0x013a2d88       0x4a c:/nxp/s32ds_power_v2.1/s32ds/build_tools/powerpc-eabivle-4_9/bin/../lib/gcc/powerpc-eabivle/4.9.4/e200z2\libgcc.a(eabivle.o)
                0x013a2d88                __eabi
 *fill*         0x013a2dd2        0x2 
 .text          0x013a2dd4       0x48 c:/nxp/s32ds_power_v2.1/s32ds/build_tools/powerpc-eabivle-4_9/bin/../lib/gcc/powerpc-eabivle/4.9.4/e200z2/crtend.o
 *(.text.*)
 .text.SetIVPR  0x013a2e1c       0x1a ./src/MPC57xx__Interrupt_Init.o
                0x013a2e1c                SetIVPR
 *fill*         0x013a2e36        0x2 
 .text.InitINTC
                0x013a2e38       0x54 ./src/MPC57xx__Interrupt_Init.o
                0x013a2e38                InitINTC
 .text.enableIrq
                0x013a2e8c       0x36 ./src/MPC57xx__Interrupt_Init.o
                0x013a2e8c                enableIrq
 *fill*         0x013a2ec2        0x2 
 .text.xcptn_xmpl
                0x013a2ec4       0x34 ./src/MPC57xx__Interrupt_Init.o
                0x013a2ec4                xcptn_xmpl
 .text.dummy    0x013a2ef8        0xc ./src/intc_SW_mode_isr_vectors_MPC5748G.o
                0x013a2ef8                dummy
 .text.delay    0x013a2f04       0x3e ./src/main_Z2_2.o
                0x013a2f04                delay
 *fill*         0x013a2f42        0x2 
 .text.main     0x013a2f44       0x72 ./src/main_Z2_2.o
                0x013a2f44                main
 *(.init)
 *fill*         0x013a2fb6        0x2 
 .init          0x013a2fb8        0xc c:/nxp/s32ds_power_v2.1/s32ds/build_tools/powerpc-eabivle-4_9/bin/../lib/gcc/powerpc-eabivle/4.9.4/e200z2/ecrti.o
                0x013a2fb8                __init
 .init          0x013a2fc4        0x4 c:/nxp/s32ds_power_v2.1/s32ds/build_tools/powerpc-eabivle-4_9/bin/../lib/gcc/powerpc-eabivle/4.9.4/e200z2/crtbegin.o
 .init          0x013a2fc8        0x4 c:/nxp/s32ds_power_v2.1/s32ds/build_tools/powerpc-eabivle-4_9/bin/../lib/gcc/powerpc-eabivle/4.9.4/e200z2/crtend.o
 .init          0x013a2fcc        0xa c:/nxp/s32ds_power_v2.1/s32ds/build_tools/powerpc-eabivle-4_9/bin/../lib/gcc/powerpc-eabivle/4.9.4/e200z2/ecrtn.o
 *(.fini)
 *fill*         0x013a2fd6        0x2 
 .fini          0x013a2fd8        0xc c:/nxp/s32ds_power_v2.1/s32ds/build_tools/powerpc-eabivle-4_9/bin/../lib/gcc/powerpc-eabivle/4.9.4/e200z2/ecrti.o
                0x013a2fd8                __fini
 .fini          0x013a2fe4        0x4 c:/nxp/s32ds_power_v2.1/s32ds/build_tools/powerpc-eabivle-4_9/bin/../lib/gcc/powerpc-eabivle/4.9.4/e200z2/crtbegin.o
 .fini          0x013a2fe8        0xa c:/nxp/s32ds_power_v2.1/s32ds/build_tools/powerpc-eabivle-4_9/bin/../lib/gcc/powerpc-eabivle/4.9.4/e200z2/ecrtn.o
                0x013a3000                . = ALIGN (0x10)
 *fill*         0x013a2ff2        0xe 

.glink          0x013a3000        0x0
 .glink         0x013a3000        0x0 c:/nxp/s32ds_power_v2.1/s32ds/build_tools/powerpc-eabivle-4_9/bin/../lib/gcc/powerpc-eabivle/4.9.4/e200z2/crtbegin.o

.ctors          0x013a3000        0x8
                0x013a3000                __CTOR_LIST__ = .
 *crtbegin.o(.ctors)
 .ctors         0x013a3000        0x4 c:/nxp/s32ds_power_v2.1/s32ds/build_tools/powerpc-eabivle-4_9/bin/../lib/gcc/powerpc-eabivle/4.9.4/e200z2/crtbegin.o
 *crtbegin?.o(.ctors)
 *(EXCLUDE_FILE(*crtend.o *crtend?.o) .ctors)
 .ctors         0x013a3004        0x0 c:/nxp/s32ds_power_v2.1/s32ds/build_tools/powerpc-eabivle-4_9/bin/../lib/gcc/powerpc-eabivle/4.9.4/e200z2/ecrti.o
 .ctors         0x013a3004        0x0 c:/nxp/s32ds_power_v2.1/s32ds/build_tools/powerpc-eabivle-4_9/bin/../lib/gcc/powerpc-eabivle/4.9.4/e200z2/ecrtn.o
 *(SORT(.ctors.*))
 *(.ctors)
 .ctors         0x013a3004        0x4 c:/nxp/s32ds_power_v2.1/s32ds/build_tools/powerpc-eabivle-4_9/bin/../lib/gcc/powerpc-eabivle/4.9.4/e200z2/crtend.o
                0x013a3008                __CTOR_END__ = .

.dtors          0x013a3008        0x8
                0x013a3008                __DTOR_LIST__ = .
 *crtbegin.o(.dtors)
 .dtors         0x013a3008        0x4 c:/nxp/s32ds_power_v2.1/s32ds/build_tools/powerpc-eabivle-4_9/bin/../lib/gcc/powerpc-eabivle/4.9.4/e200z2/crtbegin.o
 *crtbegin?.o(.dtors)
 *(EXCLUDE_FILE(*crtend.o *crtend?.o) .dtors)
 .dtors         0x013a300c        0x0 c:/nxp/s32ds_power_v2.1/s32ds/build_tools/powerpc-eabivle-4_9/bin/../lib/gcc/powerpc-eabivle/4.9.4/e200z2/ecrti.o
 .dtors         0x013a300c        0x0 c:/nxp/s32ds_power_v2.1/s32ds/build_tools/powerpc-eabivle-4_9/bin/../lib/gcc/powerpc-eabivle/4.9.4/e200z2/ecrtn.o
 *(SORT(.dtors.*))
 *(.dtors)
 .dtors         0x013a300c        0x4 c:/nxp/s32ds_power_v2.1/s32ds/build_tools/powerpc-eabivle-4_9/bin/../lib/gcc/powerpc-eabivle/4.9.4/e200z2/crtend.o
                0x013a3010                __DTOR_END__ = .

.preinit_array  0x013a3010        0x0
                [!provide]                PROVIDE (__preinit_array_start, .)
 *(.preinit_array*)
                [!provide]                PROVIDE (__preinit_array_end, .)

.init_array     0x013a3010        0x0
                [!provide]                PROVIDE (__init_array_start, .)
 *(SORT(.init_array.*))
 *(.init_array*)
                [!provide]                PROVIDE (__init_array_end, .)

.fini_array     0x013a3010        0x0
                [!provide]                PROVIDE (__fini_array_start, .)
 *(SORT(.fini_array.*))
 *(.fini_array*)
                [!provide]                PROVIDE (__fini_array_end, .)

.rodata
 *(.rodata)
 *(.rodata.*)
 *(.got1)

.eh_frame_hdr
 *(.eh_frame_hdr)

.eh_frame       0x013a3010        0x8
 *(.eh_frame)
 .eh_frame      0x013a3010        0x0 c:/nxp/s32ds_power_v2.1/s32ds/build_tools/powerpc-eabivle-4_9/bin/../lib/gcc/powerpc-eabivle/4.9.4/e200z2/ecrti.o
                0x013a3010                __EH_FRAME_BEGIN__
 .eh_frame      0x013a3010        0x0 c:/nxp/s32ds_power_v2.1/s32ds/build_tools/powerpc-eabivle-4_9/bin/../lib/gcc/powerpc-eabivle/4.9.4/e200z2/crtbegin.o
 .eh_frame      0x013a3010        0x0 c:/nxp/s32ds_power_v2.1/s32ds/build_tools/powerpc-eabivle-4_9/bin/../lib/gcc/powerpc-eabivle/4.9.4/e200z2/crtbegin.o
 .eh_frame      0x013a3010        0x4 c:/nxp/s32ds_power_v2.1/s32ds/build_tools/powerpc-eabivle-4_9/bin/../lib/gcc/powerpc-eabivle/4.9.4/e200z2/crtend.o
 .eh_frame      0x013a3014        0x4 c:/nxp/s32ds_power_v2.1/s32ds/build_tools/powerpc-eabivle-4_9/bin/../lib/gcc/powerpc-eabivle/4.9.4/e200z2/ecrtn.o
                0x013a3014                __EH_FRAME_END__

.data           0x40080000       0x20 load address 0x013a3018
 *(.data)
 .data          0x40080000        0x4 c:/nxp/s32ds_power_v2.1/s32ds/build_tools/powerpc-eabivle-4_9/bin/../lib/gcc/powerpc-eabivle/4.9.4/e200z2\libgcc.a(eabivle.o)
 *(.data.*)
 *(.got.plt)
 *(.got)
 *(.got2)
 .got2          0x40080004       0x1c c:/nxp/s32ds_power_v2.1/s32ds/build_tools/powerpc-eabivle-4_9/bin/../lib/gcc/powerpc-eabivle/4.9.4/e200z2\libgcc.a(eabivle.o)
 *(.dynamic)
 *(.fixup)
                0x40080020                . = ALIGN (0x4)

.jcr            0x40080020        0x0 load address 0x013a3038
 .jcr           0x40080020        0x0 c:/nxp/s32ds_power_v2.1/s32ds/build_tools/powerpc-eabivle-4_9/bin/../lib/gcc/powerpc-eabivle/4.9.4/e200z2/crtbegin.o

.tm_clone_table
                0x40080020        0x0 load address 0x013a3038
 .tm_clone_table
                0x40080020        0x0 c:/nxp/s32ds_power_v2.1/s32ds/build_tools/powerpc-eabivle-4_9/bin/../lib/gcc/powerpc-eabivle/4.9.4/e200z2/crtbegin.o
 .tm_clone_table
                0x40080020        0x0 c:/nxp/s32ds_power_v2.1/s32ds/build_tools/powerpc-eabivle-4_9/bin/../lib/gcc/powerpc-eabivle/4.9.4/e200z2/crtend.o

.sdata2         0x40080020        0x0 load address 0x013a3038
 *(.sdata2)
 .sdata2        0x40080020        0x0 c:/nxp/s32ds_power_v2.1/s32ds/build_tools/powerpc-eabivle-4_9/bin/../lib/gcc/powerpc-eabivle/4.9.4/e200z2/ecrti.o
 .sdata2        0x40080020        0x0 c:/nxp/s32ds_power_v2.1/s32ds/build_tools/powerpc-eabivle-4_9/bin/../lib/gcc/powerpc-eabivle/4.9.4/e200z2/crtbegin.o
 *(.sdata2.*)

.sbss2          0x40080020        0x0 load address 0x013a3038
 *(.sbss2)
 .sbss2         0x40080020        0x0 c:/nxp/s32ds_power_v2.1/s32ds/build_tools/powerpc-eabivle-4_9/bin/../lib/gcc/powerpc-eabivle/4.9.4/e200z2/ecrtn.o
 *(.sbss2.*)

.rela.dyn       0x40080020        0x0 load address 0x013a3038
 .rela.iplt     0x40080020        0x0 c:/nxp/s32ds_power_v2.1/s32ds/build_tools/powerpc-eabivle-4_9/bin/../lib/gcc/powerpc-eabivle/4.9.4/e200z2/crtbegin.o
 .rela.text     0x40080020        0x0 c:/nxp/s32ds_power_v2.1/s32ds/build_tools/powerpc-eabivle-4_9/bin/../lib/gcc/powerpc-eabivle/4.9.4/e200z2/crtbegin.o
 .rela.text.InitINTC
                0x40080020        0x0 c:/nxp/s32ds_power_v2.1/s32ds/build_tools/powerpc-eabivle-4_9/bin/../lib/gcc/powerpc-eabivle/4.9.4/e200z2/crtbegin.o
 .rela.text.xcptn_xmpl
                0x40080020        0x0 c:/nxp/s32ds_power_v2.1/s32ds/build_tools/powerpc-eabivle-4_9/bin/../lib/gcc/powerpc-eabivle/4.9.4/e200z2/crtbegin.o
 .rela.got2     0x40080020        0x0 c:/nxp/s32ds_power_v2.1/s32ds/build_tools/powerpc-eabivle-4_9/bin/../lib/gcc/powerpc-eabivle/4.9.4/e200z2/crtbegin.o

.sdata          0x40080020        0x0 load address 0x013a3038
 *(.sdata)
 .sdata         0x40080020        0x0 c:/nxp/s32ds_power_v2.1/s32ds/build_tools/powerpc-eabivle-4_9/bin/../lib/gcc/powerpc-eabivle/4.9.4/e200z2/ecrti.o
 .sdata         0x40080020        0x0 c:/nxp/s32ds_power_v2.1/s32ds/build_tools/powerpc-eabivle-4_9/bin/../lib/gcc/powerpc-eabivle/4.9.4/e200z2/crtbegin.o
 *(.sdata.*)

.bss            0x40080020       0x20 load address 0x013a3038
                0x40080020                __BSS_START = .
 *(.sbss)
 .sbss          0x40080020        0x0 c:/nxp/s32ds_power_v2.1/s32ds/build_tools/powerpc-eabivle-4_9/bin/../lib/gcc/powerpc-eabivle/4.9.4/e200z2/ecrtn.o
                0x40080020                __SBSS_END__
 *(.sbss.*)
 *(.bss)
 .bss           0x40080020       0x20 c:/nxp/s32ds_power_v2.1/s32ds/build_tools/powerpc-eabivle-4_9/bin/../lib/gcc/powerpc-eabivle/4.9.4/e200z2/crtbegin.o
 *(.bss.*)
 *(COMMON)
                0x40080040                __BSS_END = .

.iplt           0x40080040        0x0 load address 0x013a3038
 .iplt          0x40080040        0x0 c:/nxp/s32ds_power_v2.1/s32ds/build_tools/powerpc-eabivle-4_9/bin/../lib/gcc/powerpc-eabivle/4.9.4/e200z2/crtbegin.o

.stack          0x40080040     0x1004 load address 0x013a3040
                0x40080040                __HEAP = .
                [!provide]                PROVIDE (_end, .)
                [!provide]                PROVIDE (end, .)
                0x40080040                . = (. + __HEAP_SIZE)
                0x40080040                __HEAP_END = .
                0x40080040                _stack_end = .
                0x40081040                . = (. + __STACK_SIZE)
 *fill*         0x40080040     0x1000 
                0x40081040                _stack_addr = .
                0x40081040                __SP_INIT = .
                0x40081044                . = (. + 0x4)
 *fill*         0x40081040        0x4 
                0x40080000                __DATA_SRAM_ADDR = ADDR (.data)
                0x40080020                __SDATA_SRAM_ADDR = ADDR (.sdata)
                0x00000020                __DATA_SIZE = SIZEOF (.data)
                0x00000000                __SDATA_SIZE = SIZEOF (.sdata)
                0x013a3018                __DATA_ROM_ADDR = LOADADDR (.data)
                0x013a3038                __SDATA_ROM_ADDR = LOADADDR (.sdata)
                0x00040000                __SRAM_SIZE = SRAM_SIZE
                0x40080000                __SRAM_BASE_ADDR = SRAM_BASE_ADDR
                0x00000020                __BSS_SIZE = (__BSS_END - __BSS_START)
OUTPUT(SIUL2_CodeExample_Z2_2.elf elf32-powerpc)

.comment        0x00000000       0x9c
 .comment       0x00000000        0xd c:/nxp/s32ds_power_v2.1/s32ds/build_tools/powerpc-eabivle-4_9/bin/../lib/gcc/powerpc-eabivle/4.9.4/e200z2/ecrti.o
                                  0xe (size before relaxing)
 .comment       0x0000000d       0x82 c:/nxp/s32ds_power_v2.1/s32ds/build_tools/powerpc-eabivle-4_9/bin/../lib/gcc/powerpc-eabivle/4.9.4/e200z2/crtbegin.o
                                 0x83 (size before relaxing)
 .comment       0x0000008f       0x83 ./src/MPC57xx__Interrupt_Init.o
 .comment       0x0000008f       0x83 ./src/Vector.o
 .comment       0x0000008f       0x83 ./src/intc_SW_mode_isr_vectors_MPC5748G.o
 .comment       0x0000008f       0x83 ./src/main_Z2_2.o
 .comment       0x0000008f       0x83 c:/nxp/s32ds_power_v2.1/s32ds/build_tools/powerpc-eabivle-4_9/bin/../lib/gcc/powerpc-eabivle/4.9.4/e200z2/crtend.o
 .comment       0x0000008f        0xd c:/nxp/s32ds_power_v2.1/s32ds/build_tools/powerpc-eabivle-4_9/bin/../lib/gcc/powerpc-eabivle/4.9.4/e200z2/ecrtn.o
                                  0xe (size before relaxing)

.PPC.EMB.apuinfo
                0x00000000       0x18
 .PPC.EMB.apuinfo
                0x00000000       0x18 c:/nxp/s32ds_power_v2.1/s32ds/build_tools/powerpc-eabivle-4_9/bin/../lib/gcc/powerpc-eabivle/4.9.4/e200z2/ecrti.o
 .PPC.EMB.apuinfo
                0x00000018       0x18 c:/nxp/s32ds_power_v2.1/s32ds/build_tools/powerpc-eabivle-4_9/bin/../lib/gcc/powerpc-eabivle/4.9.4/e200z2/crtbegin.o
 .PPC.EMB.apuinfo
                0x00000030       0x18 ./Project_Settings/Startup_Code/startup.o
 .PPC.EMB.apuinfo
                0x00000048       0x18 ./src/MPC57xx__Interrupt_Init.o
 .PPC.EMB.apuinfo
                0x00000060       0x18 ./src/Vector.o
 .PPC.EMB.apuinfo
                0x00000078       0x18 ./src/intc_SW_mode_isr_vectors_MPC5748G.o
 .PPC.EMB.apuinfo
                0x00000090       0x18 ./src/intc_sw_handlers.o
 .PPC.EMB.apuinfo
                0x000000a8       0x18 ./src/main_Z2_2.o
 .PPC.EMB.apuinfo
                0x000000c0       0x18 c:/nxp/s32ds_power_v2.1/s32ds/build_tools/powerpc-eabivle-4_9/bin/../lib/gcc/powerpc-eabivle/4.9.4/e200z2\libgcc.a(eabivle.o)
 .PPC.EMB.apuinfo
                0x000000d8       0x18 c:/nxp/s32ds_power_v2.1/s32ds/build_tools/powerpc-eabivle-4_9/bin/../lib/gcc/powerpc-eabivle/4.9.4/e200z2/crtend.o
 .PPC.EMB.apuinfo
                0x000000f0       0x18 c:/nxp/s32ds_power_v2.1/s32ds/build_tools/powerpc-eabivle-4_9/bin/../lib/gcc/powerpc-eabivle/4.9.4/e200z2/ecrtn.o

.debug_line     0x00000000      0x8e4
 .debug_line    0x00000000       0xda ./Project_Settings/Startup_Code/startup.o
 .debug_line    0x000000da      0x26a ./src/MPC57xx__Interrupt_Init.o
 .debug_line    0x00000344      0x104 ./src/Vector.o
 .debug_line    0x00000448      0x206 ./src/intc_SW_mode_isr_vectors_MPC5748G.o
 .debug_line    0x0000064e       0x5d ./src/intc_sw_handlers.o
 .debug_line    0x000006ab      0x239 ./src/main_Z2_2.o

.debug_info     0x00000000     0x1de4
 .debug_info    0x00000000       0x99 ./Project_Settings/Startup_Code/startup.o
 .debug_info    0x00000099      0x600 ./src/MPC57xx__Interrupt_Init.o
 .debug_info    0x00000699       0x21 ./src/Vector.o
 .debug_info    0x000006ba       0xb4 ./src/intc_SW_mode_isr_vectors_MPC5748G.o
 .debug_info    0x0000076e       0x88 ./src/intc_sw_handlers.o
 .debug_info    0x000007f6     0x15ee ./src/main_Z2_2.o

.debug_abbrev   0x00000000      0x353
 .debug_abbrev  0x00000000       0x14 ./Project_Settings/Startup_Code/startup.o
 .debug_abbrev  0x00000014      0x15f ./src/MPC57xx__Interrupt_Init.o
 .debug_abbrev  0x00000173       0x13 ./src/Vector.o
 .debug_abbrev  0x00000186       0x7c ./src/intc_SW_mode_isr_vectors_MPC5748G.o
 .debug_abbrev  0x00000202       0x14 ./src/intc_sw_handlers.o
 .debug_abbrev  0x00000216      0x13d ./src/main_Z2_2.o

.debug_aranges  0x00000000       0xd8
 .debug_aranges
                0x00000000       0x20 ./Project_Settings/Startup_Code/startup.o
 .debug_aranges
                0x00000020       0x38 ./src/MPC57xx__Interrupt_Init.o
 .debug_aranges
                0x00000058       0x18 ./src/Vector.o
 .debug_aranges
                0x00000070       0x20 ./src/intc_SW_mode_isr_vectors_MPC5748G.o
 .debug_aranges
                0x00000090       0x20 ./src/intc_sw_handlers.o
 .debug_aranges
                0x000000b0       0x28 ./src/main_Z2_2.o

.debug_ranges   0x00000000       0x50
 .debug_ranges  0x00000000       0x28 ./src/MPC57xx__Interrupt_Init.o
 .debug_ranges  0x00000028       0x10 ./src/intc_SW_mode_isr_vectors_MPC5748G.o
 .debug_ranges  0x00000038       0x18 ./src/main_Z2_2.o

.debug_macro    0x00000000    0x18fe7
 .debug_macro   0x00000000       0xc9 ./src/MPC57xx__Interrupt_Init.o
 .debug_macro   0x000000c9      0x55c ./src/MPC57xx__Interrupt_Init.o
 .debug_macro   0x00000625       0x52 ./src/MPC57xx__Interrupt_Init.o
 .debug_macro   0x00000677       0xa0 ./src/MPC57xx__Interrupt_Init.o
 .debug_macro   0x00000717       0x16 ./src/MPC57xx__Interrupt_Init.o
 .debug_macro   0x0000072d       0x5e ./src/MPC57xx__Interrupt_Init.o
 .debug_macro   0x0000078b      0x1aa ./src/MPC57xx__Interrupt_Init.o
 .debug_macro   0x00000935      0x13a ./src/MPC57xx__Interrupt_Init.o
 .debug_macro   0x00000a6f       0x9d ./src/MPC57xx__Interrupt_Init.o
 .debug_macro   0x00000b0c       0x10 ./src/MPC57xx__Interrupt_Init.o
 .debug_macro   0x00000b1c      0x15b ./src/MPC57xx__Interrupt_Init.o
 .debug_macro   0x00000c77       0x28 ./src/MPC57xx__Interrupt_Init.o
 .debug_macro   0x00000c9f       0x58 ./src/MPC57xx__Interrupt_Init.o
 .debug_macro   0x00000cf7    0x1812c ./src/MPC57xx__Interrupt_Init.o
 .debug_macro   0x00018e23       0x2e ./src/MPC57xx__Interrupt_Init.o
 .debug_macro   0x00018e51       0x41 ./src/Vector.o
 .debug_macro   0x00018e92       0xa1 ./src/intc_SW_mode_isr_vectors_MPC5748G.o
 .debug_macro   0x00018f33       0xb4 ./src/main_Z2_2.o

.debug_str      0x00000000    0x6c601
 .debug_str     0x00000000    0x6bbf0 ./src/MPC57xx__Interrupt_Init.o
                              0x6bc94 (size before relaxing)
 .debug_str     0x0006bbf0       0x75 ./src/Vector.o
                               0x1fc3 (size before relaxing)
 .debug_str     0x0006bc65       0x31 ./src/intc_SW_mode_isr_vectors_MPC5748G.o
                               0x3578 (size before relaxing)
 .debug_str     0x0006bc96      0x96b ./src/main_Z2_2.o
                              0x6c259 (size before relaxing)

.debug_frame    0x00000000      0x11c
 .debug_frame   0x00000000       0xa0 ./src/MPC57xx__Interrupt_Init.o
 .debug_frame   0x000000a0       0x2c ./src/intc_SW_mode_isr_vectors_MPC5748G.o
 .debug_frame   0x000000cc       0x50 ./src/main_Z2_2.o
