Archive member included to satisfy reference by file (symbol)

c:/nxp/s32ds_power_v2.1/s32ds/build_tools/powerpc-eabivle-4_9/bin/../lib/gcc/powerpc-eabivle/4.9.4/e200z4/fp\libgcc.a(eabivle.o)
                              ./src/main_Z4_1.o (__eabi)

Discarded input sections

 .text          0x00000000        0x0 c:/nxp/s32ds_power_v2.1/s32ds/build_tools/powerpc-eabivle-4_9/bin/../lib/gcc/powerpc-eabivle/4.9.4/e200z4/fp/ecrti.o
 .data          0x00000000        0x0 c:/nxp/s32ds_power_v2.1/s32ds/build_tools/powerpc-eabivle-4_9/bin/../lib/gcc/powerpc-eabivle/4.9.4/e200z4/fp/ecrti.o
 .bss           0x00000000        0x0 c:/nxp/s32ds_power_v2.1/s32ds/build_tools/powerpc-eabivle-4_9/bin/../lib/gcc/powerpc-eabivle/4.9.4/e200z4/fp/ecrti.o
 .fixup         0x00000000        0x0 c:/nxp/s32ds_power_v2.1/s32ds/build_tools/powerpc-eabivle-4_9/bin/../lib/gcc/powerpc-eabivle/4.9.4/e200z4/fp/ecrti.o
 .sbss          0x00000000        0x0 c:/nxp/s32ds_power_v2.1/s32ds/build_tools/powerpc-eabivle-4_9/bin/../lib/gcc/powerpc-eabivle/4.9.4/e200z4/fp/ecrti.o
 .sbss2         0x00000000        0x0 c:/nxp/s32ds_power_v2.1/s32ds/build_tools/powerpc-eabivle-4_9/bin/../lib/gcc/powerpc-eabivle/4.9.4/e200z4/fp/ecrti.o
 .gcc_except_table
                0x00000000        0x0 c:/nxp/s32ds_power_v2.1/s32ds/build_tools/powerpc-eabivle-4_9/bin/../lib/gcc/powerpc-eabivle/4.9.4/e200z4/fp/ecrti.o
 .data          0x00000000        0x4 c:/nxp/s32ds_power_v2.1/s32ds/build_tools/powerpc-eabivle-4_9/bin/../lib/gcc/powerpc-eabivle/4.9.4/e200z4/fp/crtbegin.o
 .text          0x00000000        0x0 ./Project_Settings/Startup_Code/startup.o
 .data          0x00000000        0x0 ./Project_Settings/Startup_Code/startup.o
 .bss           0x00000000        0x0 ./Project_Settings/Startup_Code/startup.o
 .group         0x00000000        0x8 ./src/MPC57xx__Interrupt_Init.o
 .group         0x00000000        0x8 ./src/MPC57xx__Interrupt_Init.o
 .group         0x00000000        0x8 ./src/MPC57xx__Interrupt_Init.o
 .group         0x00000000        0x8 ./src/MPC57xx__Interrupt_Init.o
 .group         0x00000000        0x8 ./src/MPC57xx__Interrupt_Init.o
 .group         0x00000000        0x8 ./src/MPC57xx__Interrupt_Init.o
 .group         0x00000000        0x8 ./src/MPC57xx__Interrupt_Init.o
 .group         0x00000000        0x8 ./src/MPC57xx__Interrupt_Init.o
 .group         0x00000000        0x8 ./src/MPC57xx__Interrupt_Init.o
 .group         0x00000000        0x8 ./src/MPC57xx__Interrupt_Init.o
 .group         0x00000000        0x8 ./src/MPC57xx__Interrupt_Init.o
 .group         0x00000000        0x8 ./src/MPC57xx__Interrupt_Init.o
 .group         0x00000000        0x8 ./src/MPC57xx__Interrupt_Init.o
 .group         0x00000000        0x8 ./src/MPC57xx__Interrupt_Init.o
 .text          0x00000000        0x0 ./src/MPC57xx__Interrupt_Init.o
 .data          0x00000000        0x0 ./src/MPC57xx__Interrupt_Init.o
 .bss           0x00000000        0x0 ./src/MPC57xx__Interrupt_Init.o
 .group         0x00000000        0x8 ./src/Vector.o
 .group         0x00000000        0x8 ./src/Vector.o
 .group         0x00000000        0x8 ./src/Vector.o
 .group         0x00000000        0x8 ./src/Vector.o
 .group         0x00000000        0x8 ./src/Vector.o
 .text          0x00000000        0x0 ./src/Vector.o
 .data          0x00000000        0x0 ./src/Vector.o
 .bss           0x00000000        0x0 ./src/Vector.o
 .debug_macro   0x00000000      0x60a ./src/Vector.o
 .debug_macro   0x00000000       0x52 ./src/Vector.o
 .debug_macro   0x00000000       0xa0 ./src/Vector.o
 .debug_macro   0x00000000       0x16 ./src/Vector.o
 .debug_macro   0x00000000       0x2e ./src/Vector.o
 .group         0x00000000        0x8 ./src/intc_SW_mode_isr_vectors_MPC5748G.o
 .group         0x00000000        0x8 ./src/intc_SW_mode_isr_vectors_MPC5748G.o
 .group         0x00000000        0x8 ./src/intc_SW_mode_isr_vectors_MPC5748G.o
 .group         0x00000000        0x8 ./src/intc_SW_mode_isr_vectors_MPC5748G.o
 .group         0x00000000        0x8 ./src/intc_SW_mode_isr_vectors_MPC5748G.o
 .group         0x00000000        0x8 ./src/intc_SW_mode_isr_vectors_MPC5748G.o
 .group         0x00000000        0x8 ./src/intc_SW_mode_isr_vectors_MPC5748G.o
 .group         0x00000000        0x8 ./src/intc_SW_mode_isr_vectors_MPC5748G.o
 .group         0x00000000        0x8 ./src/intc_SW_mode_isr_vectors_MPC5748G.o
 .group         0x00000000        0x8 ./src/intc_SW_mode_isr_vectors_MPC5748G.o
 .group         0x00000000        0x8 ./src/intc_SW_mode_isr_vectors_MPC5748G.o
 .group         0x00000000        0x8 ./src/intc_SW_mode_isr_vectors_MPC5748G.o
 .text          0x00000000        0x0 ./src/intc_SW_mode_isr_vectors_MPC5748G.o
 .data          0x00000000        0x0 ./src/intc_SW_mode_isr_vectors_MPC5748G.o
 .bss           0x00000000        0x0 ./src/intc_SW_mode_isr_vectors_MPC5748G.o
 .debug_macro   0x00000000      0x60a ./src/intc_SW_mode_isr_vectors_MPC5748G.o
 .debug_macro   0x00000000       0x52 ./src/intc_SW_mode_isr_vectors_MPC5748G.o
 .debug_macro   0x00000000       0xa0 ./src/intc_SW_mode_isr_vectors_MPC5748G.o
 .debug_macro   0x00000000       0x16 ./src/intc_SW_mode_isr_vectors_MPC5748G.o
 .debug_macro   0x00000000       0x5e ./src/intc_SW_mode_isr_vectors_MPC5748G.o
 .debug_macro   0x00000000      0x1aa ./src/intc_SW_mode_isr_vectors_MPC5748G.o
 .debug_macro   0x00000000      0x13a ./src/intc_SW_mode_isr_vectors_MPC5748G.o
 .debug_macro   0x00000000       0x9d ./src/intc_SW_mode_isr_vectors_MPC5748G.o
 .debug_macro   0x00000000       0x10 ./src/intc_SW_mode_isr_vectors_MPC5748G.o
 .debug_macro   0x00000000      0x15b ./src/intc_SW_mode_isr_vectors_MPC5748G.o
 .debug_macro   0x00000000       0x28 ./src/intc_SW_mode_isr_vectors_MPC5748G.o
 .debug_macro   0x00000000       0x58 ./src/intc_SW_mode_isr_vectors_MPC5748G.o
 .data          0x00000000        0x0 ./src/intc_sw_handlers.o
 .bss           0x00000000        0x0 ./src/intc_sw_handlers.o
 .group         0x00000000        0x8 ./src/main_Z4_1.o
 .group         0x00000000        0x8 ./src/main_Z4_1.o
 .group         0x00000000        0x8 ./src/main_Z4_1.o
 .group         0x00000000        0x8 ./src/main_Z4_1.o
 .group         0x00000000        0x8 ./src/main_Z4_1.o
 .group         0x00000000        0x8 ./src/main_Z4_1.o
 .group         0x00000000        0x8 ./src/main_Z4_1.o
 .group         0x00000000        0x8 ./src/main_Z4_1.o
 .group         0x00000000        0x8 ./src/main_Z4_1.o
 .group         0x00000000        0x8 ./src/main_Z4_1.o
 .group         0x00000000        0x8 ./src/main_Z4_1.o
 .group         0x00000000        0x8 ./src/main_Z4_1.o
 .group         0x00000000        0x8 ./src/main_Z4_1.o
 .text          0x00000000        0x0 ./src/main_Z4_1.o
 .data          0x00000000        0x0 ./src/main_Z4_1.o
 .bss           0x00000000        0x0 ./src/main_Z4_1.o
 .debug_macro   0x00000000      0x60a ./src/main_Z4_1.o
 .debug_macro   0x00000000       0x52 ./src/main_Z4_1.o
 .debug_macro   0x00000000       0xa0 ./src/main_Z4_1.o
 .debug_macro   0x00000000       0x16 ./src/main_Z4_1.o
 .debug_macro   0x00000000       0x5e ./src/main_Z4_1.o
 .debug_macro   0x00000000      0x1aa ./src/main_Z4_1.o
 .debug_macro   0x00000000      0x13a ./src/main_Z4_1.o
 .debug_macro   0x00000000       0x9d ./src/main_Z4_1.o
 .debug_macro   0x00000000       0x10 ./src/main_Z4_1.o
 .debug_macro   0x00000000      0x15b ./src/main_Z4_1.o
 .debug_macro   0x00000000       0x28 ./src/main_Z4_1.o
 .debug_macro   0x00000000       0x58 ./src/main_Z4_1.o
 .debug_macro   0x00000000    0x1812c ./src/main_Z4_1.o
 .bss           0x00000000        0x0 c:/nxp/s32ds_power_v2.1/s32ds/build_tools/powerpc-eabivle-4_9/bin/../lib/gcc/powerpc-eabivle/4.9.4/e200z4/fp\libgcc.a(eabivle.o)
 .data          0x00000000        0x0 c:/nxp/s32ds_power_v2.1/s32ds/build_tools/powerpc-eabivle-4_9/bin/../lib/gcc/powerpc-eabivle/4.9.4/e200z4/fp/crtend.o
 .bss           0x00000000        0x0 c:/nxp/s32ds_power_v2.1/s32ds/build_tools/powerpc-eabivle-4_9/bin/../lib/gcc/powerpc-eabivle/4.9.4/e200z4/fp/crtend.o
 .jcr           0x00000000        0x4 c:/nxp/s32ds_power_v2.1/s32ds/build_tools/powerpc-eabivle-4_9/bin/../lib/gcc/powerpc-eabivle/4.9.4/e200z4/fp/crtend.o
 .text          0x00000000        0x0 c:/nxp/s32ds_power_v2.1/s32ds/build_tools/powerpc-eabivle-4_9/bin/../lib/gcc/powerpc-eabivle/4.9.4/e200z4/fp/ecrtn.o
 .data          0x00000000        0x0 c:/nxp/s32ds_power_v2.1/s32ds/build_tools/powerpc-eabivle-4_9/bin/../lib/gcc/powerpc-eabivle/4.9.4/e200z4/fp/ecrtn.o
 .bss           0x00000000        0x0 c:/nxp/s32ds_power_v2.1/s32ds/build_tools/powerpc-eabivle-4_9/bin/../lib/gcc/powerpc-eabivle/4.9.4/e200z4/fp/ecrtn.o
 .fixup         0x00000000        0x0 c:/nxp/s32ds_power_v2.1/s32ds/build_tools/powerpc-eabivle-4_9/bin/../lib/gcc/powerpc-eabivle/4.9.4/e200z4/fp/ecrtn.o
 .sdata         0x00000000        0x0 c:/nxp/s32ds_power_v2.1/s32ds/build_tools/powerpc-eabivle-4_9/bin/../lib/gcc/powerpc-eabivle/4.9.4/e200z4/fp/ecrtn.o
 .sdata2        0x00000000        0x0 c:/nxp/s32ds_power_v2.1/s32ds/build_tools/powerpc-eabivle-4_9/bin/../lib/gcc/powerpc-eabivle/4.9.4/e200z4/fp/ecrtn.o
 .gcc_except_table
                0x00000000        0x0 c:/nxp/s32ds_power_v2.1/s32ds/build_tools/powerpc-eabivle-4_9/bin/../lib/gcc/powerpc-eabivle/4.9.4/e200z4/fp/ecrtn.o

Memory Configuration

Name             Origin             Length             Attributes
SRAM             0x40040000         0x00040000
*default*        0x00000000         0xffffffff

Linker script and memory map

LOAD c:/nxp/s32ds_power_v2.1/s32ds/build_tools/powerpc-eabivle-4_9/bin/../lib/gcc/powerpc-eabivle/4.9.4/e200z4/fp/ecrti.o
LOAD c:/nxp/s32ds_power_v2.1/s32ds/build_tools/powerpc-eabivle-4_9/bin/../lib/gcc/powerpc-eabivle/4.9.4/e200z4/fp/crtbegin.o
LOAD ./Project_Settings/Startup_Code/startup.o
LOAD ./src/MPC57xx__Interrupt_Init.o
LOAD ./src/Vector.o
LOAD ./src/intc_SW_mode_isr_vectors_MPC5748G.o
LOAD ./src/intc_sw_handlers.o
LOAD ./src/main_Z4_1.o
START GROUP
LOAD C:/NXP/S32DS_Power_v2.1/S32DS/build_tools/e200_ewl2/lib/e200z4/fp\libc99.a
LOAD C:/NXP/S32DS_Power_v2.1/S32DS/build_tools/e200_ewl2/lib/e200z4/fp\libm.a
LOAD c:/nxp/s32ds_power_v2.1/s32ds/build_tools/powerpc-eabivle-4_9/bin/../lib/gcc/powerpc-eabivle/4.9.4/e200z4/fp\libgcc.a
LOAD C:/NXP/S32DS_Power_v2.1/S32DS/build_tools/e200_ewl2/lib/e200z4/fp\librt.a
END GROUP
LOAD c:/nxp/s32ds_power_v2.1/s32ds/build_tools/powerpc-eabivle-4_9/bin/../lib/gcc/powerpc-eabivle/4.9.4/e200z4/fp/crtend.o
LOAD c:/nxp/s32ds_power_v2.1/s32ds/build_tools/powerpc-eabivle-4_9/bin/../lib/gcc/powerpc-eabivle/4.9.4/e200z4/fp/ecrtn.o
                0x00000000                __HEAP_SIZE = 0x0
                0x00001000                __STACK_SIZE = 0x1000
                0x00040000                SRAM_SIZE = 0x40000
                0x40040000                SRAM_BASE_ADDR = 0x40040000

.startup        0x40040000      0x1ee
                0x40040000                __start = .
 *(.startup)
 .startup       0x40040000      0x1ee ./Project_Settings/Startup_Code/startup.o
                0x40040000                _start
                0x400401ea                _fini

.core_exceptions_table
                0x40041000       0xf4
                0x40041000                __IVPR_VALUE = .
 *(.core_exceptions_table)
 .core_exceptions_table
                0x40041000       0xf4 ./src/Vector.o
                0x40041000                VTABLE
                0x40041000                IVOR0_Vector
                0x40041010                IVOR1_Vector
                0x40041020                IVOR2_Vector
                0x40041030                IVOR3_Vector
                0x40041040                IVOR4_Vector
                0x40041050                IVOR5_Vector
                0x40041060                IVOR6_Vector
                0x40041070                IVOR7_Vector
                0x40041080                IVOR8_Vector
                0x40041090                IVOR9_Vector
                0x400410a0                IVOR10_Vector
                0x400410b0                IVOR11_Vector
                0x400410c0                IVOR12_Vector
                0x400410d0                IVOR13_Vector
                0x400410e0                IVOR14_Vector
                0x400410f0                IVOR15_Vector

.intc_vector_table
                0x40042000      0xbc8
 *(.intc_vector_table)
 .intc_vector_table
                0x40042000      0xbc8 ./src/intc_SW_mode_isr_vectors_MPC5748G.o
                0x40042000                IntcIsrVectorTable

.text           0x40042bd0      0x5a0
 *(.text.startup)
 *(.text)
 .text          0x40042bd0      0x16c c:/nxp/s32ds_power_v2.1/s32ds/build_tools/powerpc-eabivle-4_9/bin/../lib/gcc/powerpc-eabivle/4.9.4/e200z4/fp/crtbegin.o
 *fill*         0x40042d3c        0x4 
 .text          0x40042d40       0x48 ./src/intc_sw_handlers.o
                0x40042d40                IVOR4_Handler
 .text          0x40042d88       0x4a c:/nxp/s32ds_power_v2.1/s32ds/build_tools/powerpc-eabivle-4_9/bin/../lib/gcc/powerpc-eabivle/4.9.4/e200z4/fp\libgcc.a(eabivle.o)
                0x40042d88                __eabi
 *fill*         0x40042dd2        0x2 
 .text          0x40042dd4       0x48 c:/nxp/s32ds_power_v2.1/s32ds/build_tools/powerpc-eabivle-4_9/bin/../lib/gcc/powerpc-eabivle/4.9.4/e200z4/fp/crtend.o
 *(.text.*)
 .text.SetIVPR  0x40042e1c       0x1a ./src/MPC57xx__Interrupt_Init.o
                0x40042e1c                SetIVPR
 *fill*         0x40042e36        0x2 
 .text.InitINTC
                0x40042e38       0x54 ./src/MPC57xx__Interrupt_Init.o
                0x40042e38                InitINTC
 .text.enableIrq
                0x40042e8c       0x36 ./src/MPC57xx__Interrupt_Init.o
                0x40042e8c                enableIrq
 *fill*         0x40042ec2        0x2 
 .text.xcptn_xmpl
                0x40042ec4       0x34 ./src/MPC57xx__Interrupt_Init.o
                0x40042ec4                xcptn_xmpl
 .text.dummy    0x40042ef8        0xc ./src/intc_SW_mode_isr_vectors_MPC5748G.o
                0x40042ef8                dummy
 .text.main     0x40042f04      0x150 ./src/main_Z4_1.o
                0x40042f04                main
 .text.STM0_CH0_isr
                0x40043054       0x6a ./src/main_Z4_1.o
                0x40043054                STM0_CH0_isr
 *fill*         0x400430be        0x2 
 .text.STM1_CH0_isr
                0x400430c0       0x70 ./src/main_Z4_1.o
                0x400430c0                STM1_CH0_isr
 *(.init)
 .init          0x40043130        0xc c:/nxp/s32ds_power_v2.1/s32ds/build_tools/powerpc-eabivle-4_9/bin/../lib/gcc/powerpc-eabivle/4.9.4/e200z4/fp/ecrti.o
                0x40043130                __init
 .init          0x4004313c        0x4 c:/nxp/s32ds_power_v2.1/s32ds/build_tools/powerpc-eabivle-4_9/bin/../lib/gcc/powerpc-eabivle/4.9.4/e200z4/fp/crtbegin.o
 .init          0x40043140        0x4 c:/nxp/s32ds_power_v2.1/s32ds/build_tools/powerpc-eabivle-4_9/bin/../lib/gcc/powerpc-eabivle/4.9.4/e200z4/fp/crtend.o
 .init          0x40043144        0xa c:/nxp/s32ds_power_v2.1/s32ds/build_tools/powerpc-eabivle-4_9/bin/../lib/gcc/powerpc-eabivle/4.9.4/e200z4/fp/ecrtn.o
 *(.fini)
 *fill*         0x4004314e        0x2 
 .fini          0x40043150        0xc c:/nxp/s32ds_power_v2.1/s32ds/build_tools/powerpc-eabivle-4_9/bin/../lib/gcc/powerpc-eabivle/4.9.4/e200z4/fp/ecrti.o
                0x40043150                __fini
 .fini          0x4004315c        0x4 c:/nxp/s32ds_power_v2.1/s32ds/build_tools/powerpc-eabivle-4_9/bin/../lib/gcc/powerpc-eabivle/4.9.4/e200z4/fp/crtbegin.o
 .fini          0x40043160        0xa c:/nxp/s32ds_power_v2.1/s32ds/build_tools/powerpc-eabivle-4_9/bin/../lib/gcc/powerpc-eabivle/4.9.4/e200z4/fp/ecrtn.o
                0x40043170                . = ALIGN (0x10)
 *fill*         0x4004316a        0x6 

.glink          0x40043170        0x0
 .glink         0x40043170        0x0 c:/nxp/s32ds_power_v2.1/s32ds/build_tools/powerpc-eabivle-4_9/bin/../lib/gcc/powerpc-eabivle/4.9.4/e200z4/fp/crtbegin.o

.ctors          0x40043170        0x8
                0x40043170                __CTOR_LIST__ = .
 *crtbegin.o(.ctors)
 .ctors         0x40043170        0x4 c:/nxp/s32ds_power_v2.1/s32ds/build_tools/powerpc-eabivle-4_9/bin/../lib/gcc/powerpc-eabivle/4.9.4/e200z4/fp/crtbegin.o
 *crtbegin?.o(.ctors)
 *(EXCLUDE_FILE(*crtend.o *crtend?.o) .ctors)
 .ctors         0x40043174        0x0 c:/nxp/s32ds_power_v2.1/s32ds/build_tools/powerpc-eabivle-4_9/bin/../lib/gcc/powerpc-eabivle/4.9.4/e200z4/fp/ecrti.o
 .ctors         0x40043174        0x0 c:/nxp/s32ds_power_v2.1/s32ds/build_tools/powerpc-eabivle-4_9/bin/../lib/gcc/powerpc-eabivle/4.9.4/e200z4/fp/ecrtn.o
 *(SORT(.ctors.*))
 *(.ctors)
 .ctors         0x40043174        0x4 c:/nxp/s32ds_power_v2.1/s32ds/build_tools/powerpc-eabivle-4_9/bin/../lib/gcc/powerpc-eabivle/4.9.4/e200z4/fp/crtend.o
                0x40043178                __CTOR_END__ = .

.dtors          0x40043178        0x8
                0x40043178                __DTOR_LIST__ = .
 *crtbegin.o(.dtors)
 .dtors         0x40043178        0x4 c:/nxp/s32ds_power_v2.1/s32ds/build_tools/powerpc-eabivle-4_9/bin/../lib/gcc/powerpc-eabivle/4.9.4/e200z4/fp/crtbegin.o
 *crtbegin?.o(.dtors)
 *(EXCLUDE_FILE(*crtend.o *crtend?.o) .dtors)
 .dtors         0x4004317c        0x0 c:/nxp/s32ds_power_v2.1/s32ds/build_tools/powerpc-eabivle-4_9/bin/../lib/gcc/powerpc-eabivle/4.9.4/e200z4/fp/ecrti.o
 .dtors         0x4004317c        0x0 c:/nxp/s32ds_power_v2.1/s32ds/build_tools/powerpc-eabivle-4_9/bin/../lib/gcc/powerpc-eabivle/4.9.4/e200z4/fp/ecrtn.o
 *(SORT(.dtors.*))
 *(.dtors)
 .dtors         0x4004317c        0x4 c:/nxp/s32ds_power_v2.1/s32ds/build_tools/powerpc-eabivle-4_9/bin/../lib/gcc/powerpc-eabivle/4.9.4/e200z4/fp/crtend.o
                0x40043180                __DTOR_END__ = .

.preinit_array  0x40043180        0x0
                [!provide]                PROVIDE (__preinit_array_start, .)
 *(.preinit_array*)
                [!provide]                PROVIDE (__preinit_array_end, .)

.init_array     0x40043180        0x0
                [!provide]                PROVIDE (__init_array_start, .)
 *(SORT(.init_array.*))
 *(.init_array*)
                [!provide]                PROVIDE (__init_array_end, .)

.fini_array     0x40043180        0x0
                [!provide]                PROVIDE (__fini_array_start, .)
 *(SORT(.fini_array.*))
 *(.fini_array*)
                [!provide]                PROVIDE (__fini_array_end, .)

.rodata
 *(.rodata)
 *(.rodata.*)
 *(.got1)

.sdata2         0x40043180        0x0
 *(.sdata2)
 .sdata2        0x40043180        0x0 c:/nxp/s32ds_power_v2.1/s32ds/build_tools/powerpc-eabivle-4_9/bin/../lib/gcc/powerpc-eabivle/4.9.4/e200z4/fp/ecrti.o
 .sdata2        0x40043180        0x0 c:/nxp/s32ds_power_v2.1/s32ds/build_tools/powerpc-eabivle-4_9/bin/../lib/gcc/powerpc-eabivle/4.9.4/e200z4/fp/crtbegin.o
 *(.sdata2.*)

.sbss2          0x40043180        0x0
 *(.sbss2)
 .sbss2         0x40043180        0x0 c:/nxp/s32ds_power_v2.1/s32ds/build_tools/powerpc-eabivle-4_9/bin/../lib/gcc/powerpc-eabivle/4.9.4/e200z4/fp/ecrtn.o
 *(.sbss2.*)

.rela.dyn       0x40043180        0x0
 .rela.iplt     0x40043180        0x0 c:/nxp/s32ds_power_v2.1/s32ds/build_tools/powerpc-eabivle-4_9/bin/../lib/gcc/powerpc-eabivle/4.9.4/e200z4/fp/crtbegin.o
 .rela.text     0x40043180        0x0 c:/nxp/s32ds_power_v2.1/s32ds/build_tools/powerpc-eabivle-4_9/bin/../lib/gcc/powerpc-eabivle/4.9.4/e200z4/fp/crtbegin.o
 .rela.text.InitINTC
                0x40043180        0x0 c:/nxp/s32ds_power_v2.1/s32ds/build_tools/powerpc-eabivle-4_9/bin/../lib/gcc/powerpc-eabivle/4.9.4/e200z4/fp/crtbegin.o
 .rela.text.xcptn_xmpl
                0x40043180        0x0 c:/nxp/s32ds_power_v2.1/s32ds/build_tools/powerpc-eabivle-4_9/bin/../lib/gcc/powerpc-eabivle/4.9.4/e200z4/fp/crtbegin.o
 .rela.intc_vector_table
                0x40043180        0x0 c:/nxp/s32ds_power_v2.1/s32ds/build_tools/powerpc-eabivle-4_9/bin/../lib/gcc/powerpc-eabivle/4.9.4/e200z4/fp/crtbegin.o
 .rela.got2     0x40043180        0x0 c:/nxp/s32ds_power_v2.1/s32ds/build_tools/powerpc-eabivle-4_9/bin/../lib/gcc/powerpc-eabivle/4.9.4/e200z4/fp/crtbegin.o

.eh_frame_hdr
 *(.eh_frame_hdr)

.eh_frame       0x40043180        0x8
 *(.eh_frame)
 .eh_frame      0x40043180        0x0 c:/nxp/s32ds_power_v2.1/s32ds/build_tools/powerpc-eabivle-4_9/bin/../lib/gcc/powerpc-eabivle/4.9.4/e200z4/fp/ecrti.o
                0x40043180                __EH_FRAME_BEGIN__
 .eh_frame      0x40043180        0x0 c:/nxp/s32ds_power_v2.1/s32ds/build_tools/powerpc-eabivle-4_9/bin/../lib/gcc/powerpc-eabivle/4.9.4/e200z4/fp/crtbegin.o
 .eh_frame      0x40043180        0x0 c:/nxp/s32ds_power_v2.1/s32ds/build_tools/powerpc-eabivle-4_9/bin/../lib/gcc/powerpc-eabivle/4.9.4/e200z4/fp/crtbegin.o
 .eh_frame      0x40043180        0x4 c:/nxp/s32ds_power_v2.1/s32ds/build_tools/powerpc-eabivle-4_9/bin/../lib/gcc/powerpc-eabivle/4.9.4/e200z4/fp/crtend.o
 .eh_frame      0x40043184        0x4 c:/nxp/s32ds_power_v2.1/s32ds/build_tools/powerpc-eabivle-4_9/bin/../lib/gcc/powerpc-eabivle/4.9.4/e200z4/fp/ecrtn.o
                0x40043184                __EH_FRAME_END__

.data           0x40043188       0x20
 *(.data)
 .data          0x40043188        0x4 c:/nxp/s32ds_power_v2.1/s32ds/build_tools/powerpc-eabivle-4_9/bin/../lib/gcc/powerpc-eabivle/4.9.4/e200z4/fp\libgcc.a(eabivle.o)
 *(.data.*)
 *(.got.plt)
 *(.got)
 *(.got2)
 .got2          0x4004318c       0x1c c:/nxp/s32ds_power_v2.1/s32ds/build_tools/powerpc-eabivle-4_9/bin/../lib/gcc/powerpc-eabivle/4.9.4/e200z4/fp\libgcc.a(eabivle.o)
 *(.dynamic)
 *(.fixup)
                0x400431a8                . = ALIGN (0x4)

.jcr            0x400431a8        0x0
 .jcr           0x400431a8        0x0 c:/nxp/s32ds_power_v2.1/s32ds/build_tools/powerpc-eabivle-4_9/bin/../lib/gcc/powerpc-eabivle/4.9.4/e200z4/fp/crtbegin.o

.tm_clone_table
                0x400431a8        0x0
 .tm_clone_table
                0x400431a8        0x0 c:/nxp/s32ds_power_v2.1/s32ds/build_tools/powerpc-eabivle-4_9/bin/../lib/gcc/powerpc-eabivle/4.9.4/e200z4/fp/crtbegin.o
 .tm_clone_table
                0x400431a8        0x0 c:/nxp/s32ds_power_v2.1/s32ds/build_tools/powerpc-eabivle-4_9/bin/../lib/gcc/powerpc-eabivle/4.9.4/e200z4/fp/crtend.o

.sdata          0x400431a8        0x0
 *(.sdata)
 .sdata         0x400431a8        0x0 c:/nxp/s32ds_power_v2.1/s32ds/build_tools/powerpc-eabivle-4_9/bin/../lib/gcc/powerpc-eabivle/4.9.4/e200z4/fp/ecrti.o
 .sdata         0x400431a8        0x0 c:/nxp/s32ds_power_v2.1/s32ds/build_tools/powerpc-eabivle-4_9/bin/../lib/gcc/powerpc-eabivle/4.9.4/e200z4/fp/crtbegin.o
 *(.sdata.*)
                0x400431a8                __BSS_START = .

.sbss           0x400431a8        0x0
 *(.sbss)
 .sbss          0x400431a8        0x0 c:/nxp/s32ds_power_v2.1/s32ds/build_tools/powerpc-eabivle-4_9/bin/../lib/gcc/powerpc-eabivle/4.9.4/e200z4/fp/ecrtn.o
 *(.sbss.*)

.bss            0x400431a8       0x20
 *(.bss)
 .bss           0x400431a8       0x20 c:/nxp/s32ds_power_v2.1/s32ds/build_tools/powerpc-eabivle-4_9/bin/../lib/gcc/powerpc-eabivle/4.9.4/e200z4/fp/crtbegin.o
 *(.bss.*)
 *(COMMON)
                0x400431c8                __BSS_END = .

.iplt           0x400431d0        0x0
 .iplt          0x400431d0        0x0 c:/nxp/s32ds_power_v2.1/s32ds/build_tools/powerpc-eabivle-4_9/bin/../lib/gcc/powerpc-eabivle/4.9.4/e200z4/fp/crtbegin.o

.stack          0x400431d0     0x1004
                0x400431d0                __HEAP = .
                [!provide]                PROVIDE (_end, .)
                [!provide]                PROVIDE (end, .)
                0x400431d0                . = (. + __HEAP_SIZE)
                0x400431d0                __HEAP_END = .
                0x400431d0                _stack_end = .
                0x400441d0                . = (. + __STACK_SIZE)
 *fill*         0x400431d0     0x1000 
                0x400441d0                _stack_addr = .
                0x400441d0                __SP_INIT = .
                0x400441d4                . = (. + 0x4)
 *fill*         0x400441d0        0x4 
                0x40043188                __DATA_SRAM_ADDR = ADDR (.data)
                0x400431a8                __SDATA_SRAM_ADDR = ADDR (.sdata)
                0x00000020                __DATA_SIZE = SIZEOF (.data)
                0x00000000                __SDATA_SIZE = SIZEOF (.sdata)
                0x40043188                __DATA_ROM_ADDR = LOADADDR (.data)
                0x400431a8                __SDATA_ROM_ADDR = LOADADDR (.sdata)
                0x0003ce58                __SRAM_SIZE = (SRAM_SIZE - (__BSS_START - SRAM_BASE_ADDR))
                0x400431a8                __SRAM_BASE_ADDR = __BSS_START
                0x00000020                __BSS_SIZE = (__BSS_END - __BSS_START)
OUTPUT(MPC5748G_Timmers_Z4_1.elf elf32-powerpc)

.comment        0x00000000       0x9c
 .comment       0x00000000        0xd c:/nxp/s32ds_power_v2.1/s32ds/build_tools/powerpc-eabivle-4_9/bin/../lib/gcc/powerpc-eabivle/4.9.4/e200z4/fp/ecrti.o
                                  0xe (size before relaxing)
 .comment       0x0000000d       0x82 c:/nxp/s32ds_power_v2.1/s32ds/build_tools/powerpc-eabivle-4_9/bin/../lib/gcc/powerpc-eabivle/4.9.4/e200z4/fp/crtbegin.o
                                 0x83 (size before relaxing)
 .comment       0x0000008f       0x83 ./src/MPC57xx__Interrupt_Init.o
 .comment       0x0000008f       0x83 ./src/Vector.o
 .comment       0x0000008f       0x83 ./src/intc_SW_mode_isr_vectors_MPC5748G.o
 .comment       0x0000008f       0x83 ./src/main_Z4_1.o
 .comment       0x0000008f       0x83 c:/nxp/s32ds_power_v2.1/s32ds/build_tools/powerpc-eabivle-4_9/bin/../lib/gcc/powerpc-eabivle/4.9.4/e200z4/fp/crtend.o
 .comment       0x0000008f        0xd c:/nxp/s32ds_power_v2.1/s32ds/build_tools/powerpc-eabivle-4_9/bin/../lib/gcc/powerpc-eabivle/4.9.4/e200z4/fp/ecrtn.o
                                  0xe (size before relaxing)

.PPC.EMB.apuinfo
                0x00000000       0x18
 .PPC.EMB.apuinfo
                0x00000000       0x18 c:/nxp/s32ds_power_v2.1/s32ds/build_tools/powerpc-eabivle-4_9/bin/../lib/gcc/powerpc-eabivle/4.9.4/e200z4/fp/ecrti.o
 .PPC.EMB.apuinfo
                0x00000018       0x18 c:/nxp/s32ds_power_v2.1/s32ds/build_tools/powerpc-eabivle-4_9/bin/../lib/gcc/powerpc-eabivle/4.9.4/e200z4/fp/crtbegin.o
 .PPC.EMB.apuinfo
                0x00000030       0x18 ./Project_Settings/Startup_Code/startup.o
 .PPC.EMB.apuinfo
                0x00000048       0x18 ./src/MPC57xx__Interrupt_Init.o
 .PPC.EMB.apuinfo
                0x00000060       0x18 ./src/Vector.o
 .PPC.EMB.apuinfo
                0x00000078       0x18 ./src/intc_SW_mode_isr_vectors_MPC5748G.o
 .PPC.EMB.apuinfo
                0x00000090       0x18 ./src/intc_sw_handlers.o
 .PPC.EMB.apuinfo
                0x000000a8       0x18 ./src/main_Z4_1.o
 .PPC.EMB.apuinfo
                0x000000c0       0x18 c:/nxp/s32ds_power_v2.1/s32ds/build_tools/powerpc-eabivle-4_9/bin/../lib/gcc/powerpc-eabivle/4.9.4/e200z4/fp\libgcc.a(eabivle.o)
 .PPC.EMB.apuinfo
                0x000000d8       0x18 c:/nxp/s32ds_power_v2.1/s32ds/build_tools/powerpc-eabivle-4_9/bin/../lib/gcc/powerpc-eabivle/4.9.4/e200z4/fp/crtend.o
 .PPC.EMB.apuinfo
                0x000000f0       0x18 c:/nxp/s32ds_power_v2.1/s32ds/build_tools/powerpc-eabivle-4_9/bin/../lib/gcc/powerpc-eabivle/4.9.4/e200z4/fp/ecrtn.o

.debug_line     0x00000000      0x8ec
 .debug_line    0x00000000       0xda ./Project_Settings/Startup_Code/startup.o
 .debug_line    0x000000da      0x268 ./src/MPC57xx__Interrupt_Init.o
 .debug_line    0x00000342      0x102 ./src/Vector.o
 .debug_line    0x00000444      0x204 ./src/intc_SW_mode_isr_vectors_MPC5748G.o
 .debug_line    0x00000648       0x5d ./src/intc_sw_handlers.o
 .debug_line    0x000006a5      0x247 ./src/main_Z4_1.o

.debug_info     0x00000000     0x2867
 .debug_info    0x00000000       0x9b ./Project_Settings/Startup_Code/startup.o
 .debug_info    0x0000009b      0x600 ./src/MPC57xx__Interrupt_Init.o
 .debug_info    0x0000069b       0x21 ./src/Vector.o
 .debug_info    0x000006bc       0xb4 ./src/intc_SW_mode_isr_vectors_MPC5748G.o
 .debug_info    0x00000770       0x8a ./src/intc_sw_handlers.o
 .debug_info    0x000007fa     0x206d ./src/main_Z4_1.o

.debug_abbrev   0x00000000      0x34f
 .debug_abbrev  0x00000000       0x14 ./Project_Settings/Startup_Code/startup.o
 .debug_abbrev  0x00000014      0x15f ./src/MPC57xx__Interrupt_Init.o
 .debug_abbrev  0x00000173       0x13 ./src/Vector.o
 .debug_abbrev  0x00000186       0x7c ./src/intc_SW_mode_isr_vectors_MPC5748G.o
 .debug_abbrev  0x00000202       0x14 ./src/intc_sw_handlers.o
 .debug_abbrev  0x00000216      0x139 ./src/main_Z4_1.o

.debug_aranges  0x00000000       0xe0
 .debug_aranges
                0x00000000       0x20 ./Project_Settings/Startup_Code/startup.o
 .debug_aranges
                0x00000020       0x38 ./src/MPC57xx__Interrupt_Init.o
 .debug_aranges
                0x00000058       0x18 ./src/Vector.o
 .debug_aranges
                0x00000070       0x20 ./src/intc_SW_mode_isr_vectors_MPC5748G.o
 .debug_aranges
                0x00000090       0x20 ./src/intc_sw_handlers.o
 .debug_aranges
                0x000000b0       0x30 ./src/main_Z4_1.o

.debug_ranges   0x00000000       0x58
 .debug_ranges  0x00000000       0x28 ./src/MPC57xx__Interrupt_Init.o
 .debug_ranges  0x00000028       0x10 ./src/intc_SW_mode_isr_vectors_MPC5748G.o
 .debug_ranges  0x00000038       0x20 ./src/main_Z4_1.o

.debug_macro    0x00000000    0x19095
 .debug_macro   0x00000000       0xc9 ./src/MPC57xx__Interrupt_Init.o
 .debug_macro   0x000000c9      0x60a ./src/MPC57xx__Interrupt_Init.o
 .debug_macro   0x000006d3       0x52 ./src/MPC57xx__Interrupt_Init.o
 .debug_macro   0x00000725       0xa0 ./src/MPC57xx__Interrupt_Init.o
 .debug_macro   0x000007c5       0x16 ./src/MPC57xx__Interrupt_Init.o
 .debug_macro   0x000007db       0x5e ./src/MPC57xx__Interrupt_Init.o
 .debug_macro   0x00000839      0x1aa ./src/MPC57xx__Interrupt_Init.o
 .debug_macro   0x000009e3      0x13a ./src/MPC57xx__Interrupt_Init.o
 .debug_macro   0x00000b1d       0x9d ./src/MPC57xx__Interrupt_Init.o
 .debug_macro   0x00000bba       0x10 ./src/MPC57xx__Interrupt_Init.o
 .debug_macro   0x00000bca      0x15b ./src/MPC57xx__Interrupt_Init.o
 .debug_macro   0x00000d25       0x28 ./src/MPC57xx__Interrupt_Init.o
 .debug_macro   0x00000d4d       0x58 ./src/MPC57xx__Interrupt_Init.o
 .debug_macro   0x00000da5    0x1812c ./src/MPC57xx__Interrupt_Init.o
 .debug_macro   0x00018ed1       0x2e ./src/MPC57xx__Interrupt_Init.o
 .debug_macro   0x00018eff       0x41 ./src/Vector.o
 .debug_macro   0x00018f40       0xa1 ./src/intc_SW_mode_isr_vectors_MPC5748G.o
 .debug_macro   0x00018fe1       0xb4 ./src/main_Z4_1.o

.debug_str      0x00000000    0x6cd97
 .debug_str     0x00000000    0x6c0c9 ./src/MPC57xx__Interrupt_Init.o
                              0x6c16d (size before relaxing)
 .debug_str     0x0006c0c9       0x75 ./src/Vector.o
                               0x249a (size before relaxing)
 .debug_str     0x0006c13e       0x31 ./src/intc_SW_mode_isr_vectors_MPC5748G.o
                               0x3a51 (size before relaxing)
 .debug_str     0x0006c16f      0xc28 ./src/main_Z4_1.o
                              0x6cbd1 (size before relaxing)

.debug_frame    0x00000000      0x140
 .debug_frame   0x00000000       0xa0 ./src/MPC57xx__Interrupt_Init.o
 .debug_frame   0x000000a0       0x2c ./src/intc_SW_mode_isr_vectors_MPC5748G.o
 .debug_frame   0x000000cc       0x74 ./src/main_Z4_1.o
