Archive member included to satisfy reference by file (symbol)

c:/nxp/s32ds_power_v2.1/s32ds/build_tools/powerpc-eabivle-4_9/bin/../lib/gcc/powerpc-eabivle/4.9.4/e200z2\libgcc.a(eabivle.o)
                              ./src/main_Z2_2.o (__eabi)

Discarded input sections

 .text          0x00000000        0x0 c:/nxp/s32ds_power_v2.1/s32ds/build_tools/powerpc-eabivle-4_9/bin/../lib/gcc/powerpc-eabivle/4.9.4/e200z2/ecrti.o
 .data          0x00000000        0x0 c:/nxp/s32ds_power_v2.1/s32ds/build_tools/powerpc-eabivle-4_9/bin/../lib/gcc/powerpc-eabivle/4.9.4/e200z2/ecrti.o
 .bss           0x00000000        0x0 c:/nxp/s32ds_power_v2.1/s32ds/build_tools/powerpc-eabivle-4_9/bin/../lib/gcc/powerpc-eabivle/4.9.4/e200z2/ecrti.o
 .fixup         0x00000000        0x0 c:/nxp/s32ds_power_v2.1/s32ds/build_tools/powerpc-eabivle-4_9/bin/../lib/gcc/powerpc-eabivle/4.9.4/e200z2/ecrti.o
 .sbss          0x00000000        0x0 c:/nxp/s32ds_power_v2.1/s32ds/build_tools/powerpc-eabivle-4_9/bin/../lib/gcc/powerpc-eabivle/4.9.4/e200z2/ecrti.o
 .sbss2         0x00000000        0x0 c:/nxp/s32ds_power_v2.1/s32ds/build_tools/powerpc-eabivle-4_9/bin/../lib/gcc/powerpc-eabivle/4.9.4/e200z2/ecrti.o
 .gcc_except_table
                0x00000000        0x0 c:/nxp/s32ds_power_v2.1/s32ds/build_tools/powerpc-eabivle-4_9/bin/../lib/gcc/powerpc-eabivle/4.9.4/e200z2/ecrti.o
 .data          0x00000000        0x4 c:/nxp/s32ds_power_v2.1/s32ds/build_tools/powerpc-eabivle-4_9/bin/../lib/gcc/powerpc-eabivle/4.9.4/e200z2/crtbegin.o
 .text          0x00000000        0x0 ./Project_Settings/Startup_Code/startup.o
 .data          0x00000000        0x0 ./Project_Settings/Startup_Code/startup.o
 .bss           0x00000000        0x0 ./Project_Settings/Startup_Code/startup.o
 .group         0x00000000        0x8 ./src/MPC57xx__Interrupt_Init.o
 .group         0x00000000        0x8 ./src/MPC57xx__Interrupt_Init.o
 .group         0x00000000        0x8 ./src/MPC57xx__Interrupt_Init.o
 .group         0x00000000        0x8 ./src/MPC57xx__Interrupt_Init.o
 .group         0x00000000        0x8 ./src/MPC57xx__Interrupt_Init.o
 .group         0x00000000        0x8 ./src/MPC57xx__Interrupt_Init.o
 .group         0x00000000        0x8 ./src/MPC57xx__Interrupt_Init.o
 .group         0x00000000        0x8 ./src/MPC57xx__Interrupt_Init.o
 .group         0x00000000        0x8 ./src/MPC57xx__Interrupt_Init.o
 .group         0x00000000        0x8 ./src/MPC57xx__Interrupt_Init.o
 .group         0x00000000        0x8 ./src/MPC57xx__Interrupt_Init.o
 .group         0x00000000        0x8 ./src/MPC57xx__Interrupt_Init.o
 .group         0x00000000        0x8 ./src/MPC57xx__Interrupt_Init.o
 .group         0x00000000        0x8 ./src/MPC57xx__Interrupt_Init.o
 .text          0x00000000        0x0 ./src/MPC57xx__Interrupt_Init.o
 .data          0x00000000        0x0 ./src/MPC57xx__Interrupt_Init.o
 .bss           0x00000000        0x0 ./src/MPC57xx__Interrupt_Init.o
 .group         0x00000000        0x8 ./src/Vector.o
 .group         0x00000000        0x8 ./src/Vector.o
 .group         0x00000000        0x8 ./src/Vector.o
 .group         0x00000000        0x8 ./src/Vector.o
 .group         0x00000000        0x8 ./src/Vector.o
 .text          0x00000000        0x0 ./src/Vector.o
 .data          0x00000000        0x0 ./src/Vector.o
 .bss           0x00000000        0x0 ./src/Vector.o
 .debug_macro   0x00000000      0x55c ./src/Vector.o
 .debug_macro   0x00000000       0x52 ./src/Vector.o
 .debug_macro   0x00000000       0xa0 ./src/Vector.o
 .debug_macro   0x00000000       0x16 ./src/Vector.o
 .debug_macro   0x00000000       0x2e ./src/Vector.o
 .group         0x00000000        0x8 ./src/intc_SW_mode_isr_vectors_MPC5748G.o
 .group         0x00000000        0x8 ./src/intc_SW_mode_isr_vectors_MPC5748G.o
 .group         0x00000000        0x8 ./src/intc_SW_mode_isr_vectors_MPC5748G.o
 .group         0x00000000        0x8 ./src/intc_SW_mode_isr_vectors_MPC5748G.o
 .group         0x00000000        0x8 ./src/intc_SW_mode_isr_vectors_MPC5748G.o
 .group         0x00000000        0x8 ./src/intc_SW_mode_isr_vectors_MPC5748G.o
 .group         0x00000000        0x8 ./src/intc_SW_mode_isr_vectors_MPC5748G.o
 .group         0x00000000        0x8 ./src/intc_SW_mode_isr_vectors_MPC5748G.o
 .group         0x00000000        0x8 ./src/intc_SW_mode_isr_vectors_MPC5748G.o
 .group         0x00000000        0x8 ./src/intc_SW_mode_isr_vectors_MPC5748G.o
 .group         0x00000000        0x8 ./src/intc_SW_mode_isr_vectors_MPC5748G.o
 .group         0x00000000        0x8 ./src/intc_SW_mode_isr_vectors_MPC5748G.o
 .text          0x00000000        0x0 ./src/intc_SW_mode_isr_vectors_MPC5748G.o
 .data          0x00000000        0x0 ./src/intc_SW_mode_isr_vectors_MPC5748G.o
 .bss           0x00000000        0x0 ./src/intc_SW_mode_isr_vectors_MPC5748G.o
 .debug_macro   0x00000000      0x55c ./src/intc_SW_mode_isr_vectors_MPC5748G.o
 .debug_macro   0x00000000       0x52 ./src/intc_SW_mode_isr_vectors_MPC5748G.o
 .debug_macro   0x00000000       0xa0 ./src/intc_SW_mode_isr_vectors_MPC5748G.o
 .debug_macro   0x00000000       0x16 ./src/intc_SW_mode_isr_vectors_MPC5748G.o
 .debug_macro   0x00000000       0x5e ./src/intc_SW_mode_isr_vectors_MPC5748G.o
 .debug_macro   0x00000000      0x1aa ./src/intc_SW_mode_isr_vectors_MPC5748G.o
 .debug_macro   0x00000000      0x13a ./src/intc_SW_mode_isr_vectors_MPC5748G.o
 .debug_macro   0x00000000       0x9d ./src/intc_SW_mode_isr_vectors_MPC5748G.o
 .debug_macro   0x00000000       0x10 ./src/intc_SW_mode_isr_vectors_MPC5748G.o
 .debug_macro   0x00000000      0x15b ./src/intc_SW_mode_isr_vectors_MPC5748G.o
 .debug_macro   0x00000000       0x28 ./src/intc_SW_mode_isr_vectors_MPC5748G.o
 .debug_macro   0x00000000       0x58 ./src/intc_SW_mode_isr_vectors_MPC5748G.o
 .data          0x00000000        0x0 ./src/intc_sw_handlers.o
 .bss           0x00000000        0x0 ./src/intc_sw_handlers.o
 .group         0x00000000        0x8 ./src/main_Z2_2.o
 .group         0x00000000        0x8 ./src/main_Z2_2.o
 .group         0x00000000        0x8 ./src/main_Z2_2.o
 .group         0x00000000        0x8 ./src/main_Z2_2.o
 .group         0x00000000        0x8 ./src/main_Z2_2.o
 .group         0x00000000        0x8 ./src/main_Z2_2.o
 .group         0x00000000        0x8 ./src/main_Z2_2.o
 .group         0x00000000        0x8 ./src/main_Z2_2.o
 .group         0x00000000        0x8 ./src/main_Z2_2.o
 .group         0x00000000        0x8 ./src/main_Z2_2.o
 .group         0x00000000        0x8 ./src/main_Z2_2.o
 .group         0x00000000        0x8 ./src/main_Z2_2.o
 .group         0x00000000        0x8 ./src/main_Z2_2.o
 .text          0x00000000        0x0 ./src/main_Z2_2.o
 .data          0x00000000        0x0 ./src/main_Z2_2.o
 .bss           0x00000000        0x0 ./src/main_Z2_2.o
 .debug_macro   0x00000000      0x55c ./src/main_Z2_2.o
 .debug_macro   0x00000000       0x52 ./src/main_Z2_2.o
 .debug_macro   0x00000000       0xa0 ./src/main_Z2_2.o
 .debug_macro   0x00000000       0x16 ./src/main_Z2_2.o
 .debug_macro   0x00000000       0x5e ./src/main_Z2_2.o
 .debug_macro   0x00000000      0x1aa ./src/main_Z2_2.o
 .debug_macro   0x00000000      0x13a ./src/main_Z2_2.o
 .debug_macro   0x00000000       0x9d ./src/main_Z2_2.o
 .debug_macro   0x00000000       0x10 ./src/main_Z2_2.o
 .debug_macro   0x00000000      0x15b ./src/main_Z2_2.o
 .debug_macro   0x00000000       0x28 ./src/main_Z2_2.o
 .debug_macro   0x00000000       0x58 ./src/main_Z2_2.o
 .debug_macro   0x00000000    0x1812c ./src/main_Z2_2.o
 .bss           0x00000000        0x0 c:/nxp/s32ds_power_v2.1/s32ds/build_tools/powerpc-eabivle-4_9/bin/../lib/gcc/powerpc-eabivle/4.9.4/e200z2\libgcc.a(eabivle.o)
 .data          0x00000000        0x0 c:/nxp/s32ds_power_v2.1/s32ds/build_tools/powerpc-eabivle-4_9/bin/../lib/gcc/powerpc-eabivle/4.9.4/e200z2/crtend.o
 .bss           0x00000000        0x0 c:/nxp/s32ds_power_v2.1/s32ds/build_tools/powerpc-eabivle-4_9/bin/../lib/gcc/powerpc-eabivle/4.9.4/e200z2/crtend.o
 .jcr           0x00000000        0x4 c:/nxp/s32ds_power_v2.1/s32ds/build_tools/powerpc-eabivle-4_9/bin/../lib/gcc/powerpc-eabivle/4.9.4/e200z2/crtend.o
 .text          0x00000000        0x0 c:/nxp/s32ds_power_v2.1/s32ds/build_tools/powerpc-eabivle-4_9/bin/../lib/gcc/powerpc-eabivle/4.9.4/e200z2/ecrtn.o
 .data          0x00000000        0x0 c:/nxp/s32ds_power_v2.1/s32ds/build_tools/powerpc-eabivle-4_9/bin/../lib/gcc/powerpc-eabivle/4.9.4/e200z2/ecrtn.o
 .bss           0x00000000        0x0 c:/nxp/s32ds_power_v2.1/s32ds/build_tools/powerpc-eabivle-4_9/bin/../lib/gcc/powerpc-eabivle/4.9.4/e200z2/ecrtn.o
 .fixup         0x00000000        0x0 c:/nxp/s32ds_power_v2.1/s32ds/build_tools/powerpc-eabivle-4_9/bin/../lib/gcc/powerpc-eabivle/4.9.4/e200z2/ecrtn.o
 .sdata         0x00000000        0x0 c:/nxp/s32ds_power_v2.1/s32ds/build_tools/powerpc-eabivle-4_9/bin/../lib/gcc/powerpc-eabivle/4.9.4/e200z2/ecrtn.o
 .sdata2        0x00000000        0x0 c:/nxp/s32ds_power_v2.1/s32ds/build_tools/powerpc-eabivle-4_9/bin/../lib/gcc/powerpc-eabivle/4.9.4/e200z2/ecrtn.o
 .gcc_except_table
                0x00000000        0x0 c:/nxp/s32ds_power_v2.1/s32ds/build_tools/powerpc-eabivle-4_9/bin/../lib/gcc/powerpc-eabivle/4.9.4/e200z2/ecrtn.o

Memory Configuration

Name             Origin             Length             Attributes
SRAM             0x40080000         0x00040000
*default*        0x00000000         0xffffffff

Linker script and memory map

LOAD c:/nxp/s32ds_power_v2.1/s32ds/build_tools/powerpc-eabivle-4_9/bin/../lib/gcc/powerpc-eabivle/4.9.4/e200z2/ecrti.o
LOAD c:/nxp/s32ds_power_v2.1/s32ds/build_tools/powerpc-eabivle-4_9/bin/../lib/gcc/powerpc-eabivle/4.9.4/e200z2/crtbegin.o
LOAD ./Project_Settings/Startup_Code/startup.o
LOAD ./src/MPC57xx__Interrupt_Init.o
LOAD ./src/Vector.o
LOAD ./src/intc_SW_mode_isr_vectors_MPC5748G.o
LOAD ./src/intc_sw_handlers.o
LOAD ./src/main_Z2_2.o
START GROUP
LOAD C:/NXP/S32DS_Power_v2.1/S32DS/build_tools/e200_ewl2/lib/e200z2\libc99.a
LOAD C:/NXP/S32DS_Power_v2.1/S32DS/build_tools/e200_ewl2/lib/e200z2\libm.a
LOAD c:/nxp/s32ds_power_v2.1/s32ds/build_tools/powerpc-eabivle-4_9/bin/../lib/gcc/powerpc-eabivle/4.9.4/e200z2\libgcc.a
LOAD C:/NXP/S32DS_Power_v2.1/S32DS/build_tools/e200_ewl2/lib/e200z2\librt.a
END GROUP
LOAD c:/nxp/s32ds_power_v2.1/s32ds/build_tools/powerpc-eabivle-4_9/bin/../lib/gcc/powerpc-eabivle/4.9.4/e200z2/crtend.o
LOAD c:/nxp/s32ds_power_v2.1/s32ds/build_tools/powerpc-eabivle-4_9/bin/../lib/gcc/powerpc-eabivle/4.9.4/e200z2/ecrtn.o
                0x00000000                __HEAP_SIZE = 0x0
                0x00001000                __STACK_SIZE = 0x1000
                0x00040000                SRAM_SIZE = 0x40000
                0x40080000                SRAM_BASE_ADDR = 0x40080000

.startup        0x40080000      0x1ee
                0x40080000                __start = .
 *(.startup)
 .startup       0x40080000      0x1ee ./Project_Settings/Startup_Code/startup.o
                0x40080000                _start
                0x400801ea                _fini

.core_exceptions_table
                0x40081000       0xf4
                0x40081000                __IVPR_VALUE = .
 *(.core_exceptions_table)
 .core_exceptions_table
                0x40081000       0xf4 ./src/Vector.o
                0x40081000                VTABLE
                0x40081000                IVOR0_Vector
                0x40081010                IVOR1_Vector
                0x40081020                IVOR2_Vector
                0x40081030                IVOR3_Vector
                0x40081040                IVOR4_Vector
                0x40081050                IVOR5_Vector
                0x40081060                IVOR6_Vector
                0x40081070                IVOR7_Vector
                0x40081080                IVOR8_Vector
                0x40081090                IVOR9_Vector
                0x400810a0                IVOR10_Vector
                0x400810b0                IVOR11_Vector
                0x400810c0                IVOR12_Vector
                0x400810d0                IVOR13_Vector
                0x400810e0                IVOR14_Vector
                0x400810f0                IVOR15_Vector

.intc_vector_table
                0x40082000      0xbc8
 *(.intc_vector_table)
 .intc_vector_table
                0x40082000      0xbc8 ./src/intc_SW_mode_isr_vectors_MPC5748G.o
                0x40082000                IntcIsrVectorTable

.text           0x40082bd0      0x3a0
 *(.text.startup)
 *(.text)
 .text          0x40082bd0      0x16c c:/nxp/s32ds_power_v2.1/s32ds/build_tools/powerpc-eabivle-4_9/bin/../lib/gcc/powerpc-eabivle/4.9.4/e200z2/crtbegin.o
 *fill*         0x40082d3c        0x4 
 .text          0x40082d40       0x48 ./src/intc_sw_handlers.o
                0x40082d40                IVOR4_Handler
 .text          0x40082d88       0x4a c:/nxp/s32ds_power_v2.1/s32ds/build_tools/powerpc-eabivle-4_9/bin/../lib/gcc/powerpc-eabivle/4.9.4/e200z2\libgcc.a(eabivle.o)
                0x40082d88                __eabi
 *fill*         0x40082dd2        0x2 
 .text          0x40082dd4       0x48 c:/nxp/s32ds_power_v2.1/s32ds/build_tools/powerpc-eabivle-4_9/bin/../lib/gcc/powerpc-eabivle/4.9.4/e200z2/crtend.o
 *(.text.*)
 .text.SetIVPR  0x40082e1c       0x1a ./src/MPC57xx__Interrupt_Init.o
                0x40082e1c                SetIVPR
 *fill*         0x40082e36        0x2 
 .text.InitINTC
                0x40082e38       0x54 ./src/MPC57xx__Interrupt_Init.o
                0x40082e38                InitINTC
 .text.enableIrq
                0x40082e8c       0x36 ./src/MPC57xx__Interrupt_Init.o
                0x40082e8c                enableIrq
 *fill*         0x40082ec2        0x2 
 .text.xcptn_xmpl
                0x40082ec4       0x34 ./src/MPC57xx__Interrupt_Init.o
                0x40082ec4                xcptn_xmpl
 .text.dummy    0x40082ef8        0xc ./src/intc_SW_mode_isr_vectors_MPC5748G.o
                0x40082ef8                dummy
 .text.main     0x40082f04       0x22 ./src/main_Z2_2.o
                0x40082f04                main
 *(.init)
 *fill*         0x40082f26        0x2 
 .init          0x40082f28        0xc c:/nxp/s32ds_power_v2.1/s32ds/build_tools/powerpc-eabivle-4_9/bin/../lib/gcc/powerpc-eabivle/4.9.4/e200z2/ecrti.o
                0x40082f28                __init
 .init          0x40082f34        0x4 c:/nxp/s32ds_power_v2.1/s32ds/build_tools/powerpc-eabivle-4_9/bin/../lib/gcc/powerpc-eabivle/4.9.4/e200z2/crtbegin.o
 .init          0x40082f38        0x4 c:/nxp/s32ds_power_v2.1/s32ds/build_tools/powerpc-eabivle-4_9/bin/../lib/gcc/powerpc-eabivle/4.9.4/e200z2/crtend.o
 .init          0x40082f3c        0xa c:/nxp/s32ds_power_v2.1/s32ds/build_tools/powerpc-eabivle-4_9/bin/../lib/gcc/powerpc-eabivle/4.9.4/e200z2/ecrtn.o
 *(.fini)
 *fill*         0x40082f46        0x2 
 .fini          0x40082f48        0xc c:/nxp/s32ds_power_v2.1/s32ds/build_tools/powerpc-eabivle-4_9/bin/../lib/gcc/powerpc-eabivle/4.9.4/e200z2/ecrti.o
                0x40082f48                __fini
 .fini          0x40082f54        0x4 c:/nxp/s32ds_power_v2.1/s32ds/build_tools/powerpc-eabivle-4_9/bin/../lib/gcc/powerpc-eabivle/4.9.4/e200z2/crtbegin.o
 .fini          0x40082f58        0xa c:/nxp/s32ds_power_v2.1/s32ds/build_tools/powerpc-eabivle-4_9/bin/../lib/gcc/powerpc-eabivle/4.9.4/e200z2/ecrtn.o
                0x40082f70                . = ALIGN (0x10)
 *fill*         0x40082f62        0xe 

.glink          0x40082f70        0x0
 .glink         0x40082f70        0x0 c:/nxp/s32ds_power_v2.1/s32ds/build_tools/powerpc-eabivle-4_9/bin/../lib/gcc/powerpc-eabivle/4.9.4/e200z2/crtbegin.o

.ctors          0x40082f70        0x8
                0x40082f70                __CTOR_LIST__ = .
 *crtbegin.o(.ctors)
 .ctors         0x40082f70        0x4 c:/nxp/s32ds_power_v2.1/s32ds/build_tools/powerpc-eabivle-4_9/bin/../lib/gcc/powerpc-eabivle/4.9.4/e200z2/crtbegin.o
 *crtbegin?.o(.ctors)
 *(EXCLUDE_FILE(*crtend.o *crtend?.o) .ctors)
 .ctors         0x40082f74        0x0 c:/nxp/s32ds_power_v2.1/s32ds/build_tools/powerpc-eabivle-4_9/bin/../lib/gcc/powerpc-eabivle/4.9.4/e200z2/ecrti.o
 .ctors         0x40082f74        0x0 c:/nxp/s32ds_power_v2.1/s32ds/build_tools/powerpc-eabivle-4_9/bin/../lib/gcc/powerpc-eabivle/4.9.4/e200z2/ecrtn.o
 *(SORT(.ctors.*))
 *(.ctors)
 .ctors         0x40082f74        0x4 c:/nxp/s32ds_power_v2.1/s32ds/build_tools/powerpc-eabivle-4_9/bin/../lib/gcc/powerpc-eabivle/4.9.4/e200z2/crtend.o
                0x40082f78                __CTOR_END__ = .

.dtors          0x40082f78        0x8
                0x40082f78                __DTOR_LIST__ = .
 *crtbegin.o(.dtors)
 .dtors         0x40082f78        0x4 c:/nxp/s32ds_power_v2.1/s32ds/build_tools/powerpc-eabivle-4_9/bin/../lib/gcc/powerpc-eabivle/4.9.4/e200z2/crtbegin.o
 *crtbegin?.o(.dtors)
 *(EXCLUDE_FILE(*crtend.o *crtend?.o) .dtors)
 .dtors         0x40082f7c        0x0 c:/nxp/s32ds_power_v2.1/s32ds/build_tools/powerpc-eabivle-4_9/bin/../lib/gcc/powerpc-eabivle/4.9.4/e200z2/ecrti.o
 .dtors         0x40082f7c        0x0 c:/nxp/s32ds_power_v2.1/s32ds/build_tools/powerpc-eabivle-4_9/bin/../lib/gcc/powerpc-eabivle/4.9.4/e200z2/ecrtn.o
 *(SORT(.dtors.*))
 *(.dtors)
 .dtors         0x40082f7c        0x4 c:/nxp/s32ds_power_v2.1/s32ds/build_tools/powerpc-eabivle-4_9/bin/../lib/gcc/powerpc-eabivle/4.9.4/e200z2/crtend.o
                0x40082f80                __DTOR_END__ = .

.preinit_array  0x40082f80        0x0
                [!provide]                PROVIDE (__preinit_array_start, .)
 *(.preinit_array*)
                [!provide]                PROVIDE (__preinit_array_end, .)

.init_array     0x40082f80        0x0
                [!provide]                PROVIDE (__init_array_start, .)
 *(SORT(.init_array.*))
 *(.init_array*)
                [!provide]                PROVIDE (__init_array_end, .)

.fini_array     0x40082f80        0x0
                [!provide]                PROVIDE (__fini_array_start, .)
 *(SORT(.fini_array.*))
 *(.fini_array*)
                [!provide]                PROVIDE (__fini_array_end, .)

.rodata
 *(.rodata)
 *(.rodata.*)
 *(.got1)

.sdata2         0x40082f80        0x0
 *(.sdata2)
 .sdata2        0x40082f80        0x0 c:/nxp/s32ds_power_v2.1/s32ds/build_tools/powerpc-eabivle-4_9/bin/../lib/gcc/powerpc-eabivle/4.9.4/e200z2/ecrti.o
 .sdata2        0x40082f80        0x0 c:/nxp/s32ds_power_v2.1/s32ds/build_tools/powerpc-eabivle-4_9/bin/../lib/gcc/powerpc-eabivle/4.9.4/e200z2/crtbegin.o
 *(.sdata2.*)

.sbss2          0x40082f80        0x0
 *(.sbss2)
 .sbss2         0x40082f80        0x0 c:/nxp/s32ds_power_v2.1/s32ds/build_tools/powerpc-eabivle-4_9/bin/../lib/gcc/powerpc-eabivle/4.9.4/e200z2/ecrtn.o
 *(.sbss2.*)

.rela.dyn       0x40082f80        0x0
 .rela.iplt     0x40082f80        0x0 c:/nxp/s32ds_power_v2.1/s32ds/build_tools/powerpc-eabivle-4_9/bin/../lib/gcc/powerpc-eabivle/4.9.4/e200z2/crtbegin.o
 .rela.text     0x40082f80        0x0 c:/nxp/s32ds_power_v2.1/s32ds/build_tools/powerpc-eabivle-4_9/bin/../lib/gcc/powerpc-eabivle/4.9.4/e200z2/crtbegin.o
 .rela.text.InitINTC
                0x40082f80        0x0 c:/nxp/s32ds_power_v2.1/s32ds/build_tools/powerpc-eabivle-4_9/bin/../lib/gcc/powerpc-eabivle/4.9.4/e200z2/crtbegin.o
 .rela.text.xcptn_xmpl
                0x40082f80        0x0 c:/nxp/s32ds_power_v2.1/s32ds/build_tools/powerpc-eabivle-4_9/bin/../lib/gcc/powerpc-eabivle/4.9.4/e200z2/crtbegin.o
 .rela.got2     0x40082f80        0x0 c:/nxp/s32ds_power_v2.1/s32ds/build_tools/powerpc-eabivle-4_9/bin/../lib/gcc/powerpc-eabivle/4.9.4/e200z2/crtbegin.o

.eh_frame_hdr
 *(.eh_frame_hdr)

.eh_frame       0x40082f80        0x8
 *(.eh_frame)
 .eh_frame      0x40082f80        0x0 c:/nxp/s32ds_power_v2.1/s32ds/build_tools/powerpc-eabivle-4_9/bin/../lib/gcc/powerpc-eabivle/4.9.4/e200z2/ecrti.o
                0x40082f80                __EH_FRAME_BEGIN__
 .eh_frame      0x40082f80        0x0 c:/nxp/s32ds_power_v2.1/s32ds/build_tools/powerpc-eabivle-4_9/bin/../lib/gcc/powerpc-eabivle/4.9.4/e200z2/crtbegin.o
 .eh_frame      0x40082f80        0x0 c:/nxp/s32ds_power_v2.1/s32ds/build_tools/powerpc-eabivle-4_9/bin/../lib/gcc/powerpc-eabivle/4.9.4/e200z2/crtbegin.o
 .eh_frame      0x40082f80        0x4 c:/nxp/s32ds_power_v2.1/s32ds/build_tools/powerpc-eabivle-4_9/bin/../lib/gcc/powerpc-eabivle/4.9.4/e200z2/crtend.o
 .eh_frame      0x40082f84        0x4 c:/nxp/s32ds_power_v2.1/s32ds/build_tools/powerpc-eabivle-4_9/bin/../lib/gcc/powerpc-eabivle/4.9.4/e200z2/ecrtn.o
                0x40082f84                __EH_FRAME_END__

.data           0x40082f88       0x20
 *(.data)
 .data          0x40082f88        0x4 c:/nxp/s32ds_power_v2.1/s32ds/build_tools/powerpc-eabivle-4_9/bin/../lib/gcc/powerpc-eabivle/4.9.4/e200z2\libgcc.a(eabivle.o)
 *(.data.*)
 *(.got.plt)
 *(.got)
 *(.got2)
 .got2          0x40082f8c       0x1c c:/nxp/s32ds_power_v2.1/s32ds/build_tools/powerpc-eabivle-4_9/bin/../lib/gcc/powerpc-eabivle/4.9.4/e200z2\libgcc.a(eabivle.o)
 *(.dynamic)
 *(.fixup)
                0x40082fa8                . = ALIGN (0x4)

.jcr            0x40082fa8        0x0
 .jcr           0x40082fa8        0x0 c:/nxp/s32ds_power_v2.1/s32ds/build_tools/powerpc-eabivle-4_9/bin/../lib/gcc/powerpc-eabivle/4.9.4/e200z2/crtbegin.o

.tm_clone_table
                0x40082fa8        0x0
 .tm_clone_table
                0x40082fa8        0x0 c:/nxp/s32ds_power_v2.1/s32ds/build_tools/powerpc-eabivle-4_9/bin/../lib/gcc/powerpc-eabivle/4.9.4/e200z2/crtbegin.o
 .tm_clone_table
                0x40082fa8        0x0 c:/nxp/s32ds_power_v2.1/s32ds/build_tools/powerpc-eabivle-4_9/bin/../lib/gcc/powerpc-eabivle/4.9.4/e200z2/crtend.o

.sdata          0x40082fa8        0x0
 *(.sdata)
 .sdata         0x40082fa8        0x0 c:/nxp/s32ds_power_v2.1/s32ds/build_tools/powerpc-eabivle-4_9/bin/../lib/gcc/powerpc-eabivle/4.9.4/e200z2/ecrti.o
 .sdata         0x40082fa8        0x0 c:/nxp/s32ds_power_v2.1/s32ds/build_tools/powerpc-eabivle-4_9/bin/../lib/gcc/powerpc-eabivle/4.9.4/e200z2/crtbegin.o
 *(.sdata.*)
                0x40082fa8                __BSS_START = .

.sbss           0x40082fa8        0x0
 *(.sbss)
 .sbss          0x40082fa8        0x0 c:/nxp/s32ds_power_v2.1/s32ds/build_tools/powerpc-eabivle-4_9/bin/../lib/gcc/powerpc-eabivle/4.9.4/e200z2/ecrtn.o
 *(.sbss.*)

.bss            0x40082fa8       0x20
 *(.bss)
 .bss           0x40082fa8       0x20 c:/nxp/s32ds_power_v2.1/s32ds/build_tools/powerpc-eabivle-4_9/bin/../lib/gcc/powerpc-eabivle/4.9.4/e200z2/crtbegin.o
 *(.bss.*)
 *(COMMON)
                0x40082fc8                __BSS_END = .

.iplt           0x40082fd0        0x0
 .iplt          0x40082fd0        0x0 c:/nxp/s32ds_power_v2.1/s32ds/build_tools/powerpc-eabivle-4_9/bin/../lib/gcc/powerpc-eabivle/4.9.4/e200z2/crtbegin.o

.stack          0x40082fd0     0x1004
                0x40082fd0                __HEAP = .
                [!provide]                PROVIDE (_end, .)
                [!provide]                PROVIDE (end, .)
                0x40082fd0                . = (. + __HEAP_SIZE)
                0x40082fd0                __HEAP_END = .
                0x40082fd0                _stack_end = .
                0x40083fd0                . = (. + __STACK_SIZE)
 *fill*         0x40082fd0     0x1000 
                0x40083fd0                _stack_addr = .
                0x40083fd0                __SP_INIT = .
                0x40083fd4                . = (. + 0x4)
 *fill*         0x40083fd0        0x4 
                0x40082f88                __DATA_SRAM_ADDR = ADDR (.data)
                0x40082fa8                __SDATA_SRAM_ADDR = ADDR (.sdata)
                0x00000020                __DATA_SIZE = SIZEOF (.data)
                0x00000000                __SDATA_SIZE = SIZEOF (.sdata)
                0x40082f88                __DATA_ROM_ADDR = LOADADDR (.data)
                0x40082fa8                __SDATA_ROM_ADDR = LOADADDR (.sdata)
                0x0003d058                __SRAM_SIZE = (SRAM_SIZE - (__BSS_START - SRAM_BASE_ADDR))
                0x40082fa8                __SRAM_BASE_ADDR = __BSS_START
                0x00000020                __BSS_SIZE = (__BSS_END - __BSS_START)
OUTPUT(MPC5748G_Timmers_Z2_2.elf elf32-powerpc)

.comment        0x00000000       0x9c
 .comment       0x00000000        0xd c:/nxp/s32ds_power_v2.1/s32ds/build_tools/powerpc-eabivle-4_9/bin/../lib/gcc/powerpc-eabivle/4.9.4/e200z2/ecrti.o
                                  0xe (size before relaxing)
 .comment       0x0000000d       0x82 c:/nxp/s32ds_power_v2.1/s32ds/build_tools/powerpc-eabivle-4_9/bin/../lib/gcc/powerpc-eabivle/4.9.4/e200z2/crtbegin.o
                                 0x83 (size before relaxing)
 .comment       0x0000008f       0x83 ./src/MPC57xx__Interrupt_Init.o
 .comment       0x0000008f       0x83 ./src/Vector.o
 .comment       0x0000008f       0x83 ./src/intc_SW_mode_isr_vectors_MPC5748G.o
 .comment       0x0000008f       0x83 ./src/main_Z2_2.o
 .comment       0x0000008f       0x83 c:/nxp/s32ds_power_v2.1/s32ds/build_tools/powerpc-eabivle-4_9/bin/../lib/gcc/powerpc-eabivle/4.9.4/e200z2/crtend.o
 .comment       0x0000008f        0xd c:/nxp/s32ds_power_v2.1/s32ds/build_tools/powerpc-eabivle-4_9/bin/../lib/gcc/powerpc-eabivle/4.9.4/e200z2/ecrtn.o
                                  0xe (size before relaxing)

.PPC.EMB.apuinfo
                0x00000000       0x18
 .PPC.EMB.apuinfo
                0x00000000       0x18 c:/nxp/s32ds_power_v2.1/s32ds/build_tools/powerpc-eabivle-4_9/bin/../lib/gcc/powerpc-eabivle/4.9.4/e200z2/ecrti.o
 .PPC.EMB.apuinfo
                0x00000018       0x18 c:/nxp/s32ds_power_v2.1/s32ds/build_tools/powerpc-eabivle-4_9/bin/../lib/gcc/powerpc-eabivle/4.9.4/e200z2/crtbegin.o
 .PPC.EMB.apuinfo
                0x00000030       0x18 ./Project_Settings/Startup_Code/startup.o
 .PPC.EMB.apuinfo
                0x00000048       0x18 ./src/MPC57xx__Interrupt_Init.o
 .PPC.EMB.apuinfo
                0x00000060       0x18 ./src/Vector.o
 .PPC.EMB.apuinfo
                0x00000078       0x18 ./src/intc_SW_mode_isr_vectors_MPC5748G.o
 .PPC.EMB.apuinfo
                0x00000090       0x18 ./src/intc_sw_handlers.o
 .PPC.EMB.apuinfo
                0x000000a8       0x18 ./src/main_Z2_2.o
 .PPC.EMB.apuinfo
                0x000000c0       0x18 c:/nxp/s32ds_power_v2.1/s32ds/build_tools/powerpc-eabivle-4_9/bin/../lib/gcc/powerpc-eabivle/4.9.4/e200z2\libgcc.a(eabivle.o)
 .PPC.EMB.apuinfo
                0x000000d8       0x18 c:/nxp/s32ds_power_v2.1/s32ds/build_tools/powerpc-eabivle-4_9/bin/../lib/gcc/powerpc-eabivle/4.9.4/e200z2/crtend.o
 .PPC.EMB.apuinfo
                0x000000f0       0x18 c:/nxp/s32ds_power_v2.1/s32ds/build_tools/powerpc-eabivle-4_9/bin/../lib/gcc/powerpc-eabivle/4.9.4/e200z2/ecrtn.o

.debug_line     0x00000000      0x8b6
 .debug_line    0x00000000       0xda ./Project_Settings/Startup_Code/startup.o
 .debug_line    0x000000da      0x268 ./src/MPC57xx__Interrupt_Init.o
 .debug_line    0x00000342      0x102 ./src/Vector.o
 .debug_line    0x00000444      0x204 ./src/intc_SW_mode_isr_vectors_MPC5748G.o
 .debug_line    0x00000648       0x5d ./src/intc_sw_handlers.o
 .debug_line    0x000006a5      0x211 ./src/main_Z2_2.o

.debug_info     0x00000000      0x897
 .debug_info    0x00000000       0x9b ./Project_Settings/Startup_Code/startup.o
 .debug_info    0x0000009b      0x600 ./src/MPC57xx__Interrupt_Init.o
 .debug_info    0x0000069b       0x21 ./src/Vector.o
 .debug_info    0x000006bc       0xb4 ./src/intc_SW_mode_isr_vectors_MPC5748G.o
 .debug_info    0x00000770       0x8a ./src/intc_sw_handlers.o
 .debug_info    0x000007fa       0x9d ./src/main_Z2_2.o

.debug_abbrev   0x00000000      0x275
 .debug_abbrev  0x00000000       0x14 ./Project_Settings/Startup_Code/startup.o
 .debug_abbrev  0x00000014      0x15f ./src/MPC57xx__Interrupt_Init.o
 .debug_abbrev  0x00000173       0x13 ./src/Vector.o
 .debug_abbrev  0x00000186       0x7c ./src/intc_SW_mode_isr_vectors_MPC5748G.o
 .debug_abbrev  0x00000202       0x14 ./src/intc_sw_handlers.o
 .debug_abbrev  0x00000216       0x5f ./src/main_Z2_2.o

.debug_aranges  0x00000000       0xd0
 .debug_aranges
                0x00000000       0x20 ./Project_Settings/Startup_Code/startup.o
 .debug_aranges
                0x00000020       0x38 ./src/MPC57xx__Interrupt_Init.o
 .debug_aranges
                0x00000058       0x18 ./src/Vector.o
 .debug_aranges
                0x00000070       0x20 ./src/intc_SW_mode_isr_vectors_MPC5748G.o
 .debug_aranges
                0x00000090       0x20 ./src/intc_sw_handlers.o
 .debug_aranges
                0x000000b0       0x20 ./src/main_Z2_2.o

.debug_ranges   0x00000000       0x48
 .debug_ranges  0x00000000       0x28 ./src/MPC57xx__Interrupt_Init.o
 .debug_ranges  0x00000028       0x10 ./src/intc_SW_mode_isr_vectors_MPC5748G.o
 .debug_ranges  0x00000038       0x10 ./src/main_Z2_2.o

.debug_macro    0x00000000    0x18fe7
 .debug_macro   0x00000000       0xc9 ./src/MPC57xx__Interrupt_Init.o
 .debug_macro   0x000000c9      0x55c ./src/MPC57xx__Interrupt_Init.o
 .debug_macro   0x00000625       0x52 ./src/MPC57xx__Interrupt_Init.o
 .debug_macro   0x00000677       0xa0 ./src/MPC57xx__Interrupt_Init.o
 .debug_macro   0x00000717       0x16 ./src/MPC57xx__Interrupt_Init.o
 .debug_macro   0x0000072d       0x5e ./src/MPC57xx__Interrupt_Init.o
 .debug_macro   0x0000078b      0x1aa ./src/MPC57xx__Interrupt_Init.o
 .debug_macro   0x00000935      0x13a ./src/MPC57xx__Interrupt_Init.o
 .debug_macro   0x00000a6f       0x9d ./src/MPC57xx__Interrupt_Init.o
 .debug_macro   0x00000b0c       0x10 ./src/MPC57xx__Interrupt_Init.o
 .debug_macro   0x00000b1c      0x15b ./src/MPC57xx__Interrupt_Init.o
 .debug_macro   0x00000c77       0x28 ./src/MPC57xx__Interrupt_Init.o
 .debug_macro   0x00000c9f       0x58 ./src/MPC57xx__Interrupt_Init.o
 .debug_macro   0x00000cf7    0x1812c ./src/MPC57xx__Interrupt_Init.o
 .debug_macro   0x00018e23       0x2e ./src/MPC57xx__Interrupt_Init.o
 .debug_macro   0x00018e51       0x41 ./src/Vector.o
 .debug_macro   0x00018e92       0xa1 ./src/intc_SW_mode_isr_vectors_MPC5748G.o
 .debug_macro   0x00018f33       0xb4 ./src/main_Z2_2.o

.debug_str      0x00000000    0x6bcb8
 .debug_str     0x00000000    0x6bbf2 ./src/MPC57xx__Interrupt_Init.o
                              0x6bc96 (size before relaxing)
 .debug_str     0x0006bbf2       0x75 ./src/Vector.o
                               0x1fc5 (size before relaxing)
 .debug_str     0x0006bc67       0x31 ./src/intc_SW_mode_isr_vectors_MPC5748G.o
                               0x357a (size before relaxing)
 .debug_str     0x0006bc98       0x20 ./src/main_Z2_2.o
                              0x6b89b (size before relaxing)

.debug_frame    0x00000000       0xf8
 .debug_frame   0x00000000       0xa0 ./src/MPC57xx__Interrupt_Init.o
 .debug_frame   0x000000a0       0x2c ./src/intc_SW_mode_isr_vectors_MPC5748G.o
 .debug_frame   0x000000cc       0x2c ./src/main_Z2_2.o
