Archive member included to satisfy reference by file (symbol)

c:/nxp/s32ds_power_v2.1/s32ds/build_tools/powerpc-eabivle-4_9/bin/../lib/gcc/powerpc-eabivle/4.9.4/e200z4/fp\libgcc.a(eabivle.o)
                              ./src/main_Z4_1.o (__eabi)

Discarded input sections

 .text          0x00000000        0x0 c:/nxp/s32ds_power_v2.1/s32ds/build_tools/powerpc-eabivle-4_9/bin/../lib/gcc/powerpc-eabivle/4.9.4/e200z4/fp/ecrti.o
 .data          0x00000000        0x0 c:/nxp/s32ds_power_v2.1/s32ds/build_tools/powerpc-eabivle-4_9/bin/../lib/gcc/powerpc-eabivle/4.9.4/e200z4/fp/ecrti.o
 .bss           0x00000000        0x0 c:/nxp/s32ds_power_v2.1/s32ds/build_tools/powerpc-eabivle-4_9/bin/../lib/gcc/powerpc-eabivle/4.9.4/e200z4/fp/ecrti.o
 .fixup         0x00000000        0x0 c:/nxp/s32ds_power_v2.1/s32ds/build_tools/powerpc-eabivle-4_9/bin/../lib/gcc/powerpc-eabivle/4.9.4/e200z4/fp/ecrti.o
 .sbss          0x00000000        0x0 c:/nxp/s32ds_power_v2.1/s32ds/build_tools/powerpc-eabivle-4_9/bin/../lib/gcc/powerpc-eabivle/4.9.4/e200z4/fp/ecrti.o
 .sbss2         0x00000000        0x0 c:/nxp/s32ds_power_v2.1/s32ds/build_tools/powerpc-eabivle-4_9/bin/../lib/gcc/powerpc-eabivle/4.9.4/e200z4/fp/ecrti.o
 .gcc_except_table
                0x00000000        0x0 c:/nxp/s32ds_power_v2.1/s32ds/build_tools/powerpc-eabivle-4_9/bin/../lib/gcc/powerpc-eabivle/4.9.4/e200z4/fp/ecrti.o
 .data          0x00000000        0x4 c:/nxp/s32ds_power_v2.1/s32ds/build_tools/powerpc-eabivle-4_9/bin/../lib/gcc/powerpc-eabivle/4.9.4/e200z4/fp/crtbegin.o
 .text          0x00000000        0x0 ./Project_Settings/Startup_Code/startup.o
 .data          0x00000000        0x0 ./Project_Settings/Startup_Code/startup.o
 .bss           0x00000000        0x0 ./Project_Settings/Startup_Code/startup.o
 .group         0x00000000        0x8 ./src/MPC57xx__Interrupt_Init.o
 .group         0x00000000        0x8 ./src/MPC57xx__Interrupt_Init.o
 .group         0x00000000        0x8 ./src/MPC57xx__Interrupt_Init.o
 .group         0x00000000        0x8 ./src/MPC57xx__Interrupt_Init.o
 .group         0x00000000        0x8 ./src/MPC57xx__Interrupt_Init.o
 .group         0x00000000        0x8 ./src/MPC57xx__Interrupt_Init.o
 .group         0x00000000        0x8 ./src/MPC57xx__Interrupt_Init.o
 .group         0x00000000        0x8 ./src/MPC57xx__Interrupt_Init.o
 .group         0x00000000        0x8 ./src/MPC57xx__Interrupt_Init.o
 .group         0x00000000        0x8 ./src/MPC57xx__Interrupt_Init.o
 .group         0x00000000        0x8 ./src/MPC57xx__Interrupt_Init.o
 .group         0x00000000        0x8 ./src/MPC57xx__Interrupt_Init.o
 .group         0x00000000        0x8 ./src/MPC57xx__Interrupt_Init.o
 .group         0x00000000        0x8 ./src/MPC57xx__Interrupt_Init.o
 .text          0x00000000        0x0 ./src/MPC57xx__Interrupt_Init.o
 .data          0x00000000        0x0 ./src/MPC57xx__Interrupt_Init.o
 .bss           0x00000000        0x0 ./src/MPC57xx__Interrupt_Init.o
 .group         0x00000000        0x8 ./src/Vector.o
 .group         0x00000000        0x8 ./src/Vector.o
 .group         0x00000000        0x8 ./src/Vector.o
 .group         0x00000000        0x8 ./src/Vector.o
 .group         0x00000000        0x8 ./src/Vector.o
 .text          0x00000000        0x0 ./src/Vector.o
 .data          0x00000000        0x0 ./src/Vector.o
 .bss           0x00000000        0x0 ./src/Vector.o
 .debug_macro   0x00000000      0x60a ./src/Vector.o
 .debug_macro   0x00000000       0x52 ./src/Vector.o
 .debug_macro   0x00000000       0xa0 ./src/Vector.o
 .debug_macro   0x00000000       0x16 ./src/Vector.o
 .debug_macro   0x00000000       0x2e ./src/Vector.o
 .group         0x00000000        0x8 ./src/intc_SW_mode_isr_vectors_MPC5748G.o
 .group         0x00000000        0x8 ./src/intc_SW_mode_isr_vectors_MPC5748G.o
 .group         0x00000000        0x8 ./src/intc_SW_mode_isr_vectors_MPC5748G.o
 .group         0x00000000        0x8 ./src/intc_SW_mode_isr_vectors_MPC5748G.o
 .group         0x00000000        0x8 ./src/intc_SW_mode_isr_vectors_MPC5748G.o
 .group         0x00000000        0x8 ./src/intc_SW_mode_isr_vectors_MPC5748G.o
 .group         0x00000000        0x8 ./src/intc_SW_mode_isr_vectors_MPC5748G.o
 .group         0x00000000        0x8 ./src/intc_SW_mode_isr_vectors_MPC5748G.o
 .group         0x00000000        0x8 ./src/intc_SW_mode_isr_vectors_MPC5748G.o
 .group         0x00000000        0x8 ./src/intc_SW_mode_isr_vectors_MPC5748G.o
 .group         0x00000000        0x8 ./src/intc_SW_mode_isr_vectors_MPC5748G.o
 .group         0x00000000        0x8 ./src/intc_SW_mode_isr_vectors_MPC5748G.o
 .text          0x00000000        0x0 ./src/intc_SW_mode_isr_vectors_MPC5748G.o
 .data          0x00000000        0x0 ./src/intc_SW_mode_isr_vectors_MPC5748G.o
 .bss           0x00000000        0x0 ./src/intc_SW_mode_isr_vectors_MPC5748G.o
 .debug_macro   0x00000000      0x60a ./src/intc_SW_mode_isr_vectors_MPC5748G.o
 .debug_macro   0x00000000       0x52 ./src/intc_SW_mode_isr_vectors_MPC5748G.o
 .debug_macro   0x00000000       0xa0 ./src/intc_SW_mode_isr_vectors_MPC5748G.o
 .debug_macro   0x00000000       0x16 ./src/intc_SW_mode_isr_vectors_MPC5748G.o
 .debug_macro   0x00000000       0x5e ./src/intc_SW_mode_isr_vectors_MPC5748G.o
 .debug_macro   0x00000000      0x1aa ./src/intc_SW_mode_isr_vectors_MPC5748G.o
 .debug_macro   0x00000000      0x13a ./src/intc_SW_mode_isr_vectors_MPC5748G.o
 .debug_macro   0x00000000       0x9d ./src/intc_SW_mode_isr_vectors_MPC5748G.o
 .debug_macro   0x00000000       0x10 ./src/intc_SW_mode_isr_vectors_MPC5748G.o
 .debug_macro   0x00000000      0x15b ./src/intc_SW_mode_isr_vectors_MPC5748G.o
 .debug_macro   0x00000000       0x28 ./src/intc_SW_mode_isr_vectors_MPC5748G.o
 .debug_macro   0x00000000       0x58 ./src/intc_SW_mode_isr_vectors_MPC5748G.o
 .data          0x00000000        0x0 ./src/intc_sw_handlers.o
 .bss           0x00000000        0x0 ./src/intc_sw_handlers.o
 .group         0x00000000        0x8 ./src/main_Z4_1.o
 .group         0x00000000        0x8 ./src/main_Z4_1.o
 .group         0x00000000        0x8 ./src/main_Z4_1.o
 .group         0x00000000        0x8 ./src/main_Z4_1.o
 .group         0x00000000        0x8 ./src/main_Z4_1.o
 .group         0x00000000        0x8 ./src/main_Z4_1.o
 .group         0x00000000        0x8 ./src/main_Z4_1.o
 .group         0x00000000        0x8 ./src/main_Z4_1.o
 .group         0x00000000        0x8 ./src/main_Z4_1.o
 .group         0x00000000        0x8 ./src/main_Z4_1.o
 .group         0x00000000        0x8 ./src/main_Z4_1.o
 .group         0x00000000        0x8 ./src/main_Z4_1.o
 .group         0x00000000        0x8 ./src/main_Z4_1.o
 .text          0x00000000        0x0 ./src/main_Z4_1.o
 .data          0x00000000        0x0 ./src/main_Z4_1.o
 .bss           0x00000000        0x0 ./src/main_Z4_1.o
 .debug_macro   0x00000000      0x60a ./src/main_Z4_1.o
 .debug_macro   0x00000000       0x52 ./src/main_Z4_1.o
 .debug_macro   0x00000000       0xa0 ./src/main_Z4_1.o
 .debug_macro   0x00000000       0x16 ./src/main_Z4_1.o
 .debug_macro   0x00000000       0x5e ./src/main_Z4_1.o
 .debug_macro   0x00000000      0x1aa ./src/main_Z4_1.o
 .debug_macro   0x00000000      0x13a ./src/main_Z4_1.o
 .debug_macro   0x00000000       0x9d ./src/main_Z4_1.o
 .debug_macro   0x00000000       0x10 ./src/main_Z4_1.o
 .debug_macro   0x00000000      0x15b ./src/main_Z4_1.o
 .debug_macro   0x00000000       0x28 ./src/main_Z4_1.o
 .debug_macro   0x00000000       0x58 ./src/main_Z4_1.o
 .debug_macro   0x00000000    0x1812c ./src/main_Z4_1.o
 .bss           0x00000000        0x0 c:/nxp/s32ds_power_v2.1/s32ds/build_tools/powerpc-eabivle-4_9/bin/../lib/gcc/powerpc-eabivle/4.9.4/e200z4/fp\libgcc.a(eabivle.o)
 .data          0x00000000        0x0 c:/nxp/s32ds_power_v2.1/s32ds/build_tools/powerpc-eabivle-4_9/bin/../lib/gcc/powerpc-eabivle/4.9.4/e200z4/fp/crtend.o
 .bss           0x00000000        0x0 c:/nxp/s32ds_power_v2.1/s32ds/build_tools/powerpc-eabivle-4_9/bin/../lib/gcc/powerpc-eabivle/4.9.4/e200z4/fp/crtend.o
 .jcr           0x00000000        0x4 c:/nxp/s32ds_power_v2.1/s32ds/build_tools/powerpc-eabivle-4_9/bin/../lib/gcc/powerpc-eabivle/4.9.4/e200z4/fp/crtend.o
 .text          0x00000000        0x0 c:/nxp/s32ds_power_v2.1/s32ds/build_tools/powerpc-eabivle-4_9/bin/../lib/gcc/powerpc-eabivle/4.9.4/e200z4/fp/ecrtn.o
 .data          0x00000000        0x0 c:/nxp/s32ds_power_v2.1/s32ds/build_tools/powerpc-eabivle-4_9/bin/../lib/gcc/powerpc-eabivle/4.9.4/e200z4/fp/ecrtn.o
 .bss           0x00000000        0x0 c:/nxp/s32ds_power_v2.1/s32ds/build_tools/powerpc-eabivle-4_9/bin/../lib/gcc/powerpc-eabivle/4.9.4/e200z4/fp/ecrtn.o
 .fixup         0x00000000        0x0 c:/nxp/s32ds_power_v2.1/s32ds/build_tools/powerpc-eabivle-4_9/bin/../lib/gcc/powerpc-eabivle/4.9.4/e200z4/fp/ecrtn.o
 .sdata         0x00000000        0x0 c:/nxp/s32ds_power_v2.1/s32ds/build_tools/powerpc-eabivle-4_9/bin/../lib/gcc/powerpc-eabivle/4.9.4/e200z4/fp/ecrtn.o
 .sdata2        0x00000000        0x0 c:/nxp/s32ds_power_v2.1/s32ds/build_tools/powerpc-eabivle-4_9/bin/../lib/gcc/powerpc-eabivle/4.9.4/e200z4/fp/ecrtn.o
 .gcc_except_table
                0x00000000        0x0 c:/nxp/s32ds_power_v2.1/s32ds/build_tools/powerpc-eabivle-4_9/bin/../lib/gcc/powerpc-eabivle/4.9.4/e200z4/fp/ecrtn.o

Memory Configuration

Name             Origin             Length             Attributes
flash_rchw       0x00fa0000         0x00000004
cpu0_reset_vec   0x00fa0010         0x00000004
cpu1_reset_vec   0x00fa0014         0x00000004
cpu2_reset_vec   0x00fa0004         0x00000004
m_text           0x011d0000         0x001d0000
m_data           0x40040000         0x00040000
*default*        0x00000000         0xffffffff

Linker script and memory map

LOAD c:/nxp/s32ds_power_v2.1/s32ds/build_tools/powerpc-eabivle-4_9/bin/../lib/gcc/powerpc-eabivle/4.9.4/e200z4/fp/ecrti.o
LOAD c:/nxp/s32ds_power_v2.1/s32ds/build_tools/powerpc-eabivle-4_9/bin/../lib/gcc/powerpc-eabivle/4.9.4/e200z4/fp/crtbegin.o
LOAD ./Project_Settings/Startup_Code/startup.o
LOAD ./src/MPC57xx__Interrupt_Init.o
LOAD ./src/Vector.o
LOAD ./src/intc_SW_mode_isr_vectors_MPC5748G.o
LOAD ./src/intc_sw_handlers.o
LOAD ./src/main_Z4_1.o
START GROUP
LOAD C:/NXP/S32DS_Power_v2.1/S32DS/build_tools/e200_ewl2/lib/e200z4/fp\libc99.a
LOAD C:/NXP/S32DS_Power_v2.1/S32DS/build_tools/e200_ewl2/lib/e200z4/fp\libm.a
LOAD c:/nxp/s32ds_power_v2.1/s32ds/build_tools/powerpc-eabivle-4_9/bin/../lib/gcc/powerpc-eabivle/4.9.4/e200z4/fp\libgcc.a
LOAD C:/NXP/S32DS_Power_v2.1/S32DS/build_tools/e200_ewl2/lib/e200z4/fp\librt.a
END GROUP
LOAD c:/nxp/s32ds_power_v2.1/s32ds/build_tools/powerpc-eabivle-4_9/bin/../lib/gcc/powerpc-eabivle/4.9.4/e200z4/fp/crtend.o
LOAD c:/nxp/s32ds_power_v2.1/s32ds/build_tools/powerpc-eabivle-4_9/bin/../lib/gcc/powerpc-eabivle/4.9.4/e200z4/fp/ecrtn.o
                0x00000000                __HEAP_SIZE = 0x0
                0x00001000                __STACK_SIZE = 0x1000
                0x00040000                SRAM_SIZE = 0x40000
                0x40040000                SRAM_BASE_ADDR = 0x40040000

.rchw
 *(.rchw)

.cpu0_reset_vector
 *(.cpu0_reset_vector)

.cpu1_reset_vector
 *(.cpu1_reset_vector)

.cpu2_reset_vector
 *(.cpu2_reset_vector)

.startup        0x011d0000      0x1ee
                0x011d0000                __start = .
 *(.startup)
 .startup       0x011d0000      0x1ee ./Project_Settings/Startup_Code/startup.o
                0x011d0000                _start
                0x011d01ea                _fini

.core_exceptions_table
                0x011d1000       0xf4
                0x011d1000                __IVPR_VALUE = .
 *(.core_exceptions_table)
 .core_exceptions_table
                0x011d1000       0xf4 ./src/Vector.o
                0x011d1000                VTABLE
                0x011d1000                IVOR0_Vector
                0x011d1010                IVOR1_Vector
                0x011d1020                IVOR2_Vector
                0x011d1030                IVOR3_Vector
                0x011d1040                IVOR4_Vector
                0x011d1050                IVOR5_Vector
                0x011d1060                IVOR6_Vector
                0x011d1070                IVOR7_Vector
                0x011d1080                IVOR8_Vector
                0x011d1090                IVOR9_Vector
                0x011d10a0                IVOR10_Vector
                0x011d10b0                IVOR11_Vector
                0x011d10c0                IVOR12_Vector
                0x011d10d0                IVOR13_Vector
                0x011d10e0                IVOR14_Vector
                0x011d10f0                IVOR15_Vector

.intc_vector_table
                0x011d2000      0xbc8
 *(.intc_vector_table)
 .intc_vector_table
                0x011d2000      0xbc8 ./src/intc_SW_mode_isr_vectors_MPC5748G.o
                0x011d2000                IntcIsrVectorTable

.text           0x011d2bd0      0x3b0
 *(.text.startup)
 *(.text)
 .text          0x011d2bd0      0x16c c:/nxp/s32ds_power_v2.1/s32ds/build_tools/powerpc-eabivle-4_9/bin/../lib/gcc/powerpc-eabivle/4.9.4/e200z4/fp/crtbegin.o
 *fill*         0x011d2d3c        0x4 
 .text          0x011d2d40       0x48 ./src/intc_sw_handlers.o
                0x011d2d40                IVOR4_Handler
 .text          0x011d2d88       0x4a c:/nxp/s32ds_power_v2.1/s32ds/build_tools/powerpc-eabivle-4_9/bin/../lib/gcc/powerpc-eabivle/4.9.4/e200z4/fp\libgcc.a(eabivle.o)
                0x011d2d88                __eabi
 *fill*         0x011d2dd2        0x2 
 .text          0x011d2dd4       0x48 c:/nxp/s32ds_power_v2.1/s32ds/build_tools/powerpc-eabivle-4_9/bin/../lib/gcc/powerpc-eabivle/4.9.4/e200z4/fp/crtend.o
 *(.text.*)
 .text.SetIVPR  0x011d2e1c       0x1a ./src/MPC57xx__Interrupt_Init.o
                0x011d2e1c                SetIVPR
 *fill*         0x011d2e36        0x2 
 .text.InitINTC
                0x011d2e38       0x54 ./src/MPC57xx__Interrupt_Init.o
                0x011d2e38                InitINTC
 .text.enableIrq
                0x011d2e8c       0x36 ./src/MPC57xx__Interrupt_Init.o
                0x011d2e8c                enableIrq
 *fill*         0x011d2ec2        0x2 
 .text.xcptn_xmpl
                0x011d2ec4       0x34 ./src/MPC57xx__Interrupt_Init.o
                0x011d2ec4                xcptn_xmpl
 .text.dummy    0x011d2ef8        0xc ./src/intc_SW_mode_isr_vectors_MPC5748G.o
                0x011d2ef8                dummy
 .text.main     0x011d2f04       0x36 ./src/main_Z4_1.o
                0x011d2f04                main
 *(.init)
 *fill*         0x011d2f3a        0x2 
 .init          0x011d2f3c        0xc c:/nxp/s32ds_power_v2.1/s32ds/build_tools/powerpc-eabivle-4_9/bin/../lib/gcc/powerpc-eabivle/4.9.4/e200z4/fp/ecrti.o
                0x011d2f3c                __init
 .init          0x011d2f48        0x4 c:/nxp/s32ds_power_v2.1/s32ds/build_tools/powerpc-eabivle-4_9/bin/../lib/gcc/powerpc-eabivle/4.9.4/e200z4/fp/crtbegin.o
 .init          0x011d2f4c        0x4 c:/nxp/s32ds_power_v2.1/s32ds/build_tools/powerpc-eabivle-4_9/bin/../lib/gcc/powerpc-eabivle/4.9.4/e200z4/fp/crtend.o
 .init          0x011d2f50        0xa c:/nxp/s32ds_power_v2.1/s32ds/build_tools/powerpc-eabivle-4_9/bin/../lib/gcc/powerpc-eabivle/4.9.4/e200z4/fp/ecrtn.o
 *(.fini)
 *fill*         0x011d2f5a        0x2 
 .fini          0x011d2f5c        0xc c:/nxp/s32ds_power_v2.1/s32ds/build_tools/powerpc-eabivle-4_9/bin/../lib/gcc/powerpc-eabivle/4.9.4/e200z4/fp/ecrti.o
                0x011d2f5c                __fini
 .fini          0x011d2f68        0x4 c:/nxp/s32ds_power_v2.1/s32ds/build_tools/powerpc-eabivle-4_9/bin/../lib/gcc/powerpc-eabivle/4.9.4/e200z4/fp/crtbegin.o
 .fini          0x011d2f6c        0xa c:/nxp/s32ds_power_v2.1/s32ds/build_tools/powerpc-eabivle-4_9/bin/../lib/gcc/powerpc-eabivle/4.9.4/e200z4/fp/ecrtn.o
                0x011d2f80                . = ALIGN (0x10)
 *fill*         0x011d2f76        0xa 

.glink          0x011d2f80        0x0
 .glink         0x011d2f80        0x0 c:/nxp/s32ds_power_v2.1/s32ds/build_tools/powerpc-eabivle-4_9/bin/../lib/gcc/powerpc-eabivle/4.9.4/e200z4/fp/crtbegin.o

.ctors          0x011d2f80        0x8
                0x011d2f80                __CTOR_LIST__ = .
 *crtbegin.o(.ctors)
 .ctors         0x011d2f80        0x4 c:/nxp/s32ds_power_v2.1/s32ds/build_tools/powerpc-eabivle-4_9/bin/../lib/gcc/powerpc-eabivle/4.9.4/e200z4/fp/crtbegin.o
 *crtbegin?.o(.ctors)
 *(EXCLUDE_FILE(*crtend.o *crtend?.o) .ctors)
 .ctors         0x011d2f84        0x0 c:/nxp/s32ds_power_v2.1/s32ds/build_tools/powerpc-eabivle-4_9/bin/../lib/gcc/powerpc-eabivle/4.9.4/e200z4/fp/ecrti.o
 .ctors         0x011d2f84        0x0 c:/nxp/s32ds_power_v2.1/s32ds/build_tools/powerpc-eabivle-4_9/bin/../lib/gcc/powerpc-eabivle/4.9.4/e200z4/fp/ecrtn.o
 *(SORT(.ctors.*))
 *(.ctors)
 .ctors         0x011d2f84        0x4 c:/nxp/s32ds_power_v2.1/s32ds/build_tools/powerpc-eabivle-4_9/bin/../lib/gcc/powerpc-eabivle/4.9.4/e200z4/fp/crtend.o
                0x011d2f88                __CTOR_END__ = .

.dtors          0x011d2f88        0x8
                0x011d2f88                __DTOR_LIST__ = .
 *crtbegin.o(.dtors)
 .dtors         0x011d2f88        0x4 c:/nxp/s32ds_power_v2.1/s32ds/build_tools/powerpc-eabivle-4_9/bin/../lib/gcc/powerpc-eabivle/4.9.4/e200z4/fp/crtbegin.o
 *crtbegin?.o(.dtors)
 *(EXCLUDE_FILE(*crtend.o *crtend?.o) .dtors)
 .dtors         0x011d2f8c        0x0 c:/nxp/s32ds_power_v2.1/s32ds/build_tools/powerpc-eabivle-4_9/bin/../lib/gcc/powerpc-eabivle/4.9.4/e200z4/fp/ecrti.o
 .dtors         0x011d2f8c        0x0 c:/nxp/s32ds_power_v2.1/s32ds/build_tools/powerpc-eabivle-4_9/bin/../lib/gcc/powerpc-eabivle/4.9.4/e200z4/fp/ecrtn.o
 *(SORT(.dtors.*))
 *(.dtors)
 .dtors         0x011d2f8c        0x4 c:/nxp/s32ds_power_v2.1/s32ds/build_tools/powerpc-eabivle-4_9/bin/../lib/gcc/powerpc-eabivle/4.9.4/e200z4/fp/crtend.o
                0x011d2f90                __DTOR_END__ = .

.preinit_array  0x011d2f90        0x0
                [!provide]                PROVIDE (__preinit_array_start, .)
 *(.preinit_array*)
                [!provide]                PROVIDE (__preinit_array_end, .)

.init_array     0x011d2f90        0x0
                [!provide]                PROVIDE (__init_array_start, .)
 *(SORT(.init_array.*))
 *(.init_array*)
                [!provide]                PROVIDE (__init_array_end, .)

.fini_array     0x011d2f90        0x0
                [!provide]                PROVIDE (__fini_array_start, .)
 *(SORT(.fini_array.*))
 *(.fini_array*)
                [!provide]                PROVIDE (__fini_array_end, .)

.rodata
 *(.rodata)
 *(.rodata.*)
 *(.got1)

.eh_frame_hdr
 *(.eh_frame_hdr)

.eh_frame       0x011d2f90        0x8
 *(.eh_frame)
 .eh_frame      0x011d2f90        0x0 c:/nxp/s32ds_power_v2.1/s32ds/build_tools/powerpc-eabivle-4_9/bin/../lib/gcc/powerpc-eabivle/4.9.4/e200z4/fp/ecrti.o
                0x011d2f90                __EH_FRAME_BEGIN__
 .eh_frame      0x011d2f90        0x0 c:/nxp/s32ds_power_v2.1/s32ds/build_tools/powerpc-eabivle-4_9/bin/../lib/gcc/powerpc-eabivle/4.9.4/e200z4/fp/crtbegin.o
 .eh_frame      0x011d2f90        0x0 c:/nxp/s32ds_power_v2.1/s32ds/build_tools/powerpc-eabivle-4_9/bin/../lib/gcc/powerpc-eabivle/4.9.4/e200z4/fp/crtbegin.o
 .eh_frame      0x011d2f90        0x4 c:/nxp/s32ds_power_v2.1/s32ds/build_tools/powerpc-eabivle-4_9/bin/../lib/gcc/powerpc-eabivle/4.9.4/e200z4/fp/crtend.o
 .eh_frame      0x011d2f94        0x4 c:/nxp/s32ds_power_v2.1/s32ds/build_tools/powerpc-eabivle-4_9/bin/../lib/gcc/powerpc-eabivle/4.9.4/e200z4/fp/ecrtn.o
                0x011d2f94                __EH_FRAME_END__

.data           0x40040000       0x20 load address 0x011d2f98
 *(.data)
 .data          0x40040000        0x4 c:/nxp/s32ds_power_v2.1/s32ds/build_tools/powerpc-eabivle-4_9/bin/../lib/gcc/powerpc-eabivle/4.9.4/e200z4/fp\libgcc.a(eabivle.o)
 *(.data.*)
 *(.got.plt)
 *(.got)
 *(.got2)
 .got2          0x40040004       0x1c c:/nxp/s32ds_power_v2.1/s32ds/build_tools/powerpc-eabivle-4_9/bin/../lib/gcc/powerpc-eabivle/4.9.4/e200z4/fp\libgcc.a(eabivle.o)
 *(.dynamic)
 *(.fixup)
                0x40040020                . = ALIGN (0x4)

.jcr            0x40040020        0x0 load address 0x011d2fb8
 .jcr           0x40040020        0x0 c:/nxp/s32ds_power_v2.1/s32ds/build_tools/powerpc-eabivle-4_9/bin/../lib/gcc/powerpc-eabivle/4.9.4/e200z4/fp/crtbegin.o

.tm_clone_table
                0x40040020        0x0 load address 0x011d2fb8
 .tm_clone_table
                0x40040020        0x0 c:/nxp/s32ds_power_v2.1/s32ds/build_tools/powerpc-eabivle-4_9/bin/../lib/gcc/powerpc-eabivle/4.9.4/e200z4/fp/crtbegin.o
 .tm_clone_table
                0x40040020        0x0 c:/nxp/s32ds_power_v2.1/s32ds/build_tools/powerpc-eabivle-4_9/bin/../lib/gcc/powerpc-eabivle/4.9.4/e200z4/fp/crtend.o

.sdata2         0x40040020        0x0 load address 0x011d2fb8
 *(.sdata2)
 .sdata2        0x40040020        0x0 c:/nxp/s32ds_power_v2.1/s32ds/build_tools/powerpc-eabivle-4_9/bin/../lib/gcc/powerpc-eabivle/4.9.4/e200z4/fp/ecrti.o
 .sdata2        0x40040020        0x0 c:/nxp/s32ds_power_v2.1/s32ds/build_tools/powerpc-eabivle-4_9/bin/../lib/gcc/powerpc-eabivle/4.9.4/e200z4/fp/crtbegin.o
 *(.sdata2.*)

.sbss2          0x40040020        0x0 load address 0x011d2fb8
 *(.sbss2)
 .sbss2         0x40040020        0x0 c:/nxp/s32ds_power_v2.1/s32ds/build_tools/powerpc-eabivle-4_9/bin/../lib/gcc/powerpc-eabivle/4.9.4/e200z4/fp/ecrtn.o
 *(.sbss2.*)

.rela.dyn       0x40040020        0x0 load address 0x011d2fb8
 .rela.iplt     0x40040020        0x0 c:/nxp/s32ds_power_v2.1/s32ds/build_tools/powerpc-eabivle-4_9/bin/../lib/gcc/powerpc-eabivle/4.9.4/e200z4/fp/crtbegin.o
 .rela.text     0x40040020        0x0 c:/nxp/s32ds_power_v2.1/s32ds/build_tools/powerpc-eabivle-4_9/bin/../lib/gcc/powerpc-eabivle/4.9.4/e200z4/fp/crtbegin.o
 .rela.text.InitINTC
                0x40040020        0x0 c:/nxp/s32ds_power_v2.1/s32ds/build_tools/powerpc-eabivle-4_9/bin/../lib/gcc/powerpc-eabivle/4.9.4/e200z4/fp/crtbegin.o
 .rela.text.xcptn_xmpl
                0x40040020        0x0 c:/nxp/s32ds_power_v2.1/s32ds/build_tools/powerpc-eabivle-4_9/bin/../lib/gcc/powerpc-eabivle/4.9.4/e200z4/fp/crtbegin.o
 .rela.got2     0x40040020        0x0 c:/nxp/s32ds_power_v2.1/s32ds/build_tools/powerpc-eabivle-4_9/bin/../lib/gcc/powerpc-eabivle/4.9.4/e200z4/fp/crtbegin.o

.sdata          0x40040020        0x0 load address 0x011d2fb8
 *(.sdata)
 .sdata         0x40040020        0x0 c:/nxp/s32ds_power_v2.1/s32ds/build_tools/powerpc-eabivle-4_9/bin/../lib/gcc/powerpc-eabivle/4.9.4/e200z4/fp/ecrti.o
 .sdata         0x40040020        0x0 c:/nxp/s32ds_power_v2.1/s32ds/build_tools/powerpc-eabivle-4_9/bin/../lib/gcc/powerpc-eabivle/4.9.4/e200z4/fp/crtbegin.o
 *(.sdata.*)

.bss            0x40040020       0x20 load address 0x011d2fb8
                0x40040020                __BSS_START = .
 *(.sbss)
 .sbss          0x40040020        0x0 c:/nxp/s32ds_power_v2.1/s32ds/build_tools/powerpc-eabivle-4_9/bin/../lib/gcc/powerpc-eabivle/4.9.4/e200z4/fp/ecrtn.o
                0x40040020                __SBSS_END__
 *(.sbss.*)
 *(.bss)
 .bss           0x40040020       0x20 c:/nxp/s32ds_power_v2.1/s32ds/build_tools/powerpc-eabivle-4_9/bin/../lib/gcc/powerpc-eabivle/4.9.4/e200z4/fp/crtbegin.o
 *(.bss.*)
 *(COMMON)
                0x40040040                __BSS_END = .

.iplt           0x40040040        0x0 load address 0x011d2fb8
 .iplt          0x40040040        0x0 c:/nxp/s32ds_power_v2.1/s32ds/build_tools/powerpc-eabivle-4_9/bin/../lib/gcc/powerpc-eabivle/4.9.4/e200z4/fp/crtbegin.o

.stack          0x40040040     0x1004 load address 0x011d2fc0
                0x40040040                __HEAP = .
                [!provide]                PROVIDE (_end, .)
                [!provide]                PROVIDE (end, .)
                0x40040040                . = (. + __HEAP_SIZE)
                0x40040040                __HEAP_END = .
                0x40040040                _stack_end = .
                0x40041040                . = (. + __STACK_SIZE)
 *fill*         0x40040040     0x1000 
                0x40041040                _stack_addr = .
                0x40041040                __SP_INIT = .
                0x40041044                . = (. + 0x4)
 *fill*         0x40041040        0x4 
                0x40040000                __DATA_SRAM_ADDR = ADDR (.data)
                0x40040020                __SDATA_SRAM_ADDR = ADDR (.sdata)
                0x00000020                __DATA_SIZE = SIZEOF (.data)
                0x00000000                __SDATA_SIZE = SIZEOF (.sdata)
                0x011d2f98                __DATA_ROM_ADDR = LOADADDR (.data)
                0x011d2fb8                __SDATA_ROM_ADDR = LOADADDR (.sdata)
                0x00040000                __SRAM_SIZE = SRAM_SIZE
                0x40040000                __SRAM_BASE_ADDR = SRAM_BASE_ADDR
                0x00000020                __BSS_SIZE = (__BSS_END - __BSS_START)
OUTPUT(SIUL2_CodeExample_Z4_1.elf elf32-powerpc)

.comment        0x00000000       0x9c
 .comment       0x00000000        0xd c:/nxp/s32ds_power_v2.1/s32ds/build_tools/powerpc-eabivle-4_9/bin/../lib/gcc/powerpc-eabivle/4.9.4/e200z4/fp/ecrti.o
                                  0xe (size before relaxing)
 .comment       0x0000000d       0x82 c:/nxp/s32ds_power_v2.1/s32ds/build_tools/powerpc-eabivle-4_9/bin/../lib/gcc/powerpc-eabivle/4.9.4/e200z4/fp/crtbegin.o
                                 0x83 (size before relaxing)
 .comment       0x0000008f       0x83 ./src/MPC57xx__Interrupt_Init.o
 .comment       0x0000008f       0x83 ./src/Vector.o
 .comment       0x0000008f       0x83 ./src/intc_SW_mode_isr_vectors_MPC5748G.o
 .comment       0x0000008f       0x83 ./src/main_Z4_1.o
 .comment       0x0000008f       0x83 c:/nxp/s32ds_power_v2.1/s32ds/build_tools/powerpc-eabivle-4_9/bin/../lib/gcc/powerpc-eabivle/4.9.4/e200z4/fp/crtend.o
 .comment       0x0000008f        0xd c:/nxp/s32ds_power_v2.1/s32ds/build_tools/powerpc-eabivle-4_9/bin/../lib/gcc/powerpc-eabivle/4.9.4/e200z4/fp/ecrtn.o
                                  0xe (size before relaxing)

.PPC.EMB.apuinfo
                0x00000000       0x18
 .PPC.EMB.apuinfo
                0x00000000       0x18 c:/nxp/s32ds_power_v2.1/s32ds/build_tools/powerpc-eabivle-4_9/bin/../lib/gcc/powerpc-eabivle/4.9.4/e200z4/fp/ecrti.o
 .PPC.EMB.apuinfo
                0x00000018       0x18 c:/nxp/s32ds_power_v2.1/s32ds/build_tools/powerpc-eabivle-4_9/bin/../lib/gcc/powerpc-eabivle/4.9.4/e200z4/fp/crtbegin.o
 .PPC.EMB.apuinfo
                0x00000030       0x18 ./Project_Settings/Startup_Code/startup.o
 .PPC.EMB.apuinfo
                0x00000048       0x18 ./src/MPC57xx__Interrupt_Init.o
 .PPC.EMB.apuinfo
                0x00000060       0x18 ./src/Vector.o
 .PPC.EMB.apuinfo
                0x00000078       0x18 ./src/intc_SW_mode_isr_vectors_MPC5748G.o
 .PPC.EMB.apuinfo
                0x00000090       0x18 ./src/intc_sw_handlers.o
 .PPC.EMB.apuinfo
                0x000000a8       0x18 ./src/main_Z4_1.o
 .PPC.EMB.apuinfo
                0x000000c0       0x18 c:/nxp/s32ds_power_v2.1/s32ds/build_tools/powerpc-eabivle-4_9/bin/../lib/gcc/powerpc-eabivle/4.9.4/e200z4/fp\libgcc.a(eabivle.o)
 .PPC.EMB.apuinfo
                0x000000d8       0x18 c:/nxp/s32ds_power_v2.1/s32ds/build_tools/powerpc-eabivle-4_9/bin/../lib/gcc/powerpc-eabivle/4.9.4/e200z4/fp/crtend.o
 .PPC.EMB.apuinfo
                0x000000f0       0x18 c:/nxp/s32ds_power_v2.1/s32ds/build_tools/powerpc-eabivle-4_9/bin/../lib/gcc/powerpc-eabivle/4.9.4/e200z4/fp/ecrtn.o

.debug_line     0x00000000      0x8bf
 .debug_line    0x00000000       0xda ./Project_Settings/Startup_Code/startup.o
 .debug_line    0x000000da      0x26a ./src/MPC57xx__Interrupt_Init.o
 .debug_line    0x00000344      0x104 ./src/Vector.o
 .debug_line    0x00000448      0x206 ./src/intc_SW_mode_isr_vectors_MPC5748G.o
 .debug_line    0x0000064e       0x5d ./src/intc_sw_handlers.o
 .debug_line    0x000006ab      0x214 ./src/main_Z4_1.o

.debug_info     0x00000000      0xc86
 .debug_info    0x00000000       0x99 ./Project_Settings/Startup_Code/startup.o
 .debug_info    0x00000099      0x600 ./src/MPC57xx__Interrupt_Init.o
 .debug_info    0x00000699       0x21 ./src/Vector.o
 .debug_info    0x000006ba       0xb4 ./src/intc_SW_mode_isr_vectors_MPC5748G.o
 .debug_info    0x0000076e       0x88 ./src/intc_sw_handlers.o
 .debug_info    0x000007f6      0x490 ./src/main_Z4_1.o

.debug_abbrev   0x00000000      0x330
 .debug_abbrev  0x00000000       0x14 ./Project_Settings/Startup_Code/startup.o
 .debug_abbrev  0x00000014      0x15f ./src/MPC57xx__Interrupt_Init.o
 .debug_abbrev  0x00000173       0x13 ./src/Vector.o
 .debug_abbrev  0x00000186       0x7c ./src/intc_SW_mode_isr_vectors_MPC5748G.o
 .debug_abbrev  0x00000202       0x14 ./src/intc_sw_handlers.o
 .debug_abbrev  0x00000216      0x11a ./src/main_Z4_1.o

.debug_aranges  0x00000000       0xd0
 .debug_aranges
                0x00000000       0x20 ./Project_Settings/Startup_Code/startup.o
 .debug_aranges
                0x00000020       0x38 ./src/MPC57xx__Interrupt_Init.o
 .debug_aranges
                0x00000058       0x18 ./src/Vector.o
 .debug_aranges
                0x00000070       0x20 ./src/intc_SW_mode_isr_vectors_MPC5748G.o
 .debug_aranges
                0x00000090       0x20 ./src/intc_sw_handlers.o
 .debug_aranges
                0x000000b0       0x20 ./src/main_Z4_1.o

.debug_ranges   0x00000000       0x48
 .debug_ranges  0x00000000       0x28 ./src/MPC57xx__Interrupt_Init.o
 .debug_ranges  0x00000028       0x10 ./src/intc_SW_mode_isr_vectors_MPC5748G.o
 .debug_ranges  0x00000038       0x10 ./src/main_Z4_1.o

.debug_macro    0x00000000    0x19095
 .debug_macro   0x00000000       0xc9 ./src/MPC57xx__Interrupt_Init.o
 .debug_macro   0x000000c9      0x60a ./src/MPC57xx__Interrupt_Init.o
 .debug_macro   0x000006d3       0x52 ./src/MPC57xx__Interrupt_Init.o
 .debug_macro   0x00000725       0xa0 ./src/MPC57xx__Interrupt_Init.o
 .debug_macro   0x000007c5       0x16 ./src/MPC57xx__Interrupt_Init.o
 .debug_macro   0x000007db       0x5e ./src/MPC57xx__Interrupt_Init.o
 .debug_macro   0x00000839      0x1aa ./src/MPC57xx__Interrupt_Init.o
 .debug_macro   0x000009e3      0x13a ./src/MPC57xx__Interrupt_Init.o
 .debug_macro   0x00000b1d       0x9d ./src/MPC57xx__Interrupt_Init.o
 .debug_macro   0x00000bba       0x10 ./src/MPC57xx__Interrupt_Init.o
 .debug_macro   0x00000bca      0x15b ./src/MPC57xx__Interrupt_Init.o
 .debug_macro   0x00000d25       0x28 ./src/MPC57xx__Interrupt_Init.o
 .debug_macro   0x00000d4d       0x58 ./src/MPC57xx__Interrupt_Init.o
 .debug_macro   0x00000da5    0x1812c ./src/MPC57xx__Interrupt_Init.o
 .debug_macro   0x00018ed1       0x2e ./src/MPC57xx__Interrupt_Init.o
 .debug_macro   0x00018eff       0x41 ./src/Vector.o
 .debug_macro   0x00018f40       0xa1 ./src/intc_SW_mode_isr_vectors_MPC5748G.o
 .debug_macro   0x00018fe1       0xb4 ./src/main_Z4_1.o

.debug_str      0x00000000    0x6c344
 .debug_str     0x00000000    0x6c0c7 ./src/MPC57xx__Interrupt_Init.o
                              0x6c16b (size before relaxing)
 .debug_str     0x0006c0c7       0x75 ./src/Vector.o
                               0x2498 (size before relaxing)
 .debug_str     0x0006c13c       0x31 ./src/intc_SW_mode_isr_vectors_MPC5748G.o
                               0x3a4f (size before relaxing)
 .debug_str     0x0006c16d      0x1d7 ./src/main_Z4_1.o
                              0x6bf51 (size before relaxing)

.debug_frame    0x00000000       0xf8
 .debug_frame   0x00000000       0xa0 ./src/MPC57xx__Interrupt_Init.o
 .debug_frame   0x000000a0       0x2c ./src/intc_SW_mode_isr_vectors_MPC5748G.o
 .debug_frame   0x000000cc       0x2c ./src/main_Z4_1.o
