Archive member included to satisfy reference by file (symbol)

c:/nxp/s32ds_power_v2.1/s32ds/build_tools/powerpc-eabivle-4_9/bin/../lib/gcc/powerpc-eabivle/4.9.4/e200z4/fp\libgcc.a(eabivle.o)
                              ./src/main_Z4_0.o (__eabi)

Discarded input sections

 .text          0x00000000        0x0 c:/nxp/s32ds_power_v2.1/s32ds/build_tools/powerpc-eabivle-4_9/bin/../lib/gcc/powerpc-eabivle/4.9.4/e200z4/fp/ecrti.o
 .data          0x00000000        0x0 c:/nxp/s32ds_power_v2.1/s32ds/build_tools/powerpc-eabivle-4_9/bin/../lib/gcc/powerpc-eabivle/4.9.4/e200z4/fp/ecrti.o
 .bss           0x00000000        0x0 c:/nxp/s32ds_power_v2.1/s32ds/build_tools/powerpc-eabivle-4_9/bin/../lib/gcc/powerpc-eabivle/4.9.4/e200z4/fp/ecrti.o
 .fixup         0x00000000        0x0 c:/nxp/s32ds_power_v2.1/s32ds/build_tools/powerpc-eabivle-4_9/bin/../lib/gcc/powerpc-eabivle/4.9.4/e200z4/fp/ecrti.o
 .sbss          0x00000000        0x0 c:/nxp/s32ds_power_v2.1/s32ds/build_tools/powerpc-eabivle-4_9/bin/../lib/gcc/powerpc-eabivle/4.9.4/e200z4/fp/ecrti.o
 .sbss2         0x00000000        0x0 c:/nxp/s32ds_power_v2.1/s32ds/build_tools/powerpc-eabivle-4_9/bin/../lib/gcc/powerpc-eabivle/4.9.4/e200z4/fp/ecrti.o
 .gcc_except_table
                0x00000000        0x0 c:/nxp/s32ds_power_v2.1/s32ds/build_tools/powerpc-eabivle-4_9/bin/../lib/gcc/powerpc-eabivle/4.9.4/e200z4/fp/ecrti.o
 .data          0x00000000        0x4 c:/nxp/s32ds_power_v2.1/s32ds/build_tools/powerpc-eabivle-4_9/bin/../lib/gcc/powerpc-eabivle/4.9.4/e200z4/fp/crtbegin.o
 .text          0x00000000        0x0 ./Project_Settings/Startup_Code/startup.o
 .data          0x00000000        0x0 ./Project_Settings/Startup_Code/startup.o
 .bss           0x00000000        0x0 ./Project_Settings/Startup_Code/startup.o
 .group         0x00000000        0x8 ./src/MPC57xx__Interrupt_Init.o
 .group         0x00000000        0x8 ./src/MPC57xx__Interrupt_Init.o
 .group         0x00000000        0x8 ./src/MPC57xx__Interrupt_Init.o
 .group         0x00000000        0x8 ./src/MPC57xx__Interrupt_Init.o
 .group         0x00000000        0x8 ./src/MPC57xx__Interrupt_Init.o
 .group         0x00000000        0x8 ./src/MPC57xx__Interrupt_Init.o
 .group         0x00000000        0x8 ./src/MPC57xx__Interrupt_Init.o
 .group         0x00000000        0x8 ./src/MPC57xx__Interrupt_Init.o
 .group         0x00000000        0x8 ./src/MPC57xx__Interrupt_Init.o
 .group         0x00000000        0x8 ./src/MPC57xx__Interrupt_Init.o
 .group         0x00000000        0x8 ./src/MPC57xx__Interrupt_Init.o
 .group         0x00000000        0x8 ./src/MPC57xx__Interrupt_Init.o
 .group         0x00000000        0x8 ./src/MPC57xx__Interrupt_Init.o
 .group         0x00000000        0x8 ./src/MPC57xx__Interrupt_Init.o
 .text          0x00000000        0x0 ./src/MPC57xx__Interrupt_Init.o
 .data          0x00000000        0x0 ./src/MPC57xx__Interrupt_Init.o
 .bss           0x00000000        0x0 ./src/MPC57xx__Interrupt_Init.o
 .group         0x00000000        0x8 ./src/Vector.o
 .group         0x00000000        0x8 ./src/Vector.o
 .group         0x00000000        0x8 ./src/Vector.o
 .group         0x00000000        0x8 ./src/Vector.o
 .group         0x00000000        0x8 ./src/Vector.o
 .text          0x00000000        0x0 ./src/Vector.o
 .data          0x00000000        0x0 ./src/Vector.o
 .bss           0x00000000        0x0 ./src/Vector.o
 .debug_macro   0x00000000      0x622 ./src/Vector.o
 .debug_macro   0x00000000       0x52 ./src/Vector.o
 .debug_macro   0x00000000       0xa0 ./src/Vector.o
 .debug_macro   0x00000000       0x16 ./src/Vector.o
 .debug_macro   0x00000000       0x2e ./src/Vector.o
 .group         0x00000000        0x8 ./src/intc_SW_mode_isr_vectors_MPC5748G.o
 .group         0x00000000        0x8 ./src/intc_SW_mode_isr_vectors_MPC5748G.o
 .group         0x00000000        0x8 ./src/intc_SW_mode_isr_vectors_MPC5748G.o
 .group         0x00000000        0x8 ./src/intc_SW_mode_isr_vectors_MPC5748G.o
 .group         0x00000000        0x8 ./src/intc_SW_mode_isr_vectors_MPC5748G.o
 .group         0x00000000        0x8 ./src/intc_SW_mode_isr_vectors_MPC5748G.o
 .group         0x00000000        0x8 ./src/intc_SW_mode_isr_vectors_MPC5748G.o
 .group         0x00000000        0x8 ./src/intc_SW_mode_isr_vectors_MPC5748G.o
 .group         0x00000000        0x8 ./src/intc_SW_mode_isr_vectors_MPC5748G.o
 .group         0x00000000        0x8 ./src/intc_SW_mode_isr_vectors_MPC5748G.o
 .group         0x00000000        0x8 ./src/intc_SW_mode_isr_vectors_MPC5748G.o
 .group         0x00000000        0x8 ./src/intc_SW_mode_isr_vectors_MPC5748G.o
 .text          0x00000000        0x0 ./src/intc_SW_mode_isr_vectors_MPC5748G.o
 .data          0x00000000        0x0 ./src/intc_SW_mode_isr_vectors_MPC5748G.o
 .bss           0x00000000        0x0 ./src/intc_SW_mode_isr_vectors_MPC5748G.o
 .debug_macro   0x00000000      0x622 ./src/intc_SW_mode_isr_vectors_MPC5748G.o
 .debug_macro   0x00000000       0x52 ./src/intc_SW_mode_isr_vectors_MPC5748G.o
 .debug_macro   0x00000000       0xa0 ./src/intc_SW_mode_isr_vectors_MPC5748G.o
 .debug_macro   0x00000000       0x16 ./src/intc_SW_mode_isr_vectors_MPC5748G.o
 .debug_macro   0x00000000       0x5e ./src/intc_SW_mode_isr_vectors_MPC5748G.o
 .debug_macro   0x00000000      0x1aa ./src/intc_SW_mode_isr_vectors_MPC5748G.o
 .debug_macro   0x00000000      0x13a ./src/intc_SW_mode_isr_vectors_MPC5748G.o
 .debug_macro   0x00000000       0x9d ./src/intc_SW_mode_isr_vectors_MPC5748G.o
 .debug_macro   0x00000000       0x10 ./src/intc_SW_mode_isr_vectors_MPC5748G.o
 .debug_macro   0x00000000      0x15b ./src/intc_SW_mode_isr_vectors_MPC5748G.o
 .debug_macro   0x00000000       0x28 ./src/intc_SW_mode_isr_vectors_MPC5748G.o
 .debug_macro   0x00000000       0x58 ./src/intc_SW_mode_isr_vectors_MPC5748G.o
 .data          0x00000000        0x0 ./src/intc_sw_handlers.o
 .bss           0x00000000        0x0 ./src/intc_sw_handlers.o
 .group         0x00000000        0x8 ./src/main_Z4_0.o
 .group         0x00000000        0x8 ./src/main_Z4_0.o
 .group         0x00000000        0x8 ./src/main_Z4_0.o
 .group         0x00000000        0x8 ./src/main_Z4_0.o
 .group         0x00000000        0x8 ./src/main_Z4_0.o
 .group         0x00000000        0x8 ./src/main_Z4_0.o
 .group         0x00000000        0x8 ./src/main_Z4_0.o
 .group         0x00000000        0x8 ./src/main_Z4_0.o
 .group         0x00000000        0x8 ./src/main_Z4_0.o
 .group         0x00000000        0x8 ./src/main_Z4_0.o
 .group         0x00000000        0x8 ./src/main_Z4_0.o
 .group         0x00000000        0x8 ./src/main_Z4_0.o
 .group         0x00000000        0x8 ./src/main_Z4_0.o
 .text          0x00000000        0x0 ./src/main_Z4_0.o
 .data          0x00000000        0x0 ./src/main_Z4_0.o
 .bss           0x00000000        0x0 ./src/main_Z4_0.o
 .debug_macro   0x00000000      0x622 ./src/main_Z4_0.o
 .debug_macro   0x00000000       0x52 ./src/main_Z4_0.o
 .debug_macro   0x00000000       0xa0 ./src/main_Z4_0.o
 .debug_macro   0x00000000       0x16 ./src/main_Z4_0.o
 .debug_macro   0x00000000       0x5e ./src/main_Z4_0.o
 .debug_macro   0x00000000      0x1aa ./src/main_Z4_0.o
 .debug_macro   0x00000000      0x13a ./src/main_Z4_0.o
 .debug_macro   0x00000000       0x9d ./src/main_Z4_0.o
 .debug_macro   0x00000000       0x10 ./src/main_Z4_0.o
 .debug_macro   0x00000000      0x15b ./src/main_Z4_0.o
 .debug_macro   0x00000000       0x28 ./src/main_Z4_0.o
 .debug_macro   0x00000000       0x58 ./src/main_Z4_0.o
 .debug_macro   0x00000000    0x1812c ./src/main_Z4_0.o
 .bss           0x00000000        0x0 c:/nxp/s32ds_power_v2.1/s32ds/build_tools/powerpc-eabivle-4_9/bin/../lib/gcc/powerpc-eabivle/4.9.4/e200z4/fp\libgcc.a(eabivle.o)
 .data          0x00000000        0x0 c:/nxp/s32ds_power_v2.1/s32ds/build_tools/powerpc-eabivle-4_9/bin/../lib/gcc/powerpc-eabivle/4.9.4/e200z4/fp/crtend.o
 .bss           0x00000000        0x0 c:/nxp/s32ds_power_v2.1/s32ds/build_tools/powerpc-eabivle-4_9/bin/../lib/gcc/powerpc-eabivle/4.9.4/e200z4/fp/crtend.o
 .jcr           0x00000000        0x4 c:/nxp/s32ds_power_v2.1/s32ds/build_tools/powerpc-eabivle-4_9/bin/../lib/gcc/powerpc-eabivle/4.9.4/e200z4/fp/crtend.o
 .text          0x00000000        0x0 c:/nxp/s32ds_power_v2.1/s32ds/build_tools/powerpc-eabivle-4_9/bin/../lib/gcc/powerpc-eabivle/4.9.4/e200z4/fp/ecrtn.o
 .data          0x00000000        0x0 c:/nxp/s32ds_power_v2.1/s32ds/build_tools/powerpc-eabivle-4_9/bin/../lib/gcc/powerpc-eabivle/4.9.4/e200z4/fp/ecrtn.o
 .bss           0x00000000        0x0 c:/nxp/s32ds_power_v2.1/s32ds/build_tools/powerpc-eabivle-4_9/bin/../lib/gcc/powerpc-eabivle/4.9.4/e200z4/fp/ecrtn.o
 .fixup         0x00000000        0x0 c:/nxp/s32ds_power_v2.1/s32ds/build_tools/powerpc-eabivle-4_9/bin/../lib/gcc/powerpc-eabivle/4.9.4/e200z4/fp/ecrtn.o
 .sdata         0x00000000        0x0 c:/nxp/s32ds_power_v2.1/s32ds/build_tools/powerpc-eabivle-4_9/bin/../lib/gcc/powerpc-eabivle/4.9.4/e200z4/fp/ecrtn.o
 .sdata2        0x00000000        0x0 c:/nxp/s32ds_power_v2.1/s32ds/build_tools/powerpc-eabivle-4_9/bin/../lib/gcc/powerpc-eabivle/4.9.4/e200z4/fp/ecrtn.o
 .gcc_except_table
                0x00000000        0x0 c:/nxp/s32ds_power_v2.1/s32ds/build_tools/powerpc-eabivle-4_9/bin/../lib/gcc/powerpc-eabivle/4.9.4/e200z4/fp/ecrtn.o

Memory Configuration

Name             Origin             Length             Attributes
SRAM             0x40000000         0x00040000
*default*        0x00000000         0xffffffff

Linker script and memory map

LOAD c:/nxp/s32ds_power_v2.1/s32ds/build_tools/powerpc-eabivle-4_9/bin/../lib/gcc/powerpc-eabivle/4.9.4/e200z4/fp/ecrti.o
LOAD c:/nxp/s32ds_power_v2.1/s32ds/build_tools/powerpc-eabivle-4_9/bin/../lib/gcc/powerpc-eabivle/4.9.4/e200z4/fp/crtbegin.o
LOAD ./Project_Settings/Startup_Code/startup.o
LOAD ./src/MPC57xx__Interrupt_Init.o
LOAD ./src/Vector.o
LOAD ./src/intc_SW_mode_isr_vectors_MPC5748G.o
LOAD ./src/intc_sw_handlers.o
LOAD ./src/main_Z4_0.o
START GROUP
LOAD C:/NXP/S32DS_Power_v2.1/S32DS/build_tools/e200_ewl2/lib/e200z4/fp\libc99.a
LOAD C:/NXP/S32DS_Power_v2.1/S32DS/build_tools/e200_ewl2/lib/e200z4/fp\libm.a
LOAD c:/nxp/s32ds_power_v2.1/s32ds/build_tools/powerpc-eabivle-4_9/bin/../lib/gcc/powerpc-eabivle/4.9.4/e200z4/fp\libgcc.a
LOAD C:/NXP/S32DS_Power_v2.1/S32DS/build_tools/e200_ewl2/lib/e200z4/fp\librt.a
END GROUP
LOAD c:/nxp/s32ds_power_v2.1/s32ds/build_tools/powerpc-eabivle-4_9/bin/../lib/gcc/powerpc-eabivle/4.9.4/e200z4/fp/crtend.o
LOAD c:/nxp/s32ds_power_v2.1/s32ds/build_tools/powerpc-eabivle-4_9/bin/../lib/gcc/powerpc-eabivle/4.9.4/e200z4/fp/ecrtn.o
                0x00000000                __HEAP_SIZE = 0x0
                0x00001000                __STACK_SIZE = 0x1000
                0x00040000                SRAM_SIZE = 0x40000
                0x40000000                SRAM_BASE_ADDR = 0x40000000

.startup        0x40000000      0x1f2
                0x40000000                __start = .
 *(.startup)
 .startup       0x40000000      0x1f2 ./Project_Settings/Startup_Code/startup.o
                0x40000000                _start
                0x400001ee                _fini

.core_exceptions_table
                0x40001000       0xf4
                0x40001000                __IVPR_VALUE = .
 *(.core_exceptions_table)
 .core_exceptions_table
                0x40001000       0xf4 ./src/Vector.o
                0x40001000                VTABLE
                0x40001000                IVOR0_Vector
                0x40001010                IVOR1_Vector
                0x40001020                IVOR2_Vector
                0x40001030                IVOR3_Vector
                0x40001040                IVOR4_Vector
                0x40001050                IVOR5_Vector
                0x40001060                IVOR6_Vector
                0x40001070                IVOR7_Vector
                0x40001080                IVOR8_Vector
                0x40001090                IVOR9_Vector
                0x400010a0                IVOR10_Vector
                0x400010b0                IVOR11_Vector
                0x400010c0                IVOR12_Vector
                0x400010d0                IVOR13_Vector
                0x400010e0                IVOR14_Vector
                0x400010f0                IVOR15_Vector

.intc_vector_table
                0x40002000      0xbc8
 *(.intc_vector_table)
 .intc_vector_table
                0x40002000      0xbc8 ./src/intc_SW_mode_isr_vectors_MPC5748G.o
                0x40002000                IntcIsrVectorTable

.text           0x40002bd0      0x460
 *(.text.startup)
 *(.text)
 .text          0x40002bd0      0x16c c:/nxp/s32ds_power_v2.1/s32ds/build_tools/powerpc-eabivle-4_9/bin/../lib/gcc/powerpc-eabivle/4.9.4/e200z4/fp/crtbegin.o
 *fill*         0x40002d3c        0x4 
 .text          0x40002d40       0x48 ./src/intc_sw_handlers.o
                0x40002d40                IVOR4_Handler
 .text          0x40002d88       0x4a c:/nxp/s32ds_power_v2.1/s32ds/build_tools/powerpc-eabivle-4_9/bin/../lib/gcc/powerpc-eabivle/4.9.4/e200z4/fp\libgcc.a(eabivle.o)
                0x40002d88                __eabi
 *fill*         0x40002dd2        0x2 
 .text          0x40002dd4       0x48 c:/nxp/s32ds_power_v2.1/s32ds/build_tools/powerpc-eabivle-4_9/bin/../lib/gcc/powerpc-eabivle/4.9.4/e200z4/fp/crtend.o
 *(.text.*)
 .text.SetIVPR  0x40002e1c       0x1a ./src/MPC57xx__Interrupt_Init.o
                0x40002e1c                SetIVPR
 *fill*         0x40002e36        0x2 
 .text.InitINTC
                0x40002e38       0x54 ./src/MPC57xx__Interrupt_Init.o
                0x40002e38                InitINTC
 .text.enableIrq
                0x40002e8c       0x36 ./src/MPC57xx__Interrupt_Init.o
                0x40002e8c                enableIrq
 *fill*         0x40002ec2        0x2 
 .text.xcptn_xmpl
                0x40002ec4       0x34 ./src/MPC57xx__Interrupt_Init.o
                0x40002ec4                xcptn_xmpl
 .text.dummy    0x40002ef8        0xc ./src/intc_SW_mode_isr_vectors_MPC5748G.o
                0x40002ef8                dummy
 .text.hw_init  0x40002f04       0x68 ./src/main_Z4_0.o
                0x40002f04                hw_init
 .text.main     0x40002f6c       0x80 ./src/main_Z4_0.o
                0x40002f6c                main
 *(.init)
 .init          0x40002fec        0xc c:/nxp/s32ds_power_v2.1/s32ds/build_tools/powerpc-eabivle-4_9/bin/../lib/gcc/powerpc-eabivle/4.9.4/e200z4/fp/ecrti.o
                0x40002fec                __init
 .init          0x40002ff8        0x4 c:/nxp/s32ds_power_v2.1/s32ds/build_tools/powerpc-eabivle-4_9/bin/../lib/gcc/powerpc-eabivle/4.9.4/e200z4/fp/crtbegin.o
 .init          0x40002ffc        0x4 c:/nxp/s32ds_power_v2.1/s32ds/build_tools/powerpc-eabivle-4_9/bin/../lib/gcc/powerpc-eabivle/4.9.4/e200z4/fp/crtend.o
 .init          0x40003000        0xa c:/nxp/s32ds_power_v2.1/s32ds/build_tools/powerpc-eabivle-4_9/bin/../lib/gcc/powerpc-eabivle/4.9.4/e200z4/fp/ecrtn.o
 *(.fini)
 *fill*         0x4000300a        0x2 
 .fini          0x4000300c        0xc c:/nxp/s32ds_power_v2.1/s32ds/build_tools/powerpc-eabivle-4_9/bin/../lib/gcc/powerpc-eabivle/4.9.4/e200z4/fp/ecrti.o
                0x4000300c                __fini
 .fini          0x40003018        0x4 c:/nxp/s32ds_power_v2.1/s32ds/build_tools/powerpc-eabivle-4_9/bin/../lib/gcc/powerpc-eabivle/4.9.4/e200z4/fp/crtbegin.o
 .fini          0x4000301c        0xa c:/nxp/s32ds_power_v2.1/s32ds/build_tools/powerpc-eabivle-4_9/bin/../lib/gcc/powerpc-eabivle/4.9.4/e200z4/fp/ecrtn.o
                0x40003030                . = ALIGN (0x10)
 *fill*         0x40003026        0xa 

.glink          0x40003030        0x0
 .glink         0x40003030        0x0 c:/nxp/s32ds_power_v2.1/s32ds/build_tools/powerpc-eabivle-4_9/bin/../lib/gcc/powerpc-eabivle/4.9.4/e200z4/fp/crtbegin.o

.ctors          0x40003030        0x8
                0x40003030                __CTOR_LIST__ = .
 *crtbegin.o(.ctors)
 .ctors         0x40003030        0x4 c:/nxp/s32ds_power_v2.1/s32ds/build_tools/powerpc-eabivle-4_9/bin/../lib/gcc/powerpc-eabivle/4.9.4/e200z4/fp/crtbegin.o
 *crtbegin?.o(.ctors)
 *(EXCLUDE_FILE(*crtend.o *crtend?.o) .ctors)
 .ctors         0x40003034        0x0 c:/nxp/s32ds_power_v2.1/s32ds/build_tools/powerpc-eabivle-4_9/bin/../lib/gcc/powerpc-eabivle/4.9.4/e200z4/fp/ecrti.o
 .ctors         0x40003034        0x0 c:/nxp/s32ds_power_v2.1/s32ds/build_tools/powerpc-eabivle-4_9/bin/../lib/gcc/powerpc-eabivle/4.9.4/e200z4/fp/ecrtn.o
 *(SORT(.ctors.*))
 *(.ctors)
 .ctors         0x40003034        0x4 c:/nxp/s32ds_power_v2.1/s32ds/build_tools/powerpc-eabivle-4_9/bin/../lib/gcc/powerpc-eabivle/4.9.4/e200z4/fp/crtend.o
                0x40003038                __CTOR_END__ = .

.dtors          0x40003038        0x8
                0x40003038                __DTOR_LIST__ = .
 *crtbegin.o(.dtors)
 .dtors         0x40003038        0x4 c:/nxp/s32ds_power_v2.1/s32ds/build_tools/powerpc-eabivle-4_9/bin/../lib/gcc/powerpc-eabivle/4.9.4/e200z4/fp/crtbegin.o
 *crtbegin?.o(.dtors)
 *(EXCLUDE_FILE(*crtend.o *crtend?.o) .dtors)
 .dtors         0x4000303c        0x0 c:/nxp/s32ds_power_v2.1/s32ds/build_tools/powerpc-eabivle-4_9/bin/../lib/gcc/powerpc-eabivle/4.9.4/e200z4/fp/ecrti.o
 .dtors         0x4000303c        0x0 c:/nxp/s32ds_power_v2.1/s32ds/build_tools/powerpc-eabivle-4_9/bin/../lib/gcc/powerpc-eabivle/4.9.4/e200z4/fp/ecrtn.o
 *(SORT(.dtors.*))
 *(.dtors)
 .dtors         0x4000303c        0x4 c:/nxp/s32ds_power_v2.1/s32ds/build_tools/powerpc-eabivle-4_9/bin/../lib/gcc/powerpc-eabivle/4.9.4/e200z4/fp/crtend.o
                0x40003040                __DTOR_END__ = .

.preinit_array  0x40003040        0x0
                [!provide]                PROVIDE (__preinit_array_start, .)
 *(.preinit_array*)
                [!provide]                PROVIDE (__preinit_array_end, .)

.init_array     0x40003040        0x0
                [!provide]                PROVIDE (__init_array_start, .)
 *(SORT(.init_array.*))
 *(.init_array*)
                [!provide]                PROVIDE (__init_array_end, .)

.fini_array     0x40003040        0x0
                [!provide]                PROVIDE (__fini_array_start, .)
 *(SORT(.fini_array.*))
 *(.fini_array*)
                [!provide]                PROVIDE (__fini_array_end, .)

.rodata
 *(.rodata)
 *(.rodata.*)
 *(.got1)

.sdata2         0x40003040        0x0
 *(.sdata2)
 .sdata2        0x40003040        0x0 c:/nxp/s32ds_power_v2.1/s32ds/build_tools/powerpc-eabivle-4_9/bin/../lib/gcc/powerpc-eabivle/4.9.4/e200z4/fp/ecrti.o
 .sdata2        0x40003040        0x0 c:/nxp/s32ds_power_v2.1/s32ds/build_tools/powerpc-eabivle-4_9/bin/../lib/gcc/powerpc-eabivle/4.9.4/e200z4/fp/crtbegin.o
 *(.sdata2.*)

.sbss2          0x40003040        0x0
 *(.sbss2)
 .sbss2         0x40003040        0x0 c:/nxp/s32ds_power_v2.1/s32ds/build_tools/powerpc-eabivle-4_9/bin/../lib/gcc/powerpc-eabivle/4.9.4/e200z4/fp/ecrtn.o
 *(.sbss2.*)

.rela.dyn       0x40003040        0x0
 .rela.iplt     0x40003040        0x0 c:/nxp/s32ds_power_v2.1/s32ds/build_tools/powerpc-eabivle-4_9/bin/../lib/gcc/powerpc-eabivle/4.9.4/e200z4/fp/crtbegin.o
 .rela.text     0x40003040        0x0 c:/nxp/s32ds_power_v2.1/s32ds/build_tools/powerpc-eabivle-4_9/bin/../lib/gcc/powerpc-eabivle/4.9.4/e200z4/fp/crtbegin.o
 .rela.text.InitINTC
                0x40003040        0x0 c:/nxp/s32ds_power_v2.1/s32ds/build_tools/powerpc-eabivle-4_9/bin/../lib/gcc/powerpc-eabivle/4.9.4/e200z4/fp/crtbegin.o
 .rela.text.xcptn_xmpl
                0x40003040        0x0 c:/nxp/s32ds_power_v2.1/s32ds/build_tools/powerpc-eabivle-4_9/bin/../lib/gcc/powerpc-eabivle/4.9.4/e200z4/fp/crtbegin.o
 .rela.got2     0x40003040        0x0 c:/nxp/s32ds_power_v2.1/s32ds/build_tools/powerpc-eabivle-4_9/bin/../lib/gcc/powerpc-eabivle/4.9.4/e200z4/fp/crtbegin.o

.eh_frame_hdr
 *(.eh_frame_hdr)

.eh_frame       0x40003040        0x8
 *(.eh_frame)
 .eh_frame      0x40003040        0x0 c:/nxp/s32ds_power_v2.1/s32ds/build_tools/powerpc-eabivle-4_9/bin/../lib/gcc/powerpc-eabivle/4.9.4/e200z4/fp/ecrti.o
                0x40003040                __EH_FRAME_BEGIN__
 .eh_frame      0x40003040        0x0 c:/nxp/s32ds_power_v2.1/s32ds/build_tools/powerpc-eabivle-4_9/bin/../lib/gcc/powerpc-eabivle/4.9.4/e200z4/fp/crtbegin.o
 .eh_frame      0x40003040        0x0 c:/nxp/s32ds_power_v2.1/s32ds/build_tools/powerpc-eabivle-4_9/bin/../lib/gcc/powerpc-eabivle/4.9.4/e200z4/fp/crtbegin.o
 .eh_frame      0x40003040        0x4 c:/nxp/s32ds_power_v2.1/s32ds/build_tools/powerpc-eabivle-4_9/bin/../lib/gcc/powerpc-eabivle/4.9.4/e200z4/fp/crtend.o
 .eh_frame      0x40003044        0x4 c:/nxp/s32ds_power_v2.1/s32ds/build_tools/powerpc-eabivle-4_9/bin/../lib/gcc/powerpc-eabivle/4.9.4/e200z4/fp/ecrtn.o
                0x40003044                __EH_FRAME_END__

.data           0x40003048       0x20
 *(.data)
 .data          0x40003048        0x4 c:/nxp/s32ds_power_v2.1/s32ds/build_tools/powerpc-eabivle-4_9/bin/../lib/gcc/powerpc-eabivle/4.9.4/e200z4/fp\libgcc.a(eabivle.o)
 *(.data.*)
 *(.got.plt)
 *(.got)
 *(.got2)
 .got2          0x4000304c       0x1c c:/nxp/s32ds_power_v2.1/s32ds/build_tools/powerpc-eabivle-4_9/bin/../lib/gcc/powerpc-eabivle/4.9.4/e200z4/fp\libgcc.a(eabivle.o)
 *(.dynamic)
 *(.fixup)
                0x40003068                . = ALIGN (0x4)

.jcr            0x40003068        0x0
 .jcr           0x40003068        0x0 c:/nxp/s32ds_power_v2.1/s32ds/build_tools/powerpc-eabivle-4_9/bin/../lib/gcc/powerpc-eabivle/4.9.4/e200z4/fp/crtbegin.o

.tm_clone_table
                0x40003068        0x0
 .tm_clone_table
                0x40003068        0x0 c:/nxp/s32ds_power_v2.1/s32ds/build_tools/powerpc-eabivle-4_9/bin/../lib/gcc/powerpc-eabivle/4.9.4/e200z4/fp/crtbegin.o
 .tm_clone_table
                0x40003068        0x0 c:/nxp/s32ds_power_v2.1/s32ds/build_tools/powerpc-eabivle-4_9/bin/../lib/gcc/powerpc-eabivle/4.9.4/e200z4/fp/crtend.o

.sdata          0x40003068        0x0
 *(.sdata)
 .sdata         0x40003068        0x0 c:/nxp/s32ds_power_v2.1/s32ds/build_tools/powerpc-eabivle-4_9/bin/../lib/gcc/powerpc-eabivle/4.9.4/e200z4/fp/ecrti.o
 .sdata         0x40003068        0x0 c:/nxp/s32ds_power_v2.1/s32ds/build_tools/powerpc-eabivle-4_9/bin/../lib/gcc/powerpc-eabivle/4.9.4/e200z4/fp/crtbegin.o
 *(.sdata.*)
                0x40003068                __BSS_START = .

.sbss           0x40003068        0x0
 *(.sbss)
 .sbss          0x40003068        0x0 c:/nxp/s32ds_power_v2.1/s32ds/build_tools/powerpc-eabivle-4_9/bin/../lib/gcc/powerpc-eabivle/4.9.4/e200z4/fp/ecrtn.o
 *(.sbss.*)

.bss            0x40003068       0x20
 *(.bss)
 .bss           0x40003068       0x20 c:/nxp/s32ds_power_v2.1/s32ds/build_tools/powerpc-eabivle-4_9/bin/../lib/gcc/powerpc-eabivle/4.9.4/e200z4/fp/crtbegin.o
 *(.bss.*)
 *(COMMON)
                0x40003088                __BSS_END = .

.iplt           0x40003090        0x0
 .iplt          0x40003090        0x0 c:/nxp/s32ds_power_v2.1/s32ds/build_tools/powerpc-eabivle-4_9/bin/../lib/gcc/powerpc-eabivle/4.9.4/e200z4/fp/crtbegin.o

.stack          0x40003090     0x1004
                0x40003090                __HEAP = .
                [!provide]                PROVIDE (_end, .)
                [!provide]                PROVIDE (end, .)
                0x40003090                . = (. + __HEAP_SIZE)
                0x40003090                __HEAP_END = .
                0x40003090                _stack_end = .
                0x40004090                . = (. + __STACK_SIZE)
 *fill*         0x40003090     0x1000 
                0x40004090                _stack_addr = .
                0x40004090                __SP_INIT = .
                0x40004094                . = (. + 0x4)
 *fill*         0x40004090        0x4 
                0x40003048                __DATA_SRAM_ADDR = ADDR (.data)
                0x40003068                __SDATA_SRAM_ADDR = ADDR (.sdata)
                0x00000020                __DATA_SIZE = SIZEOF (.data)
                0x00000000                __SDATA_SIZE = SIZEOF (.sdata)
                0x40003048                __DATA_ROM_ADDR = LOADADDR (.data)
                0x40003068                __SDATA_ROM_ADDR = LOADADDR (.sdata)
                0x0003cf98                __SRAM_SIZE = (SRAM_SIZE - (__BSS_START - SRAM_BASE_ADDR))
                0x40003068                __SRAM_BASE_ADDR = __BSS_START
                0x00000020                __BSS_SIZE = (__BSS_END - __BSS_START)
OUTPUT(SIUL2_CodeExample_Z4_0.elf elf32-powerpc)

.comment        0x00000000       0x9c
 .comment       0x00000000        0xd c:/nxp/s32ds_power_v2.1/s32ds/build_tools/powerpc-eabivle-4_9/bin/../lib/gcc/powerpc-eabivle/4.9.4/e200z4/fp/ecrti.o
                                  0xe (size before relaxing)
 .comment       0x0000000d       0x82 c:/nxp/s32ds_power_v2.1/s32ds/build_tools/powerpc-eabivle-4_9/bin/../lib/gcc/powerpc-eabivle/4.9.4/e200z4/fp/crtbegin.o
                                 0x83 (size before relaxing)
 .comment       0x0000008f       0x83 ./src/MPC57xx__Interrupt_Init.o
 .comment       0x0000008f       0x83 ./src/Vector.o
 .comment       0x0000008f       0x83 ./src/intc_SW_mode_isr_vectors_MPC5748G.o
 .comment       0x0000008f       0x83 ./src/main_Z4_0.o
 .comment       0x0000008f       0x83 c:/nxp/s32ds_power_v2.1/s32ds/build_tools/powerpc-eabivle-4_9/bin/../lib/gcc/powerpc-eabivle/4.9.4/e200z4/fp/crtend.o
 .comment       0x0000008f        0xd c:/nxp/s32ds_power_v2.1/s32ds/build_tools/powerpc-eabivle-4_9/bin/../lib/gcc/powerpc-eabivle/4.9.4/e200z4/fp/ecrtn.o
                                  0xe (size before relaxing)

.PPC.EMB.apuinfo
                0x00000000       0x18
 .PPC.EMB.apuinfo
                0x00000000       0x18 c:/nxp/s32ds_power_v2.1/s32ds/build_tools/powerpc-eabivle-4_9/bin/../lib/gcc/powerpc-eabivle/4.9.4/e200z4/fp/ecrti.o
 .PPC.EMB.apuinfo
                0x00000018       0x18 c:/nxp/s32ds_power_v2.1/s32ds/build_tools/powerpc-eabivle-4_9/bin/../lib/gcc/powerpc-eabivle/4.9.4/e200z4/fp/crtbegin.o
 .PPC.EMB.apuinfo
                0x00000030       0x18 ./Project_Settings/Startup_Code/startup.o
 .PPC.EMB.apuinfo
                0x00000048       0x18 ./src/MPC57xx__Interrupt_Init.o
 .PPC.EMB.apuinfo
                0x00000060       0x18 ./src/Vector.o
 .PPC.EMB.apuinfo
                0x00000078       0x18 ./src/intc_SW_mode_isr_vectors_MPC5748G.o
 .PPC.EMB.apuinfo
                0x00000090       0x18 ./src/intc_sw_handlers.o
 .PPC.EMB.apuinfo
                0x000000a8       0x18 ./src/main_Z4_0.o
 .PPC.EMB.apuinfo
                0x000000c0       0x18 c:/nxp/s32ds_power_v2.1/s32ds/build_tools/powerpc-eabivle-4_9/bin/../lib/gcc/powerpc-eabivle/4.9.4/e200z4/fp\libgcc.a(eabivle.o)
 .PPC.EMB.apuinfo
                0x000000d8       0x18 c:/nxp/s32ds_power_v2.1/s32ds/build_tools/powerpc-eabivle-4_9/bin/../lib/gcc/powerpc-eabivle/4.9.4/e200z4/fp/crtend.o
 .PPC.EMB.apuinfo
                0x000000f0       0x18 c:/nxp/s32ds_power_v2.1/s32ds/build_tools/powerpc-eabivle-4_9/bin/../lib/gcc/powerpc-eabivle/4.9.4/e200z4/fp/ecrtn.o

.debug_line     0x00000000      0x8d2
 .debug_line    0x00000000       0xd9 ./Project_Settings/Startup_Code/startup.o
 .debug_line    0x000000d9      0x26a ./src/MPC57xx__Interrupt_Init.o
 .debug_line    0x00000343      0x104 ./src/Vector.o
 .debug_line    0x00000447      0x206 ./src/intc_SW_mode_isr_vectors_MPC5748G.o
 .debug_line    0x0000064d       0x5d ./src/intc_sw_handlers.o
 .debug_line    0x000006aa      0x228 ./src/main_Z4_0.o

.debug_info     0x00000000     0x35a8
 .debug_info    0x00000000       0x9d ./Project_Settings/Startup_Code/startup.o
 .debug_info    0x0000009d      0x600 ./src/MPC57xx__Interrupt_Init.o
 .debug_info    0x0000069d       0x21 ./src/Vector.o
 .debug_info    0x000006be       0xb4 ./src/intc_SW_mode_isr_vectors_MPC5748G.o
 .debug_info    0x00000772       0x8c ./src/intc_sw_handlers.o
 .debug_info    0x000007fe     0x2daa ./src/main_Z4_0.o

.debug_abbrev   0x00000000      0x362
 .debug_abbrev  0x00000000       0x14 ./Project_Settings/Startup_Code/startup.o
 .debug_abbrev  0x00000014      0x15f ./src/MPC57xx__Interrupt_Init.o
 .debug_abbrev  0x00000173       0x13 ./src/Vector.o
 .debug_abbrev  0x00000186       0x7c ./src/intc_SW_mode_isr_vectors_MPC5748G.o
 .debug_abbrev  0x00000202       0x14 ./src/intc_sw_handlers.o
 .debug_abbrev  0x00000216      0x14c ./src/main_Z4_0.o

.debug_aranges  0x00000000       0xd8
 .debug_aranges
                0x00000000       0x20 ./Project_Settings/Startup_Code/startup.o
 .debug_aranges
                0x00000020       0x38 ./src/MPC57xx__Interrupt_Init.o
 .debug_aranges
                0x00000058       0x18 ./src/Vector.o
 .debug_aranges
                0x00000070       0x20 ./src/intc_SW_mode_isr_vectors_MPC5748G.o
 .debug_aranges
                0x00000090       0x20 ./src/intc_sw_handlers.o
 .debug_aranges
                0x000000b0       0x28 ./src/main_Z4_0.o

.debug_ranges   0x00000000       0x50
 .debug_ranges  0x00000000       0x28 ./src/MPC57xx__Interrupt_Init.o
 .debug_ranges  0x00000028       0x10 ./src/intc_SW_mode_isr_vectors_MPC5748G.o
 .debug_ranges  0x00000038       0x18 ./src/main_Z4_0.o

.debug_macro    0x00000000    0x190b9
 .debug_macro   0x00000000       0xc9 ./src/MPC57xx__Interrupt_Init.o
 .debug_macro   0x000000c9      0x622 ./src/MPC57xx__Interrupt_Init.o
 .debug_macro   0x000006eb       0x52 ./src/MPC57xx__Interrupt_Init.o
 .debug_macro   0x0000073d       0xa0 ./src/MPC57xx__Interrupt_Init.o
 .debug_macro   0x000007dd       0x16 ./src/MPC57xx__Interrupt_Init.o
 .debug_macro   0x000007f3       0x5e ./src/MPC57xx__Interrupt_Init.o
 .debug_macro   0x00000851      0x1aa ./src/MPC57xx__Interrupt_Init.o
 .debug_macro   0x000009fb      0x13a ./src/MPC57xx__Interrupt_Init.o
 .debug_macro   0x00000b35       0x9d ./src/MPC57xx__Interrupt_Init.o
 .debug_macro   0x00000bd2       0x10 ./src/MPC57xx__Interrupt_Init.o
 .debug_macro   0x00000be2      0x15b ./src/MPC57xx__Interrupt_Init.o
 .debug_macro   0x00000d3d       0x28 ./src/MPC57xx__Interrupt_Init.o
 .debug_macro   0x00000d65       0x58 ./src/MPC57xx__Interrupt_Init.o
 .debug_macro   0x00000dbd    0x1812c ./src/MPC57xx__Interrupt_Init.o
 .debug_macro   0x00018ee9       0x2e ./src/MPC57xx__Interrupt_Init.o
 .debug_macro   0x00018f17       0x41 ./src/Vector.o
 .debug_macro   0x00018f58       0xa1 ./src/intc_SW_mode_isr_vectors_MPC5748G.o
 .debug_macro   0x00018ff9       0xc0 ./src/main_Z4_0.o

.debug_str      0x00000000    0x6d331
 .debug_str     0x00000000    0x6c110 ./src/MPC57xx__Interrupt_Init.o
                              0x6c1b4 (size before relaxing)
 .debug_str     0x0006c110       0x75 ./src/Vector.o
                               0x24e1 (size before relaxing)
 .debug_str     0x0006c185       0x31 ./src/intc_SW_mode_isr_vectors_MPC5748G.o
                               0x3a98 (size before relaxing)
 .debug_str     0x0006c1b6     0x117b ./src/main_Z4_0.o
                              0x6cfe9 (size before relaxing)

.debug_frame    0x00000000      0x11c
 .debug_frame   0x00000000       0xa0 ./src/MPC57xx__Interrupt_Init.o
 .debug_frame   0x000000a0       0x2c ./src/intc_SW_mode_isr_vectors_MPC5748G.o
 .debug_frame   0x000000cc       0x50 ./src/main_Z4_0.o
