13:59:23 **** Incremental Build of configuration Debug_RAM for project MPC5748G_SIU2_Z4_0 ****
make -j8 all 
Building file: ../src/main.c
Invoking: Standard S32DS C Compiler
powerpc-eabivle-gcc "@src/MPC57xx__Interrupt_Init.args" -MMD -MP -MF"src/main.d" -MT"src/main.o" -o "src/main.o" "../src/main.c"
Finished building: ../src/main.c
 
Building target: MPC5748G_SIU2_Z4_0.elf
Invoking: Standard S32DS C Linker
powerpc-eabivle-gcc -o "MPC5748G_SIU2_Z4_0.elf" "@MPC5748G_SIU2_Z4_0.args"    
Finished building target: MPC5748G_SIU2_Z4_0.elf
 
Invoking: Standard S32DS Print Size
powerpc-eabivle-size --format=berkeley MPC5748G_SIU2_Z4_0.elf
   text	   data	    bss	    dec	    hex	filename
   4842	     56	   4132	   9030	   2346	MPC5748G_SIU2_Z4_0.elf
Finished building: MPC5748G_SIU2_Z4_0.siz
 
14:00:03 **** Incremental Build of configuration Debug_RAM for project MPC5748G_SIU2_Z4_0 ****
make -j8 all 
Invoking: Standard S32DS Print Size
powerpc-eabivle-size --format=berkeley MPC5748G_SIU2_Z4_0.elf
   text	   data	    bss	    dec	    hex	filename
   4842	     56	   4132	   9030	   2346	MPC5748G_SIU2_Z4_0.elf
Finished building: MPC5748G_SIU2_Z4_0.siz
 
